Address  Size     Align Out     In      Symbol
00000220 000169ee  4096 .text
00000220 00000116    16         /home/gl055/Research/Bootloaders/auto-harness-generation/edk2/Build/OvmfX64/DEBUG_CLANGPDB/X64/MdePkg/Library/BaseIoLibIntrinsic/BaseIoLibIntrinsicSev/OUTPUT/X64/IoFifoSev.obj:(.text)
00000220 00000000     0                 SevNoRepIo
0000025a 00000000     0                 @UseRepIo
0000025c 00000000     0                 @SevNoRepIo_Done
00000260 00000000     0                 SevIoReadFifo8
00000274 00000000     0                 @IoReadFifo8_NoRep
00000276 00000000     0                 @IoReadFifo8_Loop
0000027e 00000000     0                 @IoReadFifo8_Done
00000282 00000000     0                 SevIoReadFifo16
00000297 00000000     0                 @IoReadFifo16_NoRep
00000299 00000000     0                 @IoReadFifo16_Loop
000002a4 00000000     0                 @IoReadFifo16_Done
000002a8 00000000     0                 SevIoReadFifo32
000002bc 00000000     0                 @IoReadFifo32_NoRep
000002be 00000000     0                 @IoReadFifo32_Loop
000002c7 00000000     0                 @IoReadFifo32_Done
000002cb 00000000     0                 SevIoWriteFifo8
000002cb 00000000     0                 SevIoWriteFifo8
000002df 00000000     0                 @IoWriteFifo8_NoRep
000002e1 00000000     0                 @IoWriteFifo8_Loop
000002e9 00000000     0                 @IoWriteFifo8_Done
000002ed 00000000     0                 SevIoWriteFifo16
00000302 00000000     0                 @IoWriteFifo16_NoRep
00000304 00000000     0                 @IoWriteFifo16_Loop
0000030f 00000000     0                 @IoWriteFifo16_Done
00000313 00000000     0                 SevIoWriteFifo32
00000327 00000000     0                 @IoWriteFifo32_NoRep
00000329 00000000     0                 @IoWriteFifo32_Loop
00000332 00000000     0                 @IoWriteFifo32_Done
00000340 00000011    16         /home/gl055/Research/Bootloaders/auto-harness-generation/edk2/Build/OvmfX64/DEBUG_CLANGPDB/X64/MdePkg/Library/BaseMemoryLibRepStr/BaseMemoryLibRepStr/OUTPUT/X64/SetMem.obj:(.text)
00000340 00000000     0                 InternalMemSetMem
00000340 00000000     0                 InternalMemSetMem
00000360 0000003c    16         /home/gl055/Research/Bootloaders/auto-harness-generation/edk2/Build/OvmfX64/DEBUG_CLANGPDB/X64/MdePkg/Library/BaseMemoryLibRepStr/BaseMemoryLibRepStr/OUTPUT/X64/CopyMem.obj:(.text)
00000360 00000000     0                 InternalMemCopyMem
00000360 00000000     0                 InternalMemCopyMem
0000037a 00000000     0                 InternalMemCopyMem.0
0000038a 00000000     0                 @CopyBackward
00000393 00000000     0                 @CopyBytes
000003a0 0000001d    16         /home/gl055/Research/Bootloaders/auto-harness-generation/edk2/Build/OvmfX64/DEBUG_CLANGPDB/X64/MdePkg/Library/BaseMemoryLibRepStr/BaseMemoryLibRepStr/OUTPUT/X64/ZeroMem.obj:(.text)
000003a0 00000000     0                 InternalMemZeroMem
000003a0 00000000     0                 InternalMemZeroMem
000003c0 0000002a    16         /home/gl055/Research/Bootloaders/auto-harness-generation/edk2/Build/OvmfX64/DEBUG_CLANGPDB/X64/MdePkg/Library/BaseMemoryLibRepStr/BaseMemoryLibRepStr/OUTPUT/X64/IsZeroBuffer.obj:(.text)
000003c0 00000000     0                 InternalMemIsZeroBuffer
000003c0 00000000     0                 InternalMemIsZeroBuffer
000003e5 00000000     0                 @ReturnFalse
000003f0 0000001d    16         /home/gl055/Research/Bootloaders/auto-harness-generation/edk2/Build/OvmfX64/DEBUG_CLANGPDB/X64/MdePkg/Library/BaseMemoryLibRepStr/BaseMemoryLibRepStr/OUTPUT/X64/CompareMem.obj:(.text)
000003f0 00000000     0                 InternalMemCompareMem
000003f0 00000000     0                 InternalMemCompareMem
00000410 00000081    16         /home/gl055/Research/Bootloaders/auto-harness-generation/edk2/Build/OvmfX64/DEBUG_CLANGPDB/X64/MdePkg/Library/BaseLib/BaseLib/OUTPUT/X64/TdVmcall.obj:(.text)
00000410 00000000     0                 TdVmCall
00000410 00000000     0                 TdVmCall
0000046e 00000000     0                 TdVmCall.no_return_data
000004a0 00000012    16         /home/gl055/Research/Bootloaders/auto-harness-generation/edk2/Build/OvmfX64/DEBUG_CLANGPDB/X64/MdePkg/Library/BaseMemoryLibRepStr/BaseMemoryLibRepStr/OUTPUT/X64/SetMem64.obj:(.text)
000004a0 00000000     0                 InternalMemSetMem64
000004c0 00000012    16         /home/gl055/Research/Bootloaders/auto-harness-generation/edk2/Build/OvmfX64/DEBUG_CLANGPDB/X64/MdePkg/Library/BaseMemoryLibRepStr/BaseMemoryLibRepStr/OUTPUT/X64/SetMem16.obj:(.text)
000004c0 00000000     0                 InternalMemSetMem16
000004c0 00000000     0                 InternalMemSetMem16
000004e0 00000058    16         /home/gl055/Research/Bootloaders/auto-harness-generation/edk2/Build/OvmfX64/DEBUG_CLANGPDB/X64/MdePkg/Library/BaseLib/BaseLib/OUTPUT/X64/TdCall.obj:(.text)
000004e0 00000000     0                 TdCall
0000052b 00000000     0                 TdCall.exit
00000538 00000000     4         /home/gl055/Research/Bootloaders/auto-harness-generation/edk2/Build/OvmfX64/DEBUG_CLANGPDB/X64/MdeModulePkg/Application/UiApp/UiApp/DEBUG/UiApp.dll.lto.obj:(.text)
00000538 00000076     1         /home/gl055/Research/Bootloaders/auto-harness-generation/edk2/Build/OvmfX64/DEBUG_CLANGPDB/X64/MdeModulePkg/Application/UiApp/UiApp/DEBUG/UiApp.dll.lto.obj:(.text$AllocateCopyPool)
00000538 00000000     0                 AllocateCopyPool
000005ae 00000023     1         /home/gl055/Research/Bootloaders/auto-harness-generation/edk2/Build/OvmfX64/DEBUG_CLANGPDB/X64/MdeModulePkg/Application/UiApp/UiApp/DEBUG/UiApp.dll.lto.obj:(.text$AsciiSPrint)
000005ae 00000000     0                 AsciiSPrint
000005d1 0000006a     1         /home/gl055/Research/Bootloaders/auto-harness-generation/edk2/Build/OvmfX64/DEBUG_CLANGPDB/X64/MdeModulePkg/Application/UiApp/UiApp/DEBUG/UiApp.dll.lto.obj:(.text$AsciiStrLen)
000005d1 00000000     0                 AsciiStrLen
0000063b 00000011     1         /home/gl055/Research/Bootloaders/auto-harness-generation/edk2/Build/OvmfX64/DEBUG_CLANGPDB/X64/MdeModulePkg/Application/UiApp/UiApp/DEBUG/UiApp.dll.lto.obj:(.text$AsciiStrSize)
0000063b 00000000     0                 AsciiStrSize
0000064c 00000253     1         /home/gl055/Research/Bootloaders/auto-harness-generation/edk2/Build/OvmfX64/DEBUG_CLANGPDB/X64/MdeModulePkg/Application/UiApp/UiApp/DEBUG/UiApp.dll.lto.obj:(.text$AsciiStrToUnicodeStrS)
0000064c 00000000     0                 AsciiStrToUnicodeStrS
0000089f 000000bd     1         /home/gl055/Research/Bootloaders/auto-harness-generation/edk2/Build/OvmfX64/DEBUG_CLANGPDB/X64/MdeModulePkg/Application/UiApp/UiApp/DEBUG/UiApp.dll.lto.obj:(.text$AsciiStrnCmp)
0000089f 00000000     0                 AsciiStrnCmp
0000095c 00000022     1         /home/gl055/Research/Bootloaders/auto-harness-generation/edk2/Build/OvmfX64/DEBUG_CLANGPDB/X64/MdeModulePkg/Application/UiApp/UiApp/DEBUG/UiApp.dll.lto.obj:(.text$AsciiStrnLenS)
0000095c 00000000     0                 AsciiStrnLenS
0000097e 0000001f     1         /home/gl055/Research/Bootloaders/auto-harness-generation/edk2/Build/OvmfX64/DEBUG_CLANGPDB/X64/MdeModulePkg/Application/UiApp/UiApp/DEBUG/UiApp.dll.lto.obj:(.text$AsciiVSPrint)
0000097e 00000000     0                 AsciiVSPrint
0000099d 0000005f     1         /home/gl055/Research/Bootloaders/auto-harness-generation/edk2/Build/OvmfX64/DEBUG_CLANGPDB/X64/MdeModulePkg/Application/UiApp/UiApp/DEBUG/UiApp.dll.lto.obj:(.text$BOpt_CreateMenuEntry)
0000099d 00000000     0                 BOpt_CreateMenuEntry
000009fc 000000cc     4         /home/gl055/Research/Bootloaders/auto-harness-generation/edk2/Build/OvmfX64/DEBUG_CLANGPDB/X64/MdeModulePkg/Application/UiApp/UiApp/DEBUG/UiApp.dll.lto.obj:(.text$BOpt_DestroyMenuEntry)
000009fc 00000000     0                 BOpt_DestroyMenuEntry
00000ac8 00000076     1         /home/gl055/Research/Bootloaders/auto-harness-generation/edk2/Build/OvmfX64/DEBUG_CLANGPDB/X64/MdeModulePkg/Application/UiApp/UiApp/DEBUG/UiApp.dll.lto.obj:(.text$BOpt_FreeMenu)
00000ac8 00000000     0                 BOpt_FreeMenu
00000b3e 000003a9     1         /home/gl055/Research/Bootloaders/auto-harness-generation/edk2/Build/OvmfX64/DEBUG_CLANGPDB/X64/MdeModulePkg/Application/UiApp/UiApp/DEBUG/UiApp.dll.lto.obj:(.text$BOpt_GetBootOptions)
00000b3e 00000000     0                 BOpt_GetBootOptions
00000ee7 00000274     1         /home/gl055/Research/Bootloaders/auto-harness-generation/edk2/Build/OvmfX64/DEBUG_CLANGPDB/X64/MdeModulePkg/Application/UiApp/UiApp/DEBUG/UiApp.dll.lto.obj:(.text$BOpt_GetDriverOptions)
00000ee7 00000000     0                 BOpt_GetDriverOptions
0000115b 0000006b     1         /home/gl055/Research/Bootloaders/auto-harness-generation/edk2/Build/OvmfX64/DEBUG_CLANGPDB/X64/MdeModulePkg/Application/UiApp/UiApp/DEBUG/UiApp.dll.lto.obj:(.text$BOpt_GetMenuEntry)
0000115b 00000000     0                 BOpt_GetMenuEntry
000011c6 000000f2     1         /home/gl055/Research/Bootloaders/auto-harness-generation/edk2/Build/OvmfX64/DEBUG_CLANGPDB/X64/MdeModulePkg/Application/UiApp/UiApp/DEBUG/UiApp.dll.lto.obj:(.text$BOpt_GetOptionNumber)
000011c6 00000000     0                 BOpt_GetOptionNumber
000012b8 00000031     1         /home/gl055/Research/Bootloaders/auto-harness-generation/edk2/Build/OvmfX64/DEBUG_CLANGPDB/X64/MdeModulePkg/Application/UiApp/UiApp/DEBUG/UiApp.dll.lto.obj:(.text$BasePrintLibFillBuffer)
000012b8 00000000     0                 BasePrintLibFillBuffer
000012e9 00000026     1         /home/gl055/Research/Bootloaders/auto-harness-generation/edk2/Build/OvmfX64/DEBUG_CLANGPDB/X64/MdeModulePkg/Application/UiApp/UiApp/DEBUG/UiApp.dll.lto.obj:(.text$BasePrintLibSPrint)
000012e9 00000000     0                 BasePrintLibSPrint
00001310 000010f8     4         /home/gl055/Research/Bootloaders/auto-harness-generation/edk2/Build/OvmfX64/DEBUG_CLANGPDB/X64/MdeModulePkg/Application/UiApp/UiApp/DEBUG/UiApp.dll.lto.obj:(.text$BasePrintLibSPrintMarker)
00001310 00000000     0                 BasePrintLibSPrintMarker
00002408 0000002e     1         /home/gl055/Research/Bootloaders/auto-harness-generation/edk2/Build/OvmfX64/DEBUG_CLANGPDB/X64/MdeModulePkg/Application/UiApp/UiApp/DEBUG/UiApp.dll.lto.obj:(.text$BasePrintLibValueToString)
00002408 00000000     0                 BasePrintLibValueToString
00002436 0000017a     1         /home/gl055/Research/Bootloaders/auto-harness-generation/edk2/Build/OvmfX64/DEBUG_CLANGPDB/X64/MdeModulePkg/Application/UiApp/UiApp/DEBUG/UiApp.dll.lto.obj:(.text$BmAdjustFvFilePath)
00002436 00000000     0                 BmAdjustFvFilePath
000025b0 000000fc     1         /home/gl055/Research/Bootloaders/auto-harness-generation/edk2/Build/OvmfX64/DEBUG_CLANGPDB/X64/MdeModulePkg/Application/UiApp/UiApp/DEBUG/UiApp.dll.lto.obj:(.text$BmCachePartitionDevicePath)
000025b0 00000000     0                 BmCachePartitionDevicePath
000026ac 00000147     1         /home/gl055/Research/Bootloaders/auto-harness-generation/edk2/Build/OvmfX64/DEBUG_CLANGPDB/X64/MdeModulePkg/Application/UiApp/UiApp/DEBUG/UiApp.dll.lto.obj:(.text$BmConnectUsbShortFormDevicePath)
000026ac 00000000     0                 BmConnectUsbShortFormDevicePath
000027f3 000000e0     1         /home/gl055/Research/Bootloaders/auto-harness-generation/edk2/Build/OvmfX64/DEBUG_CLANGPDB/X64/MdeModulePkg/Application/UiApp/UiApp/DEBUG/UiApp.dll.lto.obj:(.text$BmDelPartMatchInstance)
000027f3 00000000     0                 BmDelPartMatchInstance
000028d3 0000019a     1         /home/gl055/Research/Bootloaders/auto-harness-generation/edk2/Build/OvmfX64/DEBUG_CLANGPDB/X64/MdeModulePkg/Application/UiApp/UiApp/DEBUG/UiApp.dll.lto.obj:(.text$BmDestroyRamDisk)
000028d3 00000000     0                 BmDestroyRamDisk
00002a6d 000000e2     1         /home/gl055/Research/Bootloaders/auto-harness-generation/edk2/Build/OvmfX64/DEBUG_CLANGPDB/X64/MdeModulePkg/Application/UiApp/UiApp/DEBUG/UiApp.dll.lto.obj:(.text$BmDisplayMessages)
00002a6d 00000000     0                 BmDisplayMessages
00002b4f 0000003c     1         /home/gl055/Research/Bootloaders/auto-harness-generation/edk2/Build/OvmfX64/DEBUG_CLANGPDB/X64/MdeModulePkg/Application/UiApp/UiApp/DEBUG/UiApp.dll.lto.obj:(.text$BmEliminateExtraSpaces)
00002b4f 00000000     0                 BmEliminateExtraSpaces
00002b8b 000002e8     1         /home/gl055/Research/Bootloaders/auto-harness-generation/edk2/Build/OvmfX64/DEBUG_CLANGPDB/X64/MdeModulePkg/Application/UiApp/UiApp/DEBUG/UiApp.dll.lto.obj:(.text$BmExpandLoadFile)
00002b8b 00000000     0                 BmExpandLoadFile
00002e73 00000288     1         /home/gl055/Research/Bootloaders/auto-harness-generation/edk2/Build/OvmfX64/DEBUG_CLANGPDB/X64/MdeModulePkg/Application/UiApp/UiApp/DEBUG/UiApp.dll.lto.obj:(.text$BmExpandMediaDevicePath)
00002e73 00000000     0                 BmExpandMediaDevicePath
000030fb 00000192     1         /home/gl055/Research/Bootloaders/auto-harness-generation/edk2/Build/OvmfX64/DEBUG_CLANGPDB/X64/MdeModulePkg/Application/UiApp/UiApp/DEBUG/UiApp.dll.lto.obj:(.text$BmGetBootDescription)
000030fb 00000000     0                 BmGetBootDescription
0000328d 0000012a     1         /home/gl055/Research/Bootloaders/auto-harness-generation/edk2/Build/OvmfX64/DEBUG_CLANGPDB/X64/MdeModulePkg/Application/UiApp/UiApp/DEBUG/UiApp.dll.lto.obj:(.text$BmGetControllerName)
0000328d 00000000     0                 BmGetControllerName
000033b7 00000272     1         /home/gl055/Research/Bootloaders/auto-harness-generation/edk2/Build/OvmfX64/DEBUG_CLANGPDB/X64/MdeModulePkg/Application/UiApp/UiApp/DEBUG/UiApp.dll.lto.obj:(.text$BmGetDescriptionFromDiskInfo)
000033b7 00000000     0                 BmGetDescriptionFromDiskInfo
00003629 00000157     1         /home/gl055/Research/Bootloaders/auto-harness-generation/edk2/Build/OvmfX64/DEBUG_CLANGPDB/X64/MdeModulePkg/Application/UiApp/UiApp/DEBUG/UiApp.dll.lto.obj:(.text$BmGetFreeOptionNumber)
00003629 00000000     0                 BmGetFreeOptionNumber
00003780 0000009b     1         /home/gl055/Research/Bootloaders/auto-harness-generation/edk2/Build/OvmfX64/DEBUG_CLANGPDB/X64/MdeModulePkg/Application/UiApp/UiApp/DEBUG/UiApp.dll.lto.obj:(.text$BmGetLoadFileDescription)
00003780 00000000     0                 BmGetLoadFileDescription
0000381b 00000212     1         /home/gl055/Research/Bootloaders/auto-harness-generation/edk2/Build/OvmfX64/DEBUG_CLANGPDB/X64/MdeModulePkg/Application/UiApp/UiApp/DEBUG/UiApp.dll.lto.obj:(.text$BmGetMiscDescription)
0000381b 00000000     0                 BmGetMiscDescription
00003a2d 000002d0     1         /home/gl055/Research/Bootloaders/auto-harness-generation/edk2/Build/OvmfX64/DEBUG_CLANGPDB/X64/MdeModulePkg/Application/UiApp/UiApp/DEBUG/UiApp.dll.lto.obj:(.text$BmGetNetworkDescription)
00003a2d 00000000     0                 BmGetNetworkDescription
00003cfd 00000e39     1         /home/gl055/Research/Bootloaders/auto-harness-generation/edk2/Build/OvmfX64/DEBUG_CLANGPDB/X64/MdeModulePkg/Application/UiApp/UiApp/DEBUG/UiApp.dll.lto.obj:(.text$BmGetNextLoadOptionDevicePath)
00003cfd 00000000     0                 BmGetNextLoadOptionDevicePath
00004b36 000001ee     1         /home/gl055/Research/Bootloaders/auto-harness-generation/edk2/Build/OvmfX64/DEBUG_CLANGPDB/X64/MdeModulePkg/Application/UiApp/UiApp/DEBUG/UiApp.dll.lto.obj:(.text$BmGetNvmeDescription)
00004b36 00000000     0                 BmGetNvmeDescription
00004d24 000000a5     1         /home/gl055/Research/Bootloaders/auto-harness-generation/edk2/Build/OvmfX64/DEBUG_CLANGPDB/X64/MdeModulePkg/Application/UiApp/UiApp/DEBUG/UiApp.dll.lto.obj:(.text$BmGetRamDiskDevicePath)
00004d24 00000000     0                 BmGetRamDiskDevicePath
00004dc9 000001fe     1         /home/gl055/Research/Bootloaders/auto-harness-generation/edk2/Build/OvmfX64/DEBUG_CLANGPDB/X64/MdeModulePkg/Application/UiApp/UiApp/DEBUG/UiApp.dll.lto.obj:(.text$BmGetSingleControllerHealthStatus)
00004dc9 00000000     0                 BmGetSingleControllerHealthStatus
00004fc7 000001d1     1         /home/gl055/Research/Bootloaders/auto-harness-generation/edk2/Build/OvmfX64/DEBUG_CLANGPDB/X64/MdeModulePkg/Application/UiApp/UiApp/DEBUG/UiApp.dll.lto.obj:(.text$BmGetUsbDescription)
00004fc7 00000000     0                 BmGetUsbDescription
00005198 000001d8     1         /home/gl055/Research/Bootloaders/auto-harness-generation/edk2/Build/OvmfX64/DEBUG_CLANGPDB/X64/MdeModulePkg/Application/UiApp/UiApp/DEBUG/UiApp.dll.lto.obj:(.text$BmHotkeyCallback)
00005198 00000000     0                 BmHotkeyCallback
00005370 00000029     1         /home/gl055/Research/Bootloaders/auto-harness-generation/edk2/Build/OvmfX64/DEBUG_CLANGPDB/X64/MdeModulePkg/Application/UiApp/UiApp/DEBUG/UiApp.dll.lto.obj:(.text$BmIsAutoCreateBootOption)
00005370 00000000     0                 BmIsAutoCreateBootOption
00005399 00000051     1         /home/gl055/Research/Bootloaders/auto-harness-generation/edk2/Build/OvmfX64/DEBUG_CLANGPDB/X64/MdeModulePkg/Application/UiApp/UiApp/DEBUG/UiApp.dll.lto.obj:(.text$BmIsBootManagerMenuFilePath)
00005399 00000000     0                 BmIsBootManagerMenuFilePath
000053ea 0000008b     1         /home/gl055/Research/Bootloaders/auto-harness-generation/edk2/Build/OvmfX64/DEBUG_CLANGPDB/X64/MdeModulePkg/Application/UiApp/UiApp/DEBUG/UiApp.dll.lto.obj:(.text$BmMatchPartitionDevicePathNode)
000053ea 00000000     0                 BmMatchPartitionDevicePathNode
00005475 0000003a     1         /home/gl055/Research/Bootloaders/auto-harness-generation/edk2/Build/OvmfX64/DEBUG_CLANGPDB/X64/MdeModulePkg/Application/UiApp/UiApp/DEBUG/UiApp.dll.lto.obj:(.text$BmPrintDp)
00005475 00000000     0                 BmPrintDp
000054af 00000316     1         /home/gl055/Research/Bootloaders/auto-harness-generation/edk2/Build/OvmfX64/DEBUG_CLANGPDB/X64/MdeModulePkg/Application/UiApp/UiApp/DEBUG/UiApp.dll.lto.obj:(.text$BmRepairAllControllers)
000054af 00000000     0                 BmRepairAllControllers
000057c5 0000003e     1         /home/gl055/Research/Bootloaders/auto-harness-generation/edk2/Build/OvmfX64/DEBUG_CLANGPDB/X64/MdeModulePkg/Application/UiApp/UiApp/DEBUG/UiApp.dll.lto.obj:(.text$BmRepairNotify)
000057c5 00000000     0                 BmRepairNotify
00005803 0000004e     1         /home/gl055/Research/Bootloaders/auto-harness-generation/edk2/Build/OvmfX64/DEBUG_CLANGPDB/X64/MdeModulePkg/Application/UiApp/UiApp/DEBUG/UiApp.dll.lto.obj:(.text$BmReportLoadFailure)
00005803 00000000     0                 BmReportLoadFailure
00005851 00000480     1         /home/gl055/Research/Bootloaders/auto-harness-generation/edk2/Build/OvmfX64/DEBUG_CLANGPDB/X64/MdeModulePkg/Application/UiApp/UiApp/DEBUG/UiApp.dll.lto.obj:(.text$BmSetConsoleMode)
00005851 00000000     0                 BmSetConsoleMode
00005cd1 000000e1     1         /home/gl055/Research/Bootloaders/auto-harness-generation/edk2/Build/OvmfX64/DEBUG_CLANGPDB/X64/MdeModulePkg/Application/UiApp/UiApp/DEBUG/UiApp.dll.lto.obj:(.text$BmSetVariableAndReportStatusCodeOnError)
00005cd1 00000000     0                 BmSetVariableAndReportStatusCodeOnError
00005db2 000001f7     1         /home/gl055/Research/Bootloaders/auto-harness-generation/edk2/Build/OvmfX64/DEBUG_CLANGPDB/X64/MdeModulePkg/Application/UiApp/UiApp/DEBUG/UiApp.dll.lto.obj:(.text$BmUpdateSystemTableConsole)
00005db2 00000000     0                 BmUpdateSystemTableConsole
00005fa9 0000000c     1         /home/gl055/Research/Bootloaders/auto-harness-generation/edk2/Build/OvmfX64/DEBUG_CLANGPDB/X64/MdeModulePkg/Application/UiApp/UiApp/DEBUG/UiApp.dll.lto.obj:(.text$BmmCreateEmptyLine)
00005fa9 00000000     0                 BmmCreateEmptyLine
00005fb5 00000480     1         /home/gl055/Research/Bootloaders/auto-harness-generation/edk2/Build/OvmfX64/DEBUG_CLANGPDB/X64/MdeModulePkg/Application/UiApp/UiApp/DEBUG/UiApp.dll.lto.obj:(.text$BmmSetConsoleMode)
00005fb5 00000000     0                 BmmSetConsoleMode
00006435 00000193     1         /home/gl055/Research/Bootloaders/auto-harness-generation/edk2/Build/OvmfX64/DEBUG_CLANGPDB/X64/MdeModulePkg/Application/UiApp/UiApp/DEBUG/UiApp.dll.lto.obj:(.text$BootFromFile)
00006435 00000000     0                 BootFromFile
000065c8 00001afc     4         /home/gl055/Research/Bootloaders/auto-harness-generation/edk2/Build/OvmfX64/DEBUG_CLANGPDB/X64/MdeModulePkg/Application/UiApp/UiApp/DEBUG/UiApp.dll.lto.obj:(.text$BootMaintCallback)
000065c8 00000000     0                 BootMaintCallback
000080c4 0000017d     1         /home/gl055/Research/Bootloaders/auto-harness-generation/edk2/Build/OvmfX64/DEBUG_CLANGPDB/X64/MdeModulePkg/Application/UiApp/UiApp/DEBUG/UiApp.dll.lto.obj:(.text$BootMaintExtractConfig)
000080c4 00000000     0                 BootMaintExtractConfig
00008241 0000123b     1         /home/gl055/Research/Bootloaders/auto-harness-generation/edk2/Build/OvmfX64/DEBUG_CLANGPDB/X64/MdeModulePkg/Application/UiApp/UiApp/DEBUG/UiApp.dll.lto.obj:(.text$BootMaintRouteConfig)
00008241 00000000     0                 BootMaintRouteConfig
0000947c 00000781     1         /home/gl055/Research/Bootloaders/auto-harness-generation/edk2/Build/OvmfX64/DEBUG_CLANGPDB/X64/MdeModulePkg/Application/UiApp/UiApp/DEBUG/UiApp.dll.lto.obj:(.text$BootManagerCallback)
0000947c 00000000     0                 BootManagerCallback
00009bfd 0000001c     1         /home/gl055/Research/Bootloaders/auto-harness-generation/edk2/Build/OvmfX64/DEBUG_CLANGPDB/X64/MdeModulePkg/Application/UiApp/UiApp/DEBUG/UiApp.dll.lto.obj:(.text$BootManagerExtractConfig)
00009bfd 00000000     0                 BootManagerExtractConfig
00009c19 0000001c     1         /home/gl055/Research/Bootloaders/auto-harness-generation/edk2/Build/OvmfX64/DEBUG_CLANGPDB/X64/MdeModulePkg/Application/UiApp/UiApp/DEBUG/UiApp.dll.lto.obj:(.text$BootManagerRouteConfig)
00009c19 00000000     0                 BootManagerRouteConfig
00009c35 0000017b     1         /home/gl055/Research/Bootloaders/auto-harness-generation/edk2/Build/OvmfX64/DEBUG_CLANGPDB/X64/MdeModulePkg/Application/UiApp/UiApp/DEBUG/UiApp.dll.lto.obj:(.text$ChangeTerminalDevicePath)
00009c35 00000000     0                 ChangeTerminalDevicePath
00009db0 000003f4     1         /home/gl055/Research/Bootloaders/auto-harness-generation/edk2/Build/OvmfX64/DEBUG_CLANGPDB/X64/MdeModulePkg/Application/UiApp/UiApp/DEBUG/UiApp.dll.lto.obj:(.text$ChooseFile)
00009db0 00000000     0                 ChooseFile
0000a1a4 00000049     1         /home/gl055/Research/Bootloaders/auto-harness-generation/edk2/Build/OvmfX64/DEBUG_CLANGPDB/X64/MdeModulePkg/Application/UiApp/UiApp/DEBUG/UiApp.dll.lto.obj:(.text$CleanUpPage)
0000a1a4 00000000     0                 CleanUpPage
0000a1ed 0000009c     1         /home/gl055/Research/Bootloaders/auto-harness-generation/edk2/Build/OvmfX64/DEBUG_CLANGPDB/X64/MdeModulePkg/Application/UiApp/UiApp/DEBUG/UiApp.dll.lto.obj:(.text$CleanUselessBeforeSubmit)
0000a1ed 00000000     0                 CleanUselessBeforeSubmit
0000a289 00000036     1         /home/gl055/Research/Bootloaders/auto-harness-generation/edk2/Build/OvmfX64/DEBUG_CLANGPDB/X64/MdeModulePkg/Application/UiApp/UiApp/DEBUG/UiApp.dll.lto.obj:(.text$CompareGuid)
0000a289 00000000     0                 CompareGuid
0000a2bf 000000c2     1         /home/gl055/Research/Bootloaders/auto-harness-generation/edk2/Build/OvmfX64/DEBUG_CLANGPDB/X64/MdeModulePkg/Application/UiApp/UiApp/DEBUG/UiApp.dll.lto.obj:(.text$CompareMem)
0000a2bf 00000000     0                 CompareMem
0000a381 00000066     1         /home/gl055/Research/Bootloaders/auto-harness-generation/edk2/Build/OvmfX64/DEBUG_CLANGPDB/X64/MdeModulePkg/Application/UiApp/UiApp/DEBUG/UiApp.dll.lto.obj:(.text$ConvertDevicePathToText)
0000a381 00000000     0                 ConvertDevicePathToText
0000a3e7 00000031     1         /home/gl055/Research/Bootloaders/auto-harness-generation/edk2/Build/OvmfX64/DEBUG_CLANGPDB/X64/MdeModulePkg/Application/UiApp/UiApp/DEBUG/UiApp.dll.lto.obj:(.text$CopyGuid)
0000a3e7 00000000     0                 CopyGuid
0000a418 00000081     1         /home/gl055/Research/Bootloaders/auto-harness-generation/edk2/Build/OvmfX64/DEBUG_CLANGPDB/X64/MdeModulePkg/Application/UiApp/UiApp/DEBUG/UiApp.dll.lto.obj:(.text$CopyMem)
0000a418 00000000     0                 CopyMem
0000a499 00000014     1         /home/gl055/Research/Bootloaders/auto-harness-generation/edk2/Build/OvmfX64/DEBUG_CLANGPDB/X64/MdeModulePkg/Application/UiApp/UiApp/DEBUG/UiApp.dll.lto.obj:(.text$CreateBootOptionFromFile)
0000a499 00000000     0                 CreateBootOptionFromFile
0000a4ad 00000736     1         /home/gl055/Research/Bootloaders/auto-harness-generation/edk2/Build/OvmfX64/DEBUG_CLANGPDB/X64/MdeModulePkg/Application/UiApp/UiApp/DEBUG/UiApp.dll.lto.obj:(.text$CreateDeviceManagerForm)
0000a4ad 00000000     0                 CreateDeviceManagerForm
0000abe3 00000014     1         /home/gl055/Research/Bootloaders/auto-harness-generation/edk2/Build/OvmfX64/DEBUG_CLANGPDB/X64/MdeModulePkg/Application/UiApp/UiApp/DEBUG/UiApp.dll.lto.obj:(.text$CreateDriverOptionFromFile)
0000abe3 00000000     0                 CreateDriverOptionFromFile
0000abf7 00000664     1         /home/gl055/Research/Bootloaders/auto-harness-generation/edk2/Build/OvmfX64/DEBUG_CLANGPDB/X64/MdeModulePkg/Application/UiApp/UiApp/DEBUG/UiApp.dll.lto.obj:(.text$CreatePopUp)
0000abf7 00000000     0                 CreatePopUp
0000b25b 00000056     1         /home/gl055/Research/Bootloaders/auto-harness-generation/edk2/Build/OvmfX64/DEBUG_CLANGPDB/X64/MdeModulePkg/Application/UiApp/UiApp/DEBUG/UiApp.dll.lto.obj:(.text$DebugAssert)
0000b25b 00000000     0                 DebugAssert
0000b2b1 0000007c     1         /home/gl055/Research/Bootloaders/auto-harness-generation/edk2/Build/OvmfX64/DEBUG_CLANGPDB/X64/MdeModulePkg/Application/UiApp/UiApp/DEBUG/UiApp.dll.lto.obj:(.text$DebugPrint)
0000b2b1 00000000     0                 DebugPrint
0000b32d 00000099     1         /home/gl055/Research/Bootloaders/auto-harness-generation/edk2/Build/OvmfX64/DEBUG_CLANGPDB/X64/MdeModulePkg/Application/UiApp/UiApp/DEBUG/UiApp.dll.lto.obj:(.text$DeviceManagerCallback)
0000b32d 00000000     0                 DeviceManagerCallback
0000b3c6 0000001c     1         /home/gl055/Research/Bootloaders/auto-harness-generation/edk2/Build/OvmfX64/DEBUG_CLANGPDB/X64/MdeModulePkg/Application/UiApp/UiApp/DEBUG/UiApp.dll.lto.obj:(.text$DeviceManagerExtractConfig)
0000b3c6 00000000     0                 DeviceManagerExtractConfig
0000b3e2 0000001c     1         /home/gl055/Research/Bootloaders/auto-harness-generation/edk2/Build/OvmfX64/DEBUG_CLANGPDB/X64/MdeModulePkg/Application/UiApp/UiApp/DEBUG/UiApp.dll.lto.obj:(.text$DeviceManagerRouteConfig)
0000b3e2 00000000     0                 DeviceManagerRouteConfig
0000b3fe 00000030     1         /home/gl055/Research/Bootloaders/auto-harness-generation/edk2/Build/OvmfX64/DEBUG_CLANGPDB/X64/MdeModulePkg/Application/UiApp/UiApp/DEBUG/UiApp.dll.lto.obj:(.text$DevicePathFromHandle)
0000b3fe 00000000     0                 DevicePathFromHandle
0000b42e 0000002f     1         /home/gl055/Research/Bootloaders/auto-harness-generation/edk2/Build/OvmfX64/DEBUG_CLANGPDB/X64/MdeModulePkg/Application/UiApp/UiApp/DEBUG/UiApp.dll.lto.obj:(.text$DevicePathNodeLength)
0000b42e 00000000     0                 DevicePathNodeLength
0000b45d 0000002e     1         /home/gl055/Research/Bootloaders/auto-harness-generation/edk2/Build/OvmfX64/DEBUG_CLANGPDB/X64/MdeModulePkg/Application/UiApp/UiApp/DEBUG/UiApp.dll.lto.obj:(.text$DevicePathSubType)
0000b45d 00000000     0                 DevicePathSubType
0000b48b 0000002d     1         /home/gl055/Research/Bootloaders/auto-harness-generation/edk2/Build/OvmfX64/DEBUG_CLANGPDB/X64/MdeModulePkg/Application/UiApp/UiApp/DEBUG/UiApp.dll.lto.obj:(.text$DevicePathType)
0000b48b 00000000     0                 DevicePathType
0000b4b8 00000053     1         /home/gl055/Research/Bootloaders/auto-harness-generation/edk2/Build/OvmfX64/DEBUG_CLANGPDB/X64/MdeModulePkg/Application/UiApp/UiApp/DEBUG/UiApp.dll.lto.obj:(.text$DmExtractDevicePathFromHiiHandle)
0000b4b8 00000000     0                 DmExtractDevicePathFromHiiHandle
0000b50b 00000047     1         /home/gl055/Research/Bootloaders/auto-harness-generation/edk2/Build/OvmfX64/DEBUG_CLANGPDB/X64/MdeModulePkg/Application/UiApp/UiApp/DEBUG/UiApp.dll.lto.obj:(.text$EfiAcquireLock)
0000b50b 00000000     0                 EfiAcquireLock
0000b552 000001d8     1         /home/gl055/Research/Bootloaders/auto-harness-generation/edk2/Build/OvmfX64/DEBUG_CLANGPDB/X64/MdeModulePkg/Application/UiApp/UiApp/DEBUG/UiApp.dll.lto.obj:(.text$EfiBootManagerAddLoadOptionVariable)
0000b552 00000000     0                 EfiBootManagerAddLoadOptionVariable
0000b72a 0000103d     1         /home/gl055/Research/Bootloaders/auto-harness-generation/edk2/Build/OvmfX64/DEBUG_CLANGPDB/X64/MdeModulePkg/Application/UiApp/UiApp/DEBUG/UiApp.dll.lto.obj:(.text$EfiBootManagerBoot)
0000b72a 00000000     0                 EfiBootManagerBoot
0000c767 0000008b     1         /home/gl055/Research/Bootloaders/auto-harness-generation/edk2/Build/OvmfX64/DEBUG_CLANGPDB/X64/MdeModulePkg/Application/UiApp/UiApp/DEBUG/UiApp.dll.lto.obj:(.text$EfiBootManagerConnectAll)
0000c767 00000000     0                 EfiBootManagerConnectAll
0000c7f2 000000ca     1         /home/gl055/Research/Bootloaders/auto-harness-generation/edk2/Build/OvmfX64/DEBUG_CLANGPDB/X64/MdeModulePkg/Application/UiApp/UiApp/DEBUG/UiApp.dll.lto.obj:(.text$EfiBootManagerConnectAllDefaultConsoles)
0000c7f2 00000000     0                 EfiBootManagerConnectAllDefaultConsoles
0000c8bc 00000269     1         /home/gl055/Research/Bootloaders/auto-harness-generation/edk2/Build/OvmfX64/DEBUG_CLANGPDB/X64/MdeModulePkg/Application/UiApp/UiApp/DEBUG/UiApp.dll.lto.obj:(.text$EfiBootManagerConnectConsoleVariable)
0000c8bc 00000000     0                 EfiBootManagerConnectConsoleVariable
0000cb25 00000144     1         /home/gl055/Research/Bootloaders/auto-harness-generation/edk2/Build/OvmfX64/DEBUG_CLANGPDB/X64/MdeModulePkg/Application/UiApp/UiApp/DEBUG/UiApp.dll.lto.obj:(.text$EfiBootManagerConnectDevicePath)
0000cb25 00000000     0                 EfiBootManagerConnectDevicePath
0000cc69 0000016f     1         /home/gl055/Research/Bootloaders/auto-harness-generation/edk2/Build/OvmfX64/DEBUG_CLANGPDB/X64/MdeModulePkg/Application/UiApp/UiApp/DEBUG/UiApp.dll.lto.obj:(.text$EfiBootManagerDeleteLoadOptionVariable)
0000cc69 00000000     0                 EfiBootManagerDeleteLoadOptionVariable
0000cdd8 000000a6     1         /home/gl055/Research/Bootloaders/auto-harness-generation/edk2/Build/OvmfX64/DEBUG_CLANGPDB/X64/MdeModulePkg/Application/UiApp/UiApp/DEBUG/UiApp.dll.lto.obj:(.text$EfiBootManagerFindLoadOption)
0000cdd8 00000000     0                 EfiBootManagerFindLoadOption
0000ce7e 0000003f     1         /home/gl055/Research/Bootloaders/auto-harness-generation/edk2/Build/OvmfX64/DEBUG_CLANGPDB/X64/MdeModulePkg/Application/UiApp/UiApp/DEBUG/UiApp.dll.lto.obj:(.text$EfiBootManagerFreeDriverHealthInfo)
0000ce7e 00000000     0                 EfiBootManagerFreeDriverHealthInfo
0000cebd 00000043     1         /home/gl055/Research/Bootloaders/auto-harness-generation/edk2/Build/OvmfX64/DEBUG_CLANGPDB/X64/MdeModulePkg/Application/UiApp/UiApp/DEBUG/UiApp.dll.lto.obj:(.text$EfiBootManagerFreeLoadOption)
0000cebd 00000000     0                 EfiBootManagerFreeLoadOption
0000cf00 00000041     1         /home/gl055/Research/Bootloaders/auto-harness-generation/edk2/Build/OvmfX64/DEBUG_CLANGPDB/X64/MdeModulePkg/Application/UiApp/UiApp/DEBUG/UiApp.dll.lto.obj:(.text$EfiBootManagerFreeLoadOptions)
0000cf00 00000000     0                 EfiBootManagerFreeLoadOptions
0000cf41 00000213     1         /home/gl055/Research/Bootloaders/auto-harness-generation/edk2/Build/OvmfX64/DEBUG_CLANGPDB/X64/MdeModulePkg/Application/UiApp/UiApp/DEBUG/UiApp.dll.lto.obj:(.text$EfiBootManagerGetDriverHealthInfo)
0000cf41 00000000     0                 EfiBootManagerGetDriverHealthInfo
0000d154 00000172     1         /home/gl055/Research/Bootloaders/auto-harness-generation/edk2/Build/OvmfX64/DEBUG_CLANGPDB/X64/MdeModulePkg/Application/UiApp/UiApp/DEBUG/UiApp.dll.lto.obj:(.text$EfiBootManagerGetLoadOptions)
0000d154 00000000     0                 EfiBootManagerGetLoadOptions
0000d2c6 000000e9     1         /home/gl055/Research/Bootloaders/auto-harness-generation/edk2/Build/OvmfX64/DEBUG_CLANGPDB/X64/MdeModulePkg/Application/UiApp/UiApp/DEBUG/UiApp.dll.lto.obj:(.text$EfiBootManagerInitializeLoadOption)
0000d2c6 00000000     0                 EfiBootManagerInitializeLoadOption
0000d3af 000002e6     1         /home/gl055/Research/Bootloaders/auto-harness-generation/edk2/Build/OvmfX64/DEBUG_CLANGPDB/X64/MdeModulePkg/Application/UiApp/UiApp/DEBUG/UiApp.dll.lto.obj:(.text$EfiBootManagerLoadOptionToVariable)
0000d3af 00000000     0                 EfiBootManagerLoadOptionToVariable
0000d695 0000070e     1         /home/gl055/Research/Bootloaders/auto-harness-generation/edk2/Build/OvmfX64/DEBUG_CLANGPDB/X64/MdeModulePkg/Application/UiApp/UiApp/DEBUG/UiApp.dll.lto.obj:(.text$EfiBootManagerRefreshAllBootOption)
0000d695 00000000     0                 EfiBootManagerRefreshAllBootOption
0000dda3 0000027a     1         /home/gl055/Research/Bootloaders/auto-harness-generation/edk2/Build/OvmfX64/DEBUG_CLANGPDB/X64/MdeModulePkg/Application/UiApp/UiApp/DEBUG/UiApp.dll.lto.obj:(.text$EfiBootManagerVariableToLoadOption)
0000dda3 00000000     0                 EfiBootManagerVariableToLoadOption
0000e01d 00000001     1         /home/gl055/Research/Bootloaders/auto-harness-generation/edk2/Build/OvmfX64/DEBUG_CLANGPDB/X64/MdeModulePkg/Application/UiApp/UiApp/DEBUG/UiApp.dll.lto.obj:(.text$EfiEventEmptyFunction)
0000e01d 00000000     0                 EfiEventEmptyFunction
0000e01e 00000052     1         /home/gl055/Research/Bootloaders/auto-harness-generation/edk2/Build/OvmfX64/DEBUG_CLANGPDB/X64/MdeModulePkg/Application/UiApp/UiApp/DEBUG/UiApp.dll.lto.obj:(.text$EfiGetNameGuidFromFwVolDevicePathNode)
0000e01e 00000000     0                 EfiGetNameGuidFromFwVolDevicePathNode
0000e070 000000a8     1         /home/gl055/Research/Bootloaders/auto-harness-generation/edk2/Build/OvmfX64/DEBUG_CLANGPDB/X64/MdeModulePkg/Application/UiApp/UiApp/DEBUG/UiApp.dll.lto.obj:(.text$EfiGetSystemConfigurationTable)
0000e070 00000000     0                 EfiGetSystemConfigurationTable
0000e118 00000027     1         /home/gl055/Research/Bootloaders/auto-harness-generation/edk2/Build/OvmfX64/DEBUG_CLANGPDB/X64/MdeModulePkg/Application/UiApp/UiApp/DEBUG/UiApp.dll.lto.obj:(.text$EfiLibDeleteVariable)
0000e118 00000000     0                 EfiLibDeleteVariable
0000e13f 00000042     1         /home/gl055/Research/Bootloaders/auto-harness-generation/edk2/Build/OvmfX64/DEBUG_CLANGPDB/X64/MdeModulePkg/Application/UiApp/UiApp/DEBUG/UiApp.dll.lto.obj:(.text$EfiReleaseLock)
0000e13f 00000000     0                 EfiReleaseLock
0000e181 00000097     1         /home/gl055/Research/Bootloaders/auto-harness-generation/edk2/Build/OvmfX64/DEBUG_CLANGPDB/X64/MdeModulePkg/Application/UiApp/UiApp/DEBUG/UiApp.dll.lto.obj:(.text$ExtractFileNameFromDevicePath)
0000e181 00000000     0                 ExtractFileNameFromDevicePath
0000e218 0000001c     1         /home/gl055/Research/Bootloaders/auto-harness-generation/edk2/Build/OvmfX64/DEBUG_CLANGPDB/X64/MdeModulePkg/Application/UiApp/UiApp/DEBUG/UiApp.dll.lto.obj:(.text$FakeExtractConfig)
0000e218 00000000     0                 FakeExtractConfig
0000e234 0000001c     1         /home/gl055/Research/Bootloaders/auto-harness-generation/edk2/Build/OvmfX64/DEBUG_CLANGPDB/X64/MdeModulePkg/Application/UiApp/UiApp/DEBUG/UiApp.dll.lto.obj:(.text$FakeRouteConfig)
0000e234 00000000     0                 FakeRouteConfig
0000e250 000000a5     1         /home/gl055/Research/Bootloaders/auto-harness-generation/edk2/Build/OvmfX64/DEBUG_CLANGPDB/X64/MdeModulePkg/Application/UiApp/UiApp/DEBUG/UiApp.dll.lto.obj:(.text$FileDevicePath)
0000e250 00000000     0                 FileDevicePath
0000e2f5 00000077     1         /home/gl055/Research/Bootloaders/auto-harness-generation/edk2/Build/OvmfX64/DEBUG_CLANGPDB/X64/MdeModulePkg/Application/UiApp/UiApp/DEBUG/UiApp.dll.lto.obj:(.text$FreePages)
0000e2f5 00000000     0                 FreePages
0000e36c 00000048     1         /home/gl055/Research/Bootloaders/auto-harness-generation/edk2/Build/OvmfX64/DEBUG_CLANGPDB/X64/MdeModulePkg/Application/UiApp/UiApp/DEBUG/UiApp.dll.lto.obj:(.text$FreePool)
0000e36c 00000000     0                 FreePool
0000e3b4 000001a4     1         /home/gl055/Research/Bootloaders/auto-harness-generation/edk2/Build/OvmfX64/DEBUG_CLANGPDB/X64/MdeModulePkg/Application/UiApp/UiApp/DEBUG/UiApp.dll.lto.obj:(.text$FrontPageCallback)
0000e3b4 00000000     0                 FrontPageCallback
0000e558 00000150     1         /home/gl055/Research/Bootloaders/auto-harness-generation/edk2/Build/OvmfX64/DEBUG_CLANGPDB/X64/MdeModulePkg/Application/UiApp/UiApp/DEBUG/UiApp.dll.lto.obj:(.text$GetBestLanguage)
0000e558 00000000     0                 GetBestLanguage
0000e6a8 000000a9     1         /home/gl055/Research/Bootloaders/auto-harness-generation/edk2/Build/OvmfX64/DEBUG_CLANGPDB/X64/MdeModulePkg/Application/UiApp/UiApp/DEBUG/UiApp.dll.lto.obj:(.text$GetBootOrder)
0000e6a8 00000000     0                 GetBootOrder
0000e751 000002b9     1         /home/gl055/Research/Bootloaders/auto-harness-generation/edk2/Build/OvmfX64/DEBUG_CLANGPDB/X64/MdeModulePkg/Application/UiApp/UiApp/DEBUG/UiApp.dll.lto.obj:(.text$GetConsoleMenu)
0000e751 00000000     0                 GetConsoleMenu
0000ea0a 00000083     1         /home/gl055/Research/Bootloaders/auto-harness-generation/edk2/Build/OvmfX64/DEBUG_CLANGPDB/X64/MdeModulePkg/Application/UiApp/UiApp/DEBUG/UiApp.dll.lto.obj:(.text$GetConsoleOutMode)
0000ea0a 00000000     0                 GetConsoleOutMode
0000ea8d 000000a9     1         /home/gl055/Research/Bootloaders/auto-harness-generation/edk2/Build/OvmfX64/DEBUG_CLANGPDB/X64/MdeModulePkg/Application/UiApp/UiApp/DEBUG/UiApp.dll.lto.obj:(.text$GetDriverOrder)
0000ea8d 00000000     0                 GetDriverOrder
0000eb36 00000012     1         /home/gl055/Research/Bootloaders/auto-harness-generation/edk2/Build/OvmfX64/DEBUG_CLANGPDB/X64/MdeModulePkg/Application/UiApp/UiApp/DEBUG/UiApp.dll.lto.obj:(.text$GetEfiGlobalVariable2)
0000eb36 00000000     0                 GetEfiGlobalVariable2
0000eb48 00000016     1         /home/gl055/Research/Bootloaders/auto-harness-generation/edk2/Build/OvmfX64/DEBUG_CLANGPDB/X64/MdeModulePkg/Application/UiApp/UiApp/DEBUG/UiApp.dll.lto.obj:(.text$GetFirstNode)
0000eb48 00000000     0                 GetFirstNode
0000eb5e 00000084     1         /home/gl055/Research/Bootloaders/auto-harness-generation/edk2/Build/OvmfX64/DEBUG_CLANGPDB/X64/MdeModulePkg/Application/UiApp/UiApp/DEBUG/UiApp.dll.lto.obj:(.text$GetHobList)
0000eb5e 00000000     0                 GetHobList
0000ebe2 000000ae     1         /home/gl055/Research/Bootloaders/auto-harness-generation/edk2/Build/OvmfX64/DEBUG_CLANGPDB/X64/MdeModulePkg/Application/UiApp/UiApp/DEBUG/UiApp.dll.lto.obj:(.text$GetNextLanguage)
0000ebe2 00000000     0                 GetNextLanguage
0000ec90 00000095     1         /home/gl055/Research/Bootloaders/auto-harness-generation/edk2/Build/OvmfX64/DEBUG_CLANGPDB/X64/MdeModulePkg/Application/UiApp/UiApp/DEBUG/UiApp.dll.lto.obj:(.text$GetOptionalStringByIndex)
0000ec90 00000000     0                 GetOptionalStringByIndex
0000ed25 0000008e     1         /home/gl055/Research/Bootloaders/auto-harness-generation/edk2/Build/OvmfX64/DEBUG_CLANGPDB/X64/MdeModulePkg/Application/UiApp/UiApp/DEBUG/UiApp.dll.lto.obj:(.text$GetPcdProtocol)
0000ed25 00000000     0                 GetPcdProtocol
0000edb3 000000fd     1         /home/gl055/Research/Bootloaders/auto-harness-generation/edk2/Build/OvmfX64/DEBUG_CLANGPDB/X64/MdeModulePkg/Application/UiApp/UiApp/DEBUG/UiApp.dll.lto.obj:(.text$GetVariable2)
0000edb3 00000000     0                 GetVariable2
0000eeb0 00000115     1         /home/gl055/Research/Bootloaders/auto-harness-generation/edk2/Build/OvmfX64/DEBUG_CLANGPDB/X64/MdeModulePkg/Application/UiApp/UiApp/DEBUG/UiApp.dll.lto.obj:(.text$HiiAddPackages)
0000eeb0 00000000     0                 HiiAddPackages
0000efc5 0000004b     1         /home/gl055/Research/Bootloaders/auto-harness-generation/edk2/Build/OvmfX64/DEBUG_CLANGPDB/X64/MdeModulePkg/Application/UiApp/UiApp/DEBUG/UiApp.dll.lto.obj:(.text$HiiAllocateOpCodeHandle)
0000efc5 00000000     0                 HiiAllocateOpCodeHandle
0000f010 0000021e     1         /home/gl055/Research/Bootloaders/auto-harness-generation/edk2/Build/OvmfX64/DEBUG_CLANGPDB/X64/MdeModulePkg/Application/UiApp/UiApp/DEBUG/UiApp.dll.lto.obj:(.text$HiiConstructConfigHdr)
0000f010 00000000     0                 HiiConstructConfigHdr
0000f22e 0000005c     1         /home/gl055/Research/Bootloaders/auto-harness-generation/edk2/Build/OvmfX64/DEBUG_CLANGPDB/X64/MdeModulePkg/Application/UiApp/UiApp/DEBUG/UiApp.dll.lto.obj:(.text$HiiCreateActionOpCode)
0000f22e 00000000     0                 HiiCreateActionOpCode
0000f28a 000000a9     1         /home/gl055/Research/Bootloaders/auto-harness-generation/edk2/Build/OvmfX64/DEBUG_CLANGPDB/X64/MdeModulePkg/Application/UiApp/UiApp/DEBUG/UiApp.dll.lto.obj:(.text$HiiCreateCheckBoxOpCode)
0000f28a 00000000     0                 HiiCreateCheckBoxOpCode
0000f333 0000001d     1         /home/gl055/Research/Bootloaders/auto-harness-generation/edk2/Build/OvmfX64/DEBUG_CLANGPDB/X64/MdeModulePkg/Application/UiApp/UiApp/DEBUG/UiApp.dll.lto.obj:(.text$HiiCreateEndOpCode)
0000f333 00000000     0                 HiiCreateEndOpCode
0000f350 000000b0     1         /home/gl055/Research/Bootloaders/auto-harness-generation/edk2/Build/OvmfX64/DEBUG_CLANGPDB/X64/MdeModulePkg/Application/UiApp/UiApp/DEBUG/UiApp.dll.lto.obj:(.text$HiiCreateGotoExOpCode)
0000f350 00000000     0                 HiiCreateGotoExOpCode
0000f400 00000093     1         /home/gl055/Research/Bootloaders/auto-harness-generation/edk2/Build/OvmfX64/DEBUG_CLANGPDB/X64/MdeModulePkg/Application/UiApp/UiApp/DEBUG/UiApp.dll.lto.obj:(.text$HiiCreateGotoOpCode)
0000f400 00000000     0                 HiiCreateGotoOpCode
0000f493 00000056     1         /home/gl055/Research/Bootloaders/auto-harness-generation/edk2/Build/OvmfX64/DEBUG_CLANGPDB/X64/MdeModulePkg/Application/UiApp/UiApp/DEBUG/UiApp.dll.lto.obj:(.text$HiiCreateGuidOpCode)
0000f493 00000000     0                 HiiCreateGuidOpCode
0000f4e9 00000101     1         /home/gl055/Research/Bootloaders/auto-harness-generation/edk2/Build/OvmfX64/DEBUG_CLANGPDB/X64/MdeModulePkg/Application/UiApp/UiApp/DEBUG/UiApp.dll.lto.obj:(.text$HiiCreateOneOfOpCode)
0000f4e9 00000000     0                 HiiCreateOneOfOpCode
0000f5ea 0000007e     1         /home/gl055/Research/Bootloaders/auto-harness-generation/edk2/Build/OvmfX64/DEBUG_CLANGPDB/X64/MdeModulePkg/Application/UiApp/UiApp/DEBUG/UiApp.dll.lto.obj:(.text$HiiCreateOneOfOptionOpCode)
0000f5ea 00000000     0                 HiiCreateOneOfOptionOpCode
0000f668 00000066     1         /home/gl055/Research/Bootloaders/auto-harness-generation/edk2/Build/OvmfX64/DEBUG_CLANGPDB/X64/MdeModulePkg/Application/UiApp/UiApp/DEBUG/UiApp.dll.lto.obj:(.text$HiiCreateStringOpCode)
0000f668 00000000     0                 HiiCreateStringOpCode
0000f6ce 00000059     1         /home/gl055/Research/Bootloaders/auto-harness-generation/edk2/Build/OvmfX64/DEBUG_CLANGPDB/X64/MdeModulePkg/Application/UiApp/UiApp/DEBUG/UiApp.dll.lto.obj:(.text$HiiCreateSubTitleOpCode)
0000f6ce 00000000     0                 HiiCreateSubTitleOpCode
0000f727 0000003f     1         /home/gl055/Research/Bootloaders/auto-harness-generation/edk2/Build/OvmfX64/DEBUG_CLANGPDB/X64/MdeModulePkg/Application/UiApp/UiApp/DEBUG/UiApp.dll.lto.obj:(.text$HiiFreeOpCodeHandle)
0000f727 00000000     0                 HiiFreeOpCodeHandle
0000f766 000000b5     1         /home/gl055/Research/Bootloaders/auto-harness-generation/edk2/Build/OvmfX64/DEBUG_CLANGPDB/X64/MdeModulePkg/Application/UiApp/UiApp/DEBUG/UiApp.dll.lto.obj:(.text$HiiGetBrowserData)
0000f766 00000000     0                 HiiGetBrowserData
0000f81b 000001cf     1         /home/gl055/Research/Bootloaders/auto-harness-generation/edk2/Build/OvmfX64/DEBUG_CLANGPDB/X64/MdeModulePkg/Application/UiApp/UiApp/DEBUG/UiApp.dll.lto.obj:(.text$HiiGetFormSetFromHiiHandle)
0000f81b 00000000     0                 HiiGetFormSetFromHiiHandle
0000f9ea 0000007f     1         /home/gl055/Research/Bootloaders/auto-harness-generation/edk2/Build/OvmfX64/DEBUG_CLANGPDB/X64/MdeModulePkg/Application/UiApp/UiApp/DEBUG/UiApp.dll.lto.obj:(.text$HiiGetHiiHandles)
0000f9ea 00000000     0                 HiiGetHiiHandles
0000fa69 00000178     1         /home/gl055/Research/Bootloaders/auto-harness-generation/edk2/Build/OvmfX64/DEBUG_CLANGPDB/X64/MdeModulePkg/Application/UiApp/UiApp/DEBUG/UiApp.dll.lto.obj:(.text$HiiGetString)
0000fa69 00000000     0                 HiiGetString
0000fbe1 00000090     1         /home/gl055/Research/Bootloaders/auto-harness-generation/edk2/Build/OvmfX64/DEBUG_CLANGPDB/X64/MdeModulePkg/Application/UiApp/UiApp/DEBUG/UiApp.dll.lto.obj:(.text$HiiGetSupportedLanguages)
0000fbe1 00000000     0                 HiiGetSupportedLanguages
0000fc71 00000069     1         /home/gl055/Research/Bootloaders/auto-harness-generation/edk2/Build/OvmfX64/DEBUG_CLANGPDB/X64/MdeModulePkg/Application/UiApp/UiApp/DEBUG/UiApp.dll.lto.obj:(.text$HiiIsConfigHdrMatch)
0000fc71 00000000     0                 HiiIsConfigHdrMatch
0000fcda 0000006e     1         /home/gl055/Research/Bootloaders/auto-harness-generation/edk2/Build/OvmfX64/DEBUG_CLANGPDB/X64/MdeModulePkg/Application/UiApp/UiApp/DEBUG/UiApp.dll.lto.obj:(.text$HiiRemovePackages)
0000fcda 00000000     0                 HiiRemovePackages
0000fd48 00000143     1         /home/gl055/Research/Bootloaders/auto-harness-generation/edk2/Build/OvmfX64/DEBUG_CLANGPDB/X64/MdeModulePkg/Application/UiApp/UiApp/DEBUG/UiApp.dll.lto.obj:(.text$HiiSetString)
0000fd48 00000000     0                 HiiSetString
0000fe8b 000004f9     1         /home/gl055/Research/Bootloaders/auto-harness-generation/edk2/Build/OvmfX64/DEBUG_CLANGPDB/X64/MdeModulePkg/Application/UiApp/UiApp/DEBUG/UiApp.dll.lto.obj:(.text$HiiUpdateForm)
0000fe8b 00000000     0                 HiiUpdateForm
00010384 0000002d     1         /home/gl055/Research/Bootloaders/auto-harness-generation/edk2/Build/OvmfX64/DEBUG_CLANGPDB/X64/MdeModulePkg/Application/UiApp/UiApp/DEBUG/UiApp.dll.lto.obj:(.text$InsertTailList)
00010384 00000000     0                 InsertTailList
000103b1 0000002e     1         /home/gl055/Research/Bootloaders/auto-harness-generation/edk2/Build/OvmfX64/DEBUG_CLANGPDB/X64/MdeModulePkg/Application/UiApp/UiApp/DEBUG/UiApp.dll.lto.obj:(.text$InternalAllocatePool)
000103b1 00000000     0                 InternalAllocatePool
000103df 0000002a     1         /home/gl055/Research/Bootloaders/auto-harness-generation/edk2/Build/OvmfX64/DEBUG_CLANGPDB/X64/MdeModulePkg/Application/UiApp/UiApp/DEBUG/UiApp.dll.lto.obj:(.text$InternalAllocateZeroPool)
000103df 00000000     0                 InternalAllocateZeroPool
00010409 0000006d     1         /home/gl055/Research/Bootloaders/auto-harness-generation/edk2/Build/OvmfX64/DEBUG_CLANGPDB/X64/MdeModulePkg/Application/UiApp/UiApp/DEBUG/UiApp.dll.lto.obj:(.text$InternalBaseLibIsListValid)
00010409 00000000     0                 InternalBaseLibIsListValid
00010476 0000006e     1         /home/gl055/Research/Bootloaders/auto-harness-generation/edk2/Build/OvmfX64/DEBUG_CLANGPDB/X64/MdeModulePkg/Application/UiApp/UiApp/DEBUG/UiApp.dll.lto.obj:(.text$InternalHiiAppendOpCodes)
00010476 00000000     0                 InternalHiiAppendOpCodes
000104e4 00000107     1         /home/gl055/Research/Bootloaders/auto-harness-generation/edk2/Build/OvmfX64/DEBUG_CLANGPDB/X64/MdeModulePkg/Application/UiApp/UiApp/DEBUG/UiApp.dll.lto.obj:(.text$InternalHiiBrowserCallback)
000104e4 00000000     0                 InternalHiiBrowserCallback
000105eb 000000cb     1         /home/gl055/Research/Bootloaders/auto-harness-generation/edk2/Build/OvmfX64/DEBUG_CLANGPDB/X64/MdeModulePkg/Application/UiApp/UiApp/DEBUG/UiApp.dll.lto.obj:(.text$InternalHiiCompareSubString)
000105eb 00000000     0                 InternalHiiCompareSubString
000106b6 0000001a     1         /home/gl055/Research/Bootloaders/auto-harness-generation/edk2/Build/OvmfX64/DEBUG_CLANGPDB/X64/MdeModulePkg/Application/UiApp/UiApp/DEBUG/UiApp.dll.lto.obj:(.text$InternalHiiCreateOpCode)
000106b6 00000000     0                 InternalHiiCreateOpCode
000106d0 000000a2     1         /home/gl055/Research/Bootloaders/auto-harness-generation/edk2/Build/OvmfX64/DEBUG_CLANGPDB/X64/MdeModulePkg/Application/UiApp/UiApp/DEBUG/UiApp.dll.lto.obj:(.text$InternalHiiCreateOpCodeExtended)
000106d0 00000000     0                 InternalHiiCreateOpCodeExtended
00010772 0000009e     1         /home/gl055/Research/Bootloaders/auto-harness-generation/edk2/Build/OvmfX64/DEBUG_CLANGPDB/X64/MdeModulePkg/Application/UiApp/UiApp/DEBUG/UiApp.dll.lto.obj:(.text$InternalHiiGrowOpCodeHandle)
00010772 00000000     0                 InternalHiiGrowOpCodeHandle
00010810 00000095     1         /home/gl055/Research/Bootloaders/auto-harness-generation/edk2/Build/OvmfX64/DEBUG_CLANGPDB/X64/MdeModulePkg/Application/UiApp/UiApp/DEBUG/UiApp.dll.lto.obj:(.text$InternalReportStatusCode)
00010810 00000000     0                 InternalReportStatusCode
000108a5 00000026     1         /home/gl055/Research/Bootloaders/auto-harness-generation/edk2/Build/OvmfX64/DEBUG_CLANGPDB/X64/MdeModulePkg/Application/UiApp/UiApp/DEBUG/UiApp.dll.lto.obj:(.text$InternalSafeStringNoStrOverlap)
000108a5 00000000     0                 InternalSafeStringNoStrOverlap
000108cb 0000008e     1         /home/gl055/Research/Bootloaders/auto-harness-generation/edk2/Build/OvmfX64/DEBUG_CLANGPDB/X64/MdeModulePkg/Application/UiApp/UiApp/DEBUG/UiApp.dll.lto.obj:(.text$IoWriteFifo8)
000108cb 00000000     0                 IoWriteFifo8
00010959 00000048     1         /home/gl055/Research/Bootloaders/auto-harness-generation/edk2/Build/OvmfX64/DEBUG_CLANGPDB/X64/MdeModulePkg/Application/UiApp/UiApp/DEBUG/UiApp.dll.lto.obj:(.text$IsDevicePathEnd)
00010959 00000000     0                 IsDevicePathEnd
000109a1 00000038     1         /home/gl055/Research/Bootloaders/auto-harness-generation/edk2/Build/OvmfX64/DEBUG_CLANGPDB/X64/MdeModulePkg/Application/UiApp/UiApp/DEBUG/UiApp.dll.lto.obj:(.text$IsDevicePathEndType)
000109a1 00000000     0                 IsDevicePathEndType
000109d9 00000031     1         /home/gl055/Research/Bootloaders/auto-harness-generation/edk2/Build/OvmfX64/DEBUG_CLANGPDB/X64/MdeModulePkg/Application/UiApp/UiApp/DEBUG/UiApp.dll.lto.obj:(.text$IsIsaSerialNode)
000109d9 00000000     0                 IsIsaSerialNode
00010a0a 00000019     1         /home/gl055/Research/Bootloaders/auto-harness-generation/edk2/Build/OvmfX64/DEBUG_CLANGPDB/X64/MdeModulePkg/Application/UiApp/UiApp/DEBUG/UiApp.dll.lto.obj:(.text$IsListEmpty)
00010a0a 00000000     0                 IsListEmpty
00010a23 00000337     1         /home/gl055/Research/Bootloaders/auto-harness-generation/edk2/Build/OvmfX64/DEBUG_CLANGPDB/X64/MdeModulePkg/Application/UiApp/UiApp/DEBUG/UiApp.dll.lto.obj:(.text$IsMacAddressDevicePath)
00010a23 00000000     0                 IsMacAddressDevicePath
00010d5a 0000001e     1         /home/gl055/Research/Bootloaders/auto-harness-generation/edk2/Build/OvmfX64/DEBUG_CLANGPDB/X64/MdeModulePkg/Application/UiApp/UiApp/DEBUG/UiApp.dll.lto.obj:(.text$IsNull)
00010d5a 00000000     0                 IsNull
00010d78 0000002b     1         /home/gl055/Research/Bootloaders/auto-harness-generation/edk2/Build/OvmfX64/DEBUG_CLANGPDB/X64/MdeModulePkg/Application/UiApp/UiApp/DEBUG/UiApp.dll.lto.obj:(.text$IsTdxGuest)
00010d78 00000000     0                 IsTdxGuest
00010da3 00000052     1         /home/gl055/Research/Bootloaders/auto-harness-generation/edk2/Build/OvmfX64/DEBUG_CLANGPDB/X64/MdeModulePkg/Application/UiApp/UiApp/DEBUG/UiApp.dll.lto.obj:(.text$IsZeroBuffer)
00010da3 00000000     0                 IsZeroBuffer
00010df5 00000183     1         /home/gl055/Research/Bootloaders/auto-harness-generation/edk2/Build/OvmfX64/DEBUG_CLANGPDB/X64/MdeModulePkg/Application/UiApp/UiApp/DEBUG/UiApp.dll.lto.obj:(.text$LibAppendFileName)
00010df5 00000000     0                 LibAppendFileName
00010f78 0000051e     1         /home/gl055/Research/Bootloaders/auto-harness-generation/edk2/Build/OvmfX64/DEBUG_CLANGPDB/X64/MdeModulePkg/Application/UiApp/UiApp/DEBUG/UiApp.dll.lto.obj:(.text$LibCallback)
00010f78 00000000     0                 LibCallback
00011496 00000046     1         /home/gl055/Research/Bootloaders/auto-harness-generation/edk2/Build/OvmfX64/DEBUG_CLANGPDB/X64/MdeModulePkg/Application/UiApp/UiApp/DEBUG/UiApp.dll.lto.obj:(.text$LibCreateMenuEntry)
00011496 00000000     0                 LibCreateMenuEntry
000114dc 000002a8     1         /home/gl055/Research/Bootloaders/auto-harness-generation/edk2/Build/OvmfX64/DEBUG_CLANGPDB/X64/MdeModulePkg/Application/UiApp/UiApp/DEBUG/UiApp.dll.lto.obj:(.text$LibCreateNewFile)
000114dc 00000000     0                 LibCreateNewFile
00011784 0000006f     1         /home/gl055/Research/Bootloaders/auto-harness-generation/edk2/Build/OvmfX64/DEBUG_CLANGPDB/X64/MdeModulePkg/Application/UiApp/UiApp/DEBUG/UiApp.dll.lto.obj:(.text$LibDestroyMenuEntry)
00011784 00000000     0                 LibDestroyMenuEntry
000117f3 0000001c     1         /home/gl055/Research/Bootloaders/auto-harness-generation/edk2/Build/OvmfX64/DEBUG_CLANGPDB/X64/MdeModulePkg/Application/UiApp/UiApp/DEBUG/UiApp.dll.lto.obj:(.text$LibExtractConfig)
000117f3 00000000     0                 LibExtractConfig
0001180f 00000076     1         /home/gl055/Research/Bootloaders/auto-harness-generation/edk2/Build/OvmfX64/DEBUG_CLANGPDB/X64/MdeModulePkg/Application/UiApp/UiApp/DEBUG/UiApp.dll.lto.obj:(.text$LibFreeMenu)
0001180f 00000000     0                 LibFreeMenu
00011885 00000054     1         /home/gl055/Research/Bootloaders/auto-harness-generation/edk2/Build/OvmfX64/DEBUG_CLANGPDB/X64/MdeModulePkg/Application/UiApp/UiApp/DEBUG/UiApp.dll.lto.obj:(.text$LibGetDevicePath)
00011885 00000000     0                 LibGetDevicePath
000118d9 0000006b     1         /home/gl055/Research/Bootloaders/auto-harness-generation/edk2/Build/OvmfX64/DEBUG_CLANGPDB/X64/MdeModulePkg/Application/UiApp/UiApp/DEBUG/UiApp.dll.lto.obj:(.text$LibGetMenuEntry)
000118d9 00000000     0                 LibGetMenuEntry
00011944 00000019     1         /home/gl055/Research/Bootloaders/auto-harness-generation/edk2/Build/OvmfX64/DEBUG_CLANGPDB/X64/MdeModulePkg/Application/UiApp/UiApp/DEBUG/UiApp.dll.lto.obj:(.text$LibPcdGet32)
00011944 00000000     0                 LibPcdGet32
0001195d 00000025     1         /home/gl055/Research/Bootloaders/auto-harness-generation/edk2/Build/OvmfX64/DEBUG_CLANGPDB/X64/MdeModulePkg/Application/UiApp/UiApp/DEBUG/UiApp.dll.lto.obj:(.text$LibPcdSet32S)
0001195d 00000000     0                 LibPcdSet32S
00011982 0000001c     1         /home/gl055/Research/Bootloaders/auto-harness-generation/edk2/Build/OvmfX64/DEBUG_CLANGPDB/X64/MdeModulePkg/Application/UiApp/UiApp/DEBUG/UiApp.dll.lto.obj:(.text$LibRouteConfig)
00011982 00000000     0                 LibRouteConfig
0001199e 00000055     1         /home/gl055/Research/Bootloaders/auto-harness-generation/edk2/Build/OvmfX64/DEBUG_CLANGPDB/X64/MdeModulePkg/Application/UiApp/UiApp/DEBUG/UiApp.dll.lto.obj:(.text$LibStrDuplicate)
0001199e 00000000     0                 LibStrDuplicate
000119f3 0000001e     1         /home/gl055/Research/Bootloaders/auto-harness-generation/edk2/Build/OvmfX64/DEBUG_CLANGPDB/X64/MdeModulePkg/Application/UiApp/UiApp/DEBUG/UiApp.dll.lto.obj:(.text$LibToLowerString)
000119f3 00000000     0                 LibToLowerString
00011a11 00000206     1         /home/gl055/Research/Bootloaders/auto-harness-generation/edk2/Build/OvmfX64/DEBUG_CLANGPDB/X64/MdeModulePkg/Application/UiApp/UiApp/DEBUG/UiApp.dll.lto.obj:(.text$LibUpdateFileExplorePage)
00011a11 00000000     0                 LibUpdateFileExplorePage
00011c17 00000071     1         /home/gl055/Research/Bootloaders/auto-harness-generation/edk2/Build/OvmfX64/DEBUG_CLANGPDB/X64/MdeModulePkg/Application/UiApp/UiApp/DEBUG/UiApp.dll.lto.obj:(.text$MatchDevicePaths)
00011c17 00000000     0                 MatchDevicePaths
00011c88 00000036     1         /home/gl055/Research/Bootloaders/auto-harness-generation/edk2/Build/OvmfX64/DEBUG_CLANGPDB/X64/MdeModulePkg/Application/UiApp/UiApp/DEBUG/UiApp.dll.lto.obj:(.text$NextDevicePathNode)
00011c88 00000000     0                 NextDevicePathNode
00011cbe 0000008c     1         /home/gl055/Research/Bootloaders/auto-harness-generation/edk2/Build/OvmfX64/DEBUG_CLANGPDB/X64/MdeModulePkg/Application/UiApp/UiApp/DEBUG/UiApp.dll.lto.obj:(.text$PlatformDebugLibIoPortFound)
00011cbe 00000000     0                 PlatformDebugLibIoPortFound
00011d4a 000000e6     1         /home/gl055/Research/Bootloaders/auto-harness-generation/edk2/Build/OvmfX64/DEBUG_CLANGPDB/X64/MdeModulePkg/Application/UiApp/UiApp/DEBUG/UiApp.dll.lto.obj:(.text$Print)
00011d4a 00000000     0                 Print
00011e30 0000018c     1         /home/gl055/Research/Bootloaders/auto-harness-generation/edk2/Build/OvmfX64/DEBUG_CLANGPDB/X64/MdeModulePkg/Application/UiApp/UiApp/DEBUG/UiApp.dll.lto.obj:(.text$ReSendForm)
00011e30 00000000     0                 ReSendForm
00011fbc 0000002d     1         /home/gl055/Research/Bootloaders/auto-harness-generation/edk2/Build/OvmfX64/DEBUG_CLANGPDB/X64/MdeModulePkg/Application/UiApp/UiApp/DEBUG/UiApp.dll.lto.obj:(.text$ReadUnaligned32)
00011fbc 00000000     0                 ReadUnaligned32
00011fe9 0000002e     1         /home/gl055/Research/Bootloaders/auto-harness-generation/edk2/Build/OvmfX64/DEBUG_CLANGPDB/X64/MdeModulePkg/Application/UiApp/UiApp/DEBUG/UiApp.dll.lto.obj:(.text$ReadUnaligned64)
00011fe9 00000000     0                 ReadUnaligned64
00012017 00000051     1         /home/gl055/Research/Bootloaders/auto-harness-generation/edk2/Build/OvmfX64/DEBUG_CLANGPDB/X64/MdeModulePkg/Application/UiApp/UiApp/DEBUG/UiApp.dll.lto.obj:(.text$ReallocatePool)
00012017 00000000     0                 ReallocatePool
00012068 00000039     1         /home/gl055/Research/Bootloaders/auto-harness-generation/edk2/Build/OvmfX64/DEBUG_CLANGPDB/X64/MdeModulePkg/Application/UiApp/UiApp/DEBUG/UiApp.dll.lto.obj:(.text$RefreshUpdateData)
00012068 00000000     0                 RefreshUpdateData
000120a1 00000047     1         /home/gl055/Research/Bootloaders/auto-harness-generation/edk2/Build/OvmfX64/DEBUG_CLANGPDB/X64/MdeModulePkg/Application/UiApp/UiApp/DEBUG/UiApp.dll.lto.obj:(.text$RemoveEntryList)
000120a1 00000000     0                 RemoveEntryList
000120e8 0000000f     1         /home/gl055/Research/Bootloaders/auto-harness-generation/edk2/Build/OvmfX64/DEBUG_CLANGPDB/X64/MdeModulePkg/Application/UiApp/UiApp/DEBUG/UiApp.dll.lto.obj:(.text$ReportStatusCode)
000120e8 00000000     0                 ReportStatusCode
000120f7 0000017d     1         /home/gl055/Research/Bootloaders/auto-harness-generation/edk2/Build/OvmfX64/DEBUG_CLANGPDB/X64/MdeModulePkg/Application/UiApp/UiApp/DEBUG/UiApp.dll.lto.obj:(.text$ReportStatusCodeEx)
000120f7 00000000     0                 ReportStatusCodeEx
00012274 000000a6     1         /home/gl055/Research/Bootloaders/auto-harness-generation/edk2/Build/OvmfX64/DEBUG_CLANGPDB/X64/MdeModulePkg/Application/UiApp/UiApp/DEBUG/UiApp.dll.lto.obj:(.text$RetrieveUartUid)
00012274 00000000     0                 RetrieveUartUid
0001231a 0000003f     1         /home/gl055/Research/Bootloaders/auto-harness-generation/edk2/Build/OvmfX64/DEBUG_CLANGPDB/X64/MdeModulePkg/Application/UiApp/UiApp/DEBUG/UiApp.dll.lto.obj:(.text$SetDevicePathEndNode)
0001231a 00000000     0                 SetDevicePathEndNode
00012359 00000058     1         /home/gl055/Research/Bootloaders/auto-harness-generation/edk2/Build/OvmfX64/DEBUG_CLANGPDB/X64/MdeModulePkg/Application/UiApp/UiApp/DEBUG/UiApp.dll.lto.obj:(.text$SetDevicePathNodeLength)
00012359 00000000     0                 SetDevicePathNodeLength
000123b1 000000b3     1         /home/gl055/Research/Bootloaders/auto-harness-generation/edk2/Build/OvmfX64/DEBUG_CLANGPDB/X64/MdeModulePkg/Application/UiApp/UiApp/DEBUG/UiApp.dll.lto.obj:(.text$SetMem16)
000123b1 00000000     0                 SetMem16
00012464 000002ce     1         /home/gl055/Research/Bootloaders/auto-harness-generation/edk2/Build/OvmfX64/DEBUG_CLANGPDB/X64/MdeModulePkg/Application/UiApp/UiApp/DEBUG/UiApp.dll.lto.obj:(.text$StrCatS)
00012464 00000000     0                 StrCatS
00012732 00000079     1         /home/gl055/Research/Bootloaders/auto-harness-generation/edk2/Build/OvmfX64/DEBUG_CLANGPDB/X64/MdeModulePkg/Application/UiApp/UiApp/DEBUG/UiApp.dll.lto.obj:(.text$StrCmp)
00012732 00000000     0                 StrCmp
000127ab 00000264     1         /home/gl055/Research/Bootloaders/auto-harness-generation/edk2/Build/OvmfX64/DEBUG_CLANGPDB/X64/MdeModulePkg/Application/UiApp/UiApp/DEBUG/UiApp.dll.lto.obj:(.text$StrCpyS)
000127ab 00000000     0                 StrCpyS
00012a0f 00000089     1         /home/gl055/Research/Bootloaders/auto-harness-generation/edk2/Build/OvmfX64/DEBUG_CLANGPDB/X64/MdeModulePkg/Application/UiApp/UiApp/DEBUG/UiApp.dll.lto.obj:(.text$StrLen)
00012a0f 00000000     0                 StrLen
00012a98 00000015     1         /home/gl055/Research/Bootloaders/auto-harness-generation/edk2/Build/OvmfX64/DEBUG_CLANGPDB/X64/MdeModulePkg/Application/UiApp/UiApp/DEBUG/UiApp.dll.lto.obj:(.text$StrSize)
00012a98 00000000     0                 StrSize
00012aad 000000a6     1         /home/gl055/Research/Bootloaders/auto-harness-generation/edk2/Build/OvmfX64/DEBUG_CLANGPDB/X64/MdeModulePkg/Application/UiApp/UiApp/DEBUG/UiApp.dll.lto.obj:(.text$StrStr)
00012aad 00000000     0                 StrStr
00012b53 000000c1     1         /home/gl055/Research/Bootloaders/auto-harness-generation/edk2/Build/OvmfX64/DEBUG_CLANGPDB/X64/MdeModulePkg/Application/UiApp/UiApp/DEBUG/UiApp.dll.lto.obj:(.text$StrnCmp)
00012b53 00000000     0                 StrnCmp
00012c14 00000057     1         /home/gl055/Research/Bootloaders/auto-harness-generation/edk2/Build/OvmfX64/DEBUG_CLANGPDB/X64/MdeModulePkg/Application/UiApp/UiApp/DEBUG/UiApp.dll.lto.obj:(.text$StrnLenS)
00012c14 00000000     0                 StrnLenS
00012c6b 00000072     1         /home/gl055/Research/Bootloaders/auto-harness-generation/edk2/Build/OvmfX64/DEBUG_CLANGPDB/X64/MdeModulePkg/Application/UiApp/UiApp/DEBUG/UiApp.dll.lto.obj:(.text$UefiLibGetStringWidth)
00012c6b 00000000     0                 UefiLibGetStringWidth
00012cdd 0000000c     1         /home/gl055/Research/Bootloaders/auto-harness-generation/edk2/Build/OvmfX64/DEBUG_CLANGPDB/X64/MdeModulePkg/Application/UiApp/UiApp/DEBUG/UiApp.dll.lto.obj:(.text$UiCreateEmptyLine)
00012cdd 00000000     0                 UiCreateEmptyLine
00012ce9 0000008e     1         /home/gl055/Research/Bootloaders/auto-harness-generation/edk2/Build/OvmfX64/DEBUG_CLANGPDB/X64/MdeModulePkg/Application/UiApp/UiApp/DEBUG/UiApp.dll.lto.obj:(.text$UiDevicePathToStr)
00012ce9 00000000     0                 UiDevicePathToStr
00012d77 00000480     1         /home/gl055/Research/Bootloaders/auto-harness-generation/edk2/Build/OvmfX64/DEBUG_CLANGPDB/X64/MdeModulePkg/Application/UiApp/UiApp/DEBUG/UiApp.dll.lto.obj:(.text$UiSetConsoleMode)
00012d77 00000000     0                 UiSetConsoleMode
000131f7 0000001f     1         /home/gl055/Research/Bootloaders/auto-harness-generation/edk2/Build/OvmfX64/DEBUG_CLANGPDB/X64/MdeModulePkg/Application/UiApp/UiApp/DEBUG/UiApp.dll.lto.obj:(.text$UnicodeSPrint)
000131f7 00000000     0                 UnicodeSPrint
00013216 00000077     1         /home/gl055/Research/Bootloaders/auto-harness-generation/edk2/Build/OvmfX64/DEBUG_CLANGPDB/X64/MdeModulePkg/Application/UiApp/UiApp/DEBUG/UiApp.dll.lto.obj:(.text$UnicodeVSPrint)
00013216 00000000     0                 UnicodeVSPrint
0001328d 000002c8     1         /home/gl055/Research/Bootloaders/auto-harness-generation/edk2/Build/OvmfX64/DEBUG_CLANGPDB/X64/MdeModulePkg/Application/UiApp/UiApp/DEBUG/UiApp.dll.lto.obj:(.text$UnicodeValueToStringS)
0001328d 00000000     0                 UnicodeValueToStringS
00013555 0000019d     1         /home/gl055/Research/Bootloaders/auto-harness-generation/edk2/Build/OvmfX64/DEBUG_CLANGPDB/X64/MdeModulePkg/Application/UiApp/UiApp/DEBUG/UiApp.dll.lto.obj:(.text$UpdateComAttributeFromVariable)
00013555 00000000     0                 UpdateComAttributeFromVariable
000136f2 000002be     1         /home/gl055/Research/Bootloaders/auto-harness-generation/edk2/Build/OvmfX64/DEBUG_CLANGPDB/X64/MdeModulePkg/Application/UiApp/UiApp/DEBUG/UiApp.dll.lto.obj:(.text$UpdateConsoleContent)
000136f2 00000000     0                 UpdateConsoleContent
000139b0 000001ff     1         /home/gl055/Research/Bootloaders/auto-harness-generation/edk2/Build/OvmfX64/DEBUG_CLANGPDB/X64/MdeModulePkg/Application/UiApp/UiApp/DEBUG/UiApp.dll.lto.obj:(.text$UpdateConsolePage)
000139b0 00000000     0                 UpdateConsolePage
00013baf 000001e8     1         /home/gl055/Research/Bootloaders/auto-harness-generation/edk2/Build/OvmfX64/DEBUG_CLANGPDB/X64/MdeModulePkg/Application/UiApp/UiApp/DEBUG/UiApp.dll.lto.obj:(.text$UpdateOrderPage)
00013baf 00000000     0                 UpdateOrderPage
00013d98 000000b0     4         /home/gl055/Research/Bootloaders/auto-harness-generation/edk2/Build/OvmfX64/DEBUG_CLANGPDB/X64/MdeModulePkg/Application/UiApp/UiApp/DEBUG/UiApp.dll.lto.obj:(.text$UpdatePageBody)
00013d98 00000000     0                 UpdatePageBody
00013e48 00000084     1         /home/gl055/Research/Bootloaders/auto-harness-generation/edk2/Build/OvmfX64/DEBUG_CLANGPDB/X64/MdeModulePkg/Application/UiApp/UiApp/DEBUG/UiApp.dll.lto.obj:(.text$UpdatePageEnd)
00013e48 00000000     0                 UpdatePageEnd
00013ecc 0000004f     1         /home/gl055/Research/Bootloaders/auto-harness-generation/edk2/Build/OvmfX64/DEBUG_CLANGPDB/X64/MdeModulePkg/Application/UiApp/UiApp/DEBUG/UiApp.dll.lto.obj:(.text$UpdatePageStart)
00013ecc 00000000     0                 UpdatePageStart
00013f1b 00000018     1         /home/gl055/Research/Bootloaders/auto-harness-generation/edk2/Build/OvmfX64/DEBUG_CLANGPDB/X64/MdeModulePkg/Application/UiApp/UiApp/DEBUG/UiApp.dll.lto.obj:(.text$Var_UpdateConsoleInpOption)
00013f1b 00000000     0                 Var_UpdateConsoleInpOption
00013f33 000001e2     1         /home/gl055/Research/Bootloaders/auto-harness-generation/edk2/Build/OvmfX64/DEBUG_CLANGPDB/X64/MdeModulePkg/Application/UiApp/UiApp/DEBUG/UiApp.dll.lto.obj:(.text$Var_UpdateConsoleOption)
00013f33 00000000     0                 Var_UpdateConsoleOption
00014115 00000018     1         /home/gl055/Research/Bootloaders/auto-harness-generation/edk2/Build/OvmfX64/DEBUG_CLANGPDB/X64/MdeModulePkg/Application/UiApp/UiApp/DEBUG/UiApp.dll.lto.obj:(.text$Var_UpdateConsoleOutOption)
00014115 00000000     0                 Var_UpdateConsoleOutOption
0001412d 00000018     1         /home/gl055/Research/Bootloaders/auto-harness-generation/edk2/Build/OvmfX64/DEBUG_CLANGPDB/X64/MdeModulePkg/Application/UiApp/UiApp/DEBUG/UiApp.dll.lto.obj:(.text$Var_UpdateErrorOutOption)
0001412d 00000000     0                 Var_UpdateErrorOutOption
00014145 00000036     1         /home/gl055/Research/Bootloaders/auto-harness-generation/edk2/Build/OvmfX64/DEBUG_CLANGPDB/X64/MdeModulePkg/Application/UiApp/UiApp/DEBUG/UiApp.dll.lto.obj:(.text$WriteUnaligned64)
00014145 00000000     0                 WriteUnaligned64
0001417b 0000006c     1         /home/gl055/Research/Bootloaders/auto-harness-generation/edk2/Build/OvmfX64/DEBUG_CLANGPDB/X64/MdeModulePkg/Application/UiApp/UiApp/DEBUG/UiApp.dll.lto.obj:(.text$ZeroMem)
0001417b 00000000     0                 ZeroMem
000141e7 00002a27     1         /home/gl055/Research/Bootloaders/auto-harness-generation/edk2/Build/OvmfX64/DEBUG_CLANGPDB/X64/MdeModulePkg/Application/UiApp/UiApp/DEBUG/UiApp.dll.lto.obj:(.text$_ModuleEntryPoint)
000141e7 00000000     0                 _ModuleEntryPoint
00016c20 000039b0  4096 .rdata
00016c20 00000006     1         /home/gl055/Research/Bootloaders/auto-harness-generation/edk2/Build/OvmfX64/DEBUG_CLANGPDB/X64/MdeModulePkg/Application/UiApp/UiApp/DEBUG/UiApp.dll.lto.obj:(.rdata)
00016c20 00000000     0                 .str
00016c26 0000000a     1         /home/gl055/Research/Bootloaders/auto-harness-generation/edk2/Build/OvmfX64/DEBUG_CLANGPDB/X64/MdeModulePkg/Application/UiApp/UiApp/DEBUG/UiApp.dll.lto.obj:(.rdata)
00016c26 00000000     0                 .str.2
00016c30 0000001b     1         /home/gl055/Research/Bootloaders/auto-harness-generation/edk2/Build/OvmfX64/DEBUG_CLANGPDB/X64/MdeModulePkg/Application/UiApp/UiApp/DEBUG/UiApp.dll.lto.obj:(.rdata)
00016c30 00000000     0                 .str.11
00016c4b 0000001d     1         /home/gl055/Research/Bootloaders/auto-harness-generation/edk2/Build/OvmfX64/DEBUG_CLANGPDB/X64/MdeModulePkg/Application/UiApp/UiApp/DEBUG/UiApp.dll.lto.obj:(.rdata)
00016c4b 00000000     0                 .str.1.12
00016c68 00000014     1         /home/gl055/Research/Bootloaders/auto-harness-generation/edk2/Build/OvmfX64/DEBUG_CLANGPDB/X64/MdeModulePkg/Application/UiApp/UiApp/DEBUG/UiApp.dll.lto.obj:(.rdata)
00016c68 00000000     0                 .str.2.13
00016c7c 00000014     1         /home/gl055/Research/Bootloaders/auto-harness-generation/edk2/Build/OvmfX64/DEBUG_CLANGPDB/X64/MdeModulePkg/Application/UiApp/UiApp/DEBUG/UiApp.dll.lto.obj:(.rdata)
00016c7c 00000000     0                 .str.3.14
00016c90 0000000b     1         /home/gl055/Research/Bootloaders/auto-harness-generation/edk2/Build/OvmfX64/DEBUG_CLANGPDB/X64/MdeModulePkg/Application/UiApp/UiApp/DEBUG/UiApp.dll.lto.obj:(.rdata)
00016c90 00000000     0                 .str.19
00016c9b 00000014     1         /home/gl055/Research/Bootloaders/auto-harness-generation/edk2/Build/OvmfX64/DEBUG_CLANGPDB/X64/MdeModulePkg/Application/UiApp/UiApp/DEBUG/UiApp.dll.lto.obj:(.rdata)
00016c9b 00000000     0                 .str.2.23
00016caf 0000001e     1         /home/gl055/Research/Bootloaders/auto-harness-generation/edk2/Build/OvmfX64/DEBUG_CLANGPDB/X64/MdeModulePkg/Application/UiApp/UiApp/DEBUG/UiApp.dll.lto.obj:(.rdata)
00016caf 00000000     0                 .str.34
00016ccd 00000014     1         /home/gl055/Research/Bootloaders/auto-harness-generation/edk2/Build/OvmfX64/DEBUG_CLANGPDB/X64/MdeModulePkg/Application/UiApp/UiApp/DEBUG/UiApp.dll.lto.obj:(.rdata)
00016ccd 00000000     0                 .str.1.35
00016ce1 00000014     1         /home/gl055/Research/Bootloaders/auto-harness-generation/edk2/Build/OvmfX64/DEBUG_CLANGPDB/X64/MdeModulePkg/Application/UiApp/UiApp/DEBUG/UiApp.dll.lto.obj:(.rdata)
00016ce1 00000000     0                 .str.1.39
00016cf5 00000032     1         /home/gl055/Research/Bootloaders/auto-harness-generation/edk2/Build/OvmfX64/DEBUG_CLANGPDB/X64/MdeModulePkg/Application/UiApp/UiApp/DEBUG/UiApp.dll.lto.obj:(.rdata)
00016cf5 00000000     0                 .str.3.41
00016d27 00000047     1         /home/gl055/Research/Bootloaders/auto-harness-generation/edk2/Build/OvmfX64/DEBUG_CLANGPDB/X64/MdeModulePkg/Application/UiApp/UiApp/DEBUG/UiApp.dll.lto.obj:(.rdata)
00016d27 00000000     0                 .str.6
00016d6e 0000000a     1         /home/gl055/Research/Bootloaders/auto-harness-generation/edk2/Build/OvmfX64/DEBUG_CLANGPDB/X64/MdeModulePkg/Application/UiApp/UiApp/DEBUG/UiApp.dll.lto.obj:(.rdata)
00016d6e 00000000     0                 .str.45
00016d78 0000001a     1         /home/gl055/Research/Bootloaders/auto-harness-generation/edk2/Build/OvmfX64/DEBUG_CLANGPDB/X64/MdeModulePkg/Application/UiApp/UiApp/DEBUG/UiApp.dll.lto.obj:(.rdata)
00016d78 00000000     0                 .str.1.46
00016d92 00000016     1         /home/gl055/Research/Bootloaders/auto-harness-generation/edk2/Build/OvmfX64/DEBUG_CLANGPDB/X64/MdeModulePkg/Application/UiApp/UiApp/DEBUG/UiApp.dll.lto.obj:(.rdata)
00016d92 00000000     0                 .str.2.47
00016da8 0000001e     1         /home/gl055/Research/Bootloaders/auto-harness-generation/edk2/Build/OvmfX64/DEBUG_CLANGPDB/X64/MdeModulePkg/Application/UiApp/UiApp/DEBUG/UiApp.dll.lto.obj:(.rdata)
00016da8 00000000     0                 .str.12
00016dc6 0000001e     1         /home/gl055/Research/Bootloaders/auto-harness-generation/edk2/Build/OvmfX64/DEBUG_CLANGPDB/X64/MdeModulePkg/Application/UiApp/UiApp/DEBUG/UiApp.dll.lto.obj:(.rdata)
00016dc6 00000000     0                 .str.14
00016de4 00000046     1         /home/gl055/Research/Bootloaders/auto-harness-generation/edk2/Build/OvmfX64/DEBUG_CLANGPDB/X64/MdeModulePkg/Application/UiApp/UiApp/DEBUG/UiApp.dll.lto.obj:(.rdata)
00016de4 00000000     0                 .str.15
00016e2a 00000017     1         /home/gl055/Research/Bootloaders/auto-harness-generation/edk2/Build/OvmfX64/DEBUG_CLANGPDB/X64/MdeModulePkg/Application/UiApp/UiApp/DEBUG/UiApp.dll.lto.obj:(.rdata)
00016e2a 00000000     0                 .str.16
00016e41 00000023     1         /home/gl055/Research/Bootloaders/auto-harness-generation/edk2/Build/OvmfX64/DEBUG_CLANGPDB/X64/MdeModulePkg/Application/UiApp/UiApp/DEBUG/UiApp.dll.lto.obj:(.rdata)
00016e41 00000000     0                 .str.17
00016e64 00000009     1         /home/gl055/Research/Bootloaders/auto-harness-generation/edk2/Build/OvmfX64/DEBUG_CLANGPDB/X64/MdeModulePkg/Application/UiApp/UiApp/DEBUG/UiApp.dll.lto.obj:(.rdata)
00016e64 00000000     0                 .str.1.49
00016e6d 00000019     1         /home/gl055/Research/Bootloaders/auto-harness-generation/edk2/Build/OvmfX64/DEBUG_CLANGPDB/X64/MdeModulePkg/Application/UiApp/UiApp/DEBUG/UiApp.dll.lto.obj:(.rdata)
00016e6d 00000000     0                 .str.3.51
00016e86 00000019     1         /home/gl055/Research/Bootloaders/auto-harness-generation/edk2/Build/OvmfX64/DEBUG_CLANGPDB/X64/MdeModulePkg/Application/UiApp/UiApp/DEBUG/UiApp.dll.lto.obj:(.rdata)
00016e86 00000000     0                 .str.4.54
00016e9f 00000015     1         /home/gl055/Research/Bootloaders/auto-harness-generation/edk2/Build/OvmfX64/DEBUG_CLANGPDB/X64/MdeModulePkg/Application/UiApp/UiApp/DEBUG/UiApp.dll.lto.obj:(.rdata)
00016e9f 00000000     0                 .str.1.58
00016eb4 00000016     1         /home/gl055/Research/Bootloaders/auto-harness-generation/edk2/Build/OvmfX64/DEBUG_CLANGPDB/X64/MdeModulePkg/Application/UiApp/UiApp/DEBUG/UiApp.dll.lto.obj:(.rdata)
00016eb4 00000000     0                 .str.1.63
00016eca 00000014     1         /home/gl055/Research/Bootloaders/auto-harness-generation/edk2/Build/OvmfX64/DEBUG_CLANGPDB/X64/MdeModulePkg/Application/UiApp/UiApp/DEBUG/UiApp.dll.lto.obj:(.rdata)
00016eca 00000000     0                 .str.3.65
00016ede 0000000f     1         /home/gl055/Research/Bootloaders/auto-harness-generation/edk2/Build/OvmfX64/DEBUG_CLANGPDB/X64/MdeModulePkg/Application/UiApp/UiApp/DEBUG/UiApp.dll.lto.obj:(.rdata)
00016ede 00000000     0                 .str.67
00016eed 00000015     1         /home/gl055/Research/Bootloaders/auto-harness-generation/edk2/Build/OvmfX64/DEBUG_CLANGPDB/X64/MdeModulePkg/Application/UiApp/UiApp/DEBUG/UiApp.dll.lto.obj:(.rdata)
00016eed 00000000     0                 .str.6.68
00016f02 00000017     1         /home/gl055/Research/Bootloaders/auto-harness-generation/edk2/Build/OvmfX64/DEBUG_CLANGPDB/X64/MdeModulePkg/Application/UiApp/UiApp/DEBUG/UiApp.dll.lto.obj:(.rdata)
00016f02 00000000     0                 .str.8
00016f19 00000014     1         /home/gl055/Research/Bootloaders/auto-harness-generation/edk2/Build/OvmfX64/DEBUG_CLANGPDB/X64/MdeModulePkg/Application/UiApp/UiApp/DEBUG/UiApp.dll.lto.obj:(.rdata)
00016f19 00000000     0                 .str.9
00016f2e 00000028     2         /home/gl055/Research/Bootloaders/auto-harness-generation/edk2/Build/OvmfX64/DEBUG_CLANGPDB/X64/MdeModulePkg/Application/UiApp/UiApp/DEBUG/UiApp.dll.lto.obj:(.rdata)
00016f2e 00000000     0                 .str.11.77
00016f56 00000020     2         /home/gl055/Research/Bootloaders/auto-harness-generation/edk2/Build/OvmfX64/DEBUG_CLANGPDB/X64/MdeModulePkg/Application/UiApp/UiApp/DEBUG/UiApp.dll.lto.obj:(.rdata)
00016f56 00000000     0                 .str.12.76
00016f76 00000029     1         /home/gl055/Research/Bootloaders/auto-harness-generation/edk2/Build/OvmfX64/DEBUG_CLANGPDB/X64/MdeModulePkg/Application/UiApp/UiApp/DEBUG/UiApp.dll.lto.obj:(.rdata)
00016f76 00000000     0                 .str.13
00016fa0 00000012     2         /home/gl055/Research/Bootloaders/auto-harness-generation/edk2/Build/OvmfX64/DEBUG_CLANGPDB/X64/MdeModulePkg/Application/UiApp/UiApp/DEBUG/UiApp.dll.lto.obj:(.rdata)
00016fa0 00000000     0                 .str.14.78
00016fb2 0000000a     2         /home/gl055/Research/Bootloaders/auto-harness-generation/edk2/Build/OvmfX64/DEBUG_CLANGPDB/X64/MdeModulePkg/Application/UiApp/UiApp/DEBUG/UiApp.dll.lto.obj:(.rdata)
00016fb2 00000000     0                 .str.15.66
00016fbc 0000002e     1         /home/gl055/Research/Bootloaders/auto-harness-generation/edk2/Build/OvmfX64/DEBUG_CLANGPDB/X64/MdeModulePkg/Application/UiApp/UiApp/DEBUG/UiApp.dll.lto.obj:(.rdata)
00016fbc 00000000     0                 .str.16.79
00016fea 00000025     1         /home/gl055/Research/Bootloaders/auto-harness-generation/edk2/Build/OvmfX64/DEBUG_CLANGPDB/X64/MdeModulePkg/Application/UiApp/UiApp/DEBUG/UiApp.dll.lto.obj:(.rdata)
00016fea 00000000     0                 .str.17.82
0001700f 00000031     1         /home/gl055/Research/Bootloaders/auto-harness-generation/edk2/Build/OvmfX64/DEBUG_CLANGPDB/X64/MdeModulePkg/Application/UiApp/UiApp/DEBUG/UiApp.dll.lto.obj:(.rdata)
0001700f 00000000     0                 .str.18
00017040 00000010     1         /home/gl055/Research/Bootloaders/auto-harness-generation/edk2/Build/OvmfX64/DEBUG_CLANGPDB/X64/MdeModulePkg/Application/UiApp/UiApp/DEBUG/UiApp.dll.lto.obj:(.rdata)
00017040 00000000     0                 .str.86
00017050 0000001f     1         /home/gl055/Research/Bootloaders/auto-harness-generation/edk2/Build/OvmfX64/DEBUG_CLANGPDB/X64/MdeModulePkg/Application/UiApp/UiApp/DEBUG/UiApp.dll.lto.obj:(.rdata)
00017050 00000000     0                 .str.2.93
00017070 0000000a     2         /home/gl055/Research/Bootloaders/auto-harness-generation/edk2/Build/OvmfX64/DEBUG_CLANGPDB/X64/MdeModulePkg/Application/UiApp/UiApp/DEBUG/UiApp.dll.lto.obj:(.rdata)
00017070 00000000     0                 .str.3.94
0001707a 00000015     1         /home/gl055/Research/Bootloaders/auto-harness-generation/edk2/Build/OvmfX64/DEBUG_CLANGPDB/X64/MdeModulePkg/Application/UiApp/UiApp/DEBUG/UiApp.dll.lto.obj:(.rdata)
0001707a 00000000     0                 .str.4.92
00017090 0000000c     2         /home/gl055/Research/Bootloaders/auto-harness-generation/edk2/Build/OvmfX64/DEBUG_CLANGPDB/X64/MdeModulePkg/Application/UiApp/UiApp/DEBUG/UiApp.dll.lto.obj:(.rdata)
00017090 00000000     0                 .str.5.85
0001709c 00000030     1         /home/gl055/Research/Bootloaders/auto-harness-generation/edk2/Build/OvmfX64/DEBUG_CLANGPDB/X64/MdeModulePkg/Application/UiApp/UiApp/DEBUG/UiApp.dll.lto.obj:(.rdata)
0001709c 00000000     0                 .str.12.99
000170cc 00000016     2         /home/gl055/Research/Bootloaders/auto-harness-generation/edk2/Build/OvmfX64/DEBUG_CLANGPDB/X64/MdeModulePkg/Application/UiApp/UiApp/DEBUG/UiApp.dll.lto.obj:(.rdata)
000170cc 00000000     0                 .str.110
[...]
000212a0 00000000     0                 gDS
000212a8 00000008     8         /home/gl055/Research/Bootloaders/auto-harness-generation/edk2/Build/OvmfX64/DEBUG_CLANGPDB/X64/MdeModulePkg/Application/UiApp/UiApp/DEBUG/UiApp.dll.lto.obj:(.bss$gFormBrowser2)
000212a8 00000000     0                 gFormBrowser2
000212b0 00000008     8         /home/gl055/Research/Bootloaders/auto-harness-generation/edk2/Build/OvmfX64/DEBUG_CLANGPDB/X64/MdeModulePkg/Application/UiApp/UiApp/DEBUG/UiApp.dll.lto.obj:(.bss$gHiiConfigRouting)
000212b0 00000000     0                 gHiiConfigRouting
000212b8 00000008     8         /home/gl055/Research/Bootloaders/auto-harness-generation/edk2/Build/OvmfX64/DEBUG_CLANGPDB/X64/MdeModulePkg/Application/UiApp/UiApp/DEBUG/UiApp.dll.lto.obj:(.bss$gHiiDatabase)
000212b8 00000000     0                 gHiiDatabase
000212c0 00000008     8         /home/gl055/Research/Bootloaders/auto-harness-generation/edk2/Build/OvmfX64/DEBUG_CLANGPDB/X64/MdeModulePkg/Application/UiApp/UiApp/DEBUG/UiApp.dll.lto.obj:(.bss$gHiiDriverList)
000212c0 00000000     0                 gHiiDriverList
000212c8 00000008     8         /home/gl055/Research/Bootloaders/auto-harness-generation/edk2/Build/OvmfX64/DEBUG_CLANGPDB/X64/MdeModulePkg/Application/UiApp/UiApp/DEBUG/UiApp.dll.lto.obj:(.bss$gHiiDriverList.963)
000212c8 00000000     0                 gHiiDriverList.963
000212d0 00000008     8         /home/gl055/Research/Bootloaders/auto-harness-generation/edk2/Build/OvmfX64/DEBUG_CLANGPDB/X64/MdeModulePkg/Application/UiApp/UiApp/DEBUG/UiApp.dll.lto.obj:(.bss$gHiiFont)
000212d0 00000000     0                 gHiiFont
000212d8 00000008     8         /home/gl055/Research/Bootloaders/auto-harness-generation/edk2/Build/OvmfX64/DEBUG_CLANGPDB/X64/MdeModulePkg/Application/UiApp/UiApp/DEBUG/UiApp.dll.lto.obj:(.bss$gHiiImage)
000212d8 00000000     0                 gHiiImage
000212e0 00000008     8         /home/gl055/Research/Bootloaders/auto-harness-generation/edk2/Build/OvmfX64/DEBUG_CLANGPDB/X64/MdeModulePkg/Application/UiApp/UiApp/DEBUG/UiApp.dll.lto.obj:(.bss$gHiiString)
000212e0 00000000     0                 gHiiString
000212e8 00000008     8         /home/gl055/Research/Bootloaders/auto-harness-generation/edk2/Build/OvmfX64/DEBUG_CLANGPDB/X64/MdeModulePkg/Application/UiApp/UiApp/DEBUG/UiApp.dll.lto.obj:(.bss$gHiiVendorDevicePath)
000212e8 00000000     0                 gHiiVendorDevicePath
000212f0 00000008     8         /home/gl055/Research/Bootloaders/auto-harness-generation/edk2/Build/OvmfX64/DEBUG_CLANGPDB/X64/MdeModulePkg/Application/UiApp/UiApp/DEBUG/UiApp.dll.lto.obj:(.bss$gImageHandle)
000212f0 00000000     0                 gImageHandle
000212f8 00000008     8         /home/gl055/Research/Bootloaders/auto-harness-generation/edk2/Build/OvmfX64/DEBUG_CLANGPDB/X64/MdeModulePkg/Application/UiApp/UiApp/DEBUG/UiApp.dll.lto.obj:(.bss$gLanguageString)
000212f8 00000000     0                 gLanguageString
00021300 00000008     8         /home/gl055/Research/Bootloaders/auto-harness-generation/edk2/Build/OvmfX64/DEBUG_CLANGPDB/X64/MdeModulePkg/Application/UiApp/UiApp/DEBUG/UiApp.dll.lto.obj:(.bss$gLanguageToken)
00021300 00000000     0                 gLanguageToken
00021308 00000008     8         /home/gl055/Research/Bootloaders/auto-harness-generation/edk2/Build/OvmfX64/DEBUG_CLANGPDB/X64/MdeModulePkg/Application/UiApp/UiApp/DEBUG/UiApp.dll.lto.obj:(.bss$gRT)
00021308 00000000     0                 gRT
00021310 00000008     8         /home/gl055/Research/Bootloaders/auto-harness-generation/edk2/Build/OvmfX64/DEBUG_CLANGPDB/X64/MdeModulePkg/Application/UiApp/UiApp/DEBUG/UiApp.dll.lto.obj:(.bss$gST)
00021310 00000000     0                 gST
00021318 00000008     8         /home/gl055/Research/Bootloaders/auto-harness-generation/edk2/Build/OvmfX64/DEBUG_CLANGPDB/X64/MdeModulePkg/Application/UiApp/UiApp/DEBUG/UiApp.dll.lto.obj:(.bss$gStringPackHandle)
00021318 00000000     0                 gStringPackHandle
00021320 00000001     1         /home/gl055/Research/Bootloaders/auto-harness-generation/edk2/Build/OvmfX64/DEBUG_CLANGPDB/X64/MdeModulePkg/Application/UiApp/UiApp/DEBUG/UiApp.dll.lto.obj:(.bss$mAllMenuInit)
00021320 00000000     0                 mAllMenuInit
00021324 00000004     4         /home/gl055/Research/Bootloaders/auto-harness-generation/edk2/Build/OvmfX64/DEBUG_CLANGPDB/X64/MdeModulePkg/Application/UiApp/UiApp/DEBUG/UiApp.dll.lto.obj:(.bss$mBmBootHorizontalResolution)
00021324 00000000     0                 mBmBootHorizontalResolution
00021328 00000004     4         /home/gl055/Research/Bootloaders/auto-harness-generation/edk2/Build/OvmfX64/DEBUG_CLANGPDB/X64/MdeModulePkg/Application/UiApp/UiApp/DEBUG/UiApp.dll.lto.obj:(.bss$mBmBootTextModeColumn)
00021328 00000000     0                 mBmBootTextModeColumn
0002132c 00000004     4         /home/gl055/Research/Bootloaders/auto-harness-generation/edk2/Build/OvmfX64/DEBUG_CLANGPDB/X64/MdeModulePkg/Application/UiApp/UiApp/DEBUG/UiApp.dll.lto.obj:(.bss$mBmBootTextModeRow)
0002132c 00000000     0                 mBmBootTextModeRow
00021330 00000004     4         /home/gl055/Research/Bootloaders/auto-harness-generation/edk2/Build/OvmfX64/DEBUG_CLANGPDB/X64/MdeModulePkg/Application/UiApp/UiApp/DEBUG/UiApp.dll.lto.obj:(.bss$mBmBootVerticalResolution)
00021330 00000000     0                 mBmBootVerticalResolution
00021338 00000001     8         /home/gl055/Research/Bootloaders/auto-harness-generation/edk2/Build/OvmfX64/DEBUG_CLANGPDB/X64/MdeModulePkg/Application/UiApp/UiApp/DEBUG/UiApp.dll.lto.obj:(.bss$mBmHotkeyLock.2)
00021338 00000000     0                 mBmHotkeyLock.2
00021339 00000001     1         /home/gl055/Research/Bootloaders/auto-harness-generation/edk2/Build/OvmfX64/DEBUG_CLANGPDB/X64/MdeModulePkg/Application/UiApp/UiApp/DEBUG/UiApp.dll.lto.obj:(.bss$mBmModeInitialized)
00021339 00000000     0                 mBmModeInitialized
0002133c 00000004     4         /home/gl055/Research/Bootloaders/auto-harness-generation/edk2/Build/OvmfX64/DEBUG_CLANGPDB/X64/MdeModulePkg/Application/UiApp/UiApp/DEBUG/UiApp.dll.lto.obj:(.bss$mBmSetupHorizontalResolution)
0002133c 00000000     0                 mBmSetupHorizontalResolution
00021340 00000004     4         /home/gl055/Research/Bootloaders/auto-harness-generation/edk2/Build/OvmfX64/DEBUG_CLANGPDB/X64/MdeModulePkg/Application/UiApp/UiApp/DEBUG/UiApp.dll.lto.obj:(.bss$mBmSetupTextModeColumn)
00021340 00000000     0                 mBmSetupTextModeColumn
00021344 00000004     4         /home/gl055/Research/Bootloaders/auto-harness-generation/edk2/Build/OvmfX64/DEBUG_CLANGPDB/X64/MdeModulePkg/Application/UiApp/UiApp/DEBUG/UiApp.dll.lto.obj:(.bss$mBmSetupTextModeRow)
00021344 00000000     0                 mBmSetupTextModeRow
00021348 00000004     4         /home/gl055/Research/Bootloaders/auto-harness-generation/edk2/Build/OvmfX64/DEBUG_CLANGPDB/X64/MdeModulePkg/Application/UiApp/UiApp/DEBUG/UiApp.dll.lto.obj:(.bss$mBmSetupVerticalResolution)
00021348 00000000     0                 mBmSetupVerticalResolution
0002134c 00000004     4         /home/gl055/Research/Bootloaders/auto-harness-generation/edk2/Build/OvmfX64/DEBUG_CLANGPDB/X64/MdeModulePkg/Application/UiApp/UiApp/DEBUG/UiApp.dll.lto.obj:(.bss$mBmmBootHorizontalResolution)
0002134c 00000000     0                 mBmmBootHorizontalResolution
00021350 00000004     4         /home/gl055/Research/Bootloaders/auto-harness-generation/edk2/Build/OvmfX64/DEBUG_CLANGPDB/X64/MdeModulePkg/Application/UiApp/UiApp/DEBUG/UiApp.dll.lto.obj:(.bss$mBmmBootTextModeColumn)
00021350 00000000     0                 mBmmBootTextModeColumn
00021354 00000004     4         /home/gl055/Research/Bootloaders/auto-harness-generation/edk2/Build/OvmfX64/DEBUG_CLANGPDB/X64/MdeModulePkg/Application/UiApp/UiApp/DEBUG/UiApp.dll.lto.obj:(.bss$mBmmBootTextModeRow)
00021354 00000000     0                 mBmmBootTextModeRow
00021358 00000004     4         /home/gl055/Research/Bootloaders/auto-harness-generation/edk2/Build/OvmfX64/DEBUG_CLANGPDB/X64/MdeModulePkg/Application/UiApp/UiApp/DEBUG/UiApp.dll.lto.obj:(.bss$mBmmBootVerticalResolution)
00021358 00000000     0                 mBmmBootVerticalResolution
0002135c 00000001     1         /home/gl055/Research/Bootloaders/auto-harness-generation/edk2/Build/OvmfX64/DEBUG_CLANGPDB/X64/MdeModulePkg/Application/UiApp/UiApp/DEBUG/UiApp.dll.lto.obj:(.bss$mBmmModeInitialized)
0002135c 00000000     0                 mBmmModeInitialized
00021360 00000004     4         /home/gl055/Research/Bootloaders/auto-harness-generation/edk2/Build/OvmfX64/DEBUG_CLANGPDB/X64/MdeModulePkg/Application/UiApp/UiApp/DEBUG/UiApp.dll.lto.obj:(.bss$mBmmSetupHorizontalResolution)
00021360 00000000     0                 mBmmSetupHorizontalResolution
00021364 00000004     4         /home/gl055/Research/Bootloaders/auto-harness-generation/edk2/Build/OvmfX64/DEBUG_CLANGPDB/X64/MdeModulePkg/Application/UiApp/UiApp/DEBUG/UiApp.dll.lto.obj:(.bss$mBmmSetupTextModeColumn)
00021364 00000000     0                 mBmmSetupTextModeColumn
00021368 00000004     4         /home/gl055/Research/Bootloaders/auto-harness-generation/edk2/Build/OvmfX64/DEBUG_CLANGPDB/X64/MdeModulePkg/Application/UiApp/UiApp/DEBUG/UiApp.dll.lto.obj:(.bss$mBmmSetupTextModeRow)
00021368 00000000     0                 mBmmSetupTextModeRow
0002136c 00000004     4         /home/gl055/Research/Bootloaders/auto-harness-generation/edk2/Build/OvmfX64/DEBUG_CLANGPDB/X64/MdeModulePkg/Application/UiApp/UiApp/DEBUG/UiApp.dll.lto.obj:(.bss$mBmmSetupVerticalResolution)
0002136c 00000000     0                 mBmmSetupVerticalResolution
00021370 00000004     4         /home/gl055/Research/Bootloaders/auto-harness-generation/edk2/Build/OvmfX64/DEBUG_CLANGPDB/X64/MdeModulePkg/Application/UiApp/UiApp/DEBUG/UiApp.dll.lto.obj:(.bss$mBootHorizontalResolution)
00021370 00000000     0                 mBootHorizontalResolution
00021374 00000004     4         /home/gl055/Research/Bootloaders/auto-harness-generation/edk2/Build/OvmfX64/DEBUG_CLANGPDB/X64/MdeModulePkg/Application/UiApp/UiApp/DEBUG/UiApp.dll.lto.obj:(.bss$mBootTextModeColumn)
00021374 00000000     0                 mBootTextModeColumn
00021378 00000004     4         /home/gl055/Research/Bootloaders/auto-harness-generation/edk2/Build/OvmfX64/DEBUG_CLANGPDB/X64/MdeModulePkg/Application/UiApp/UiApp/DEBUG/UiApp.dll.lto.obj:(.bss$mBootTextModeRow)
00021378 00000000     0                 mBootTextModeRow
0002137c 00000004     4         /home/gl055/Research/Bootloaders/auto-harness-generation/edk2/Build/OvmfX64/DEBUG_CLANGPDB/X64/MdeModulePkg/Application/UiApp/UiApp/DEBUG/UiApp.dll.lto.obj:(.bss$mBootVerticalResolution)
0002137c 00000000     0                 mBootVerticalResolution
00021380 00000001     1         /home/gl055/Research/Bootloaders/auto-harness-generation/edk2/Build/OvmfX64/DEBUG_CLANGPDB/X64/MdeModulePkg/Application/UiApp/UiApp/DEBUG/UiApp.dll.lto.obj:(.bss$mCcProbeGuestType)
00021380 00000000     0                 mCcProbeGuestType
00021381 00000001     1         /home/gl055/Research/Bootloaders/auto-harness-generation/edk2/Build/OvmfX64/DEBUG_CLANGPDB/X64/MdeModulePkg/Application/UiApp/UiApp/DEBUG/UiApp.dll.lto.obj:(.bss$mCcProbed)
00021381 00000000     0                 mCcProbed
00021382 00000001     1         /home/gl055/Research/Bootloaders/auto-harness-generation/edk2/Build/OvmfX64/DEBUG_CLANGPDB/X64/MdeModulePkg/Application/UiApp/UiApp/DEBUG/UiApp.dll.lto.obj:(.bss$mDebugIoPortChecked)
00021382 00000000     0                 mDebugIoPortChecked
00021383 00000001     1         /home/gl055/Research/Bootloaders/auto-harness-generation/edk2/Build/OvmfX64/DEBUG_CLANGPDB/X64/MdeModulePkg/Application/UiApp/UiApp/DEBUG/UiApp.dll.lto.obj:(.bss$mDebugIoPortFound)
00021383 00000000     0                 mDebugIoPortFound
00021388 00000008     8         /home/gl055/Research/Bootloaders/auto-harness-generation/edk2/Build/OvmfX64/DEBUG_CLANGPDB/X64/MdeModulePkg/Application/UiApp/UiApp/DEBUG/UiApp.dll.lto.obj:(.bss$mDevicePathLibDevicePathToText)
00021388 00000000     0                 mDevicePathLibDevicePathToText
00021390 00000008     8         /home/gl055/Research/Bootloaders/auto-harness-generation/edk2/Build/OvmfX64/DEBUG_CLANGPDB/X64/MdeModulePkg/Application/UiApp/UiApp/DEBUG/UiApp.dll.lto.obj:(.bss$mDevicePathLibDevicePathUtilities)
00021390 00000000     0                 mDevicePathLibDevicePathUtilities
00021398 00000008     8         /home/gl055/Research/Bootloaders/auto-harness-generation/edk2/Build/OvmfX64/DEBUG_CLANGPDB/X64/MdeModulePkg/Application/UiApp/UiApp/DEBUG/UiApp.dll.lto.obj:(.bss$mEndLabel)
00021398 00000000     0                 mEndLabel
000213a0 00000008     8         /home/gl055/Research/Bootloaders/auto-harness-generation/edk2/Build/OvmfX64/DEBUG_CLANGPDB/X64/MdeModulePkg/Application/UiApp/UiApp/DEBUG/UiApp.dll.lto.obj:(.bss$mEndOpCodeHandle)
000213a0 00000000     0                 mEndOpCodeHandle
000213a8 00000001     1         /home/gl055/Research/Bootloaders/auto-harness-generation/edk2/Build/OvmfX64/DEBUG_CLANGPDB/X64/MdeModulePkg/Application/UiApp/UiApp/DEBUG/UiApp.dll.lto.obj:(.bss$mFirstEnterBMMForm)
000213a8 00000000     0                 mFirstEnterBMMForm
000213b0 00000008     8         /home/gl055/Research/Bootloaders/auto-harness-generation/edk2/Build/OvmfX64/DEBUG_CLANGPDB/X64/MdeModulePkg/Application/UiApp/UiApp/DEBUG/UiApp.dll.lto.obj:(.bss$mHobList)
000213b0 00000000     0                 mHobList
000213b8 00000002     2         /home/gl055/Research/Bootloaders/auto-harness-generation/edk2/Build/OvmfX64/DEBUG_CLANGPDB/X64/MdeModulePkg/Application/UiApp/UiApp/DEBUG/UiApp.dll.lto.obj:(.bss$mKeyInput)
000213b8 00000000     0                 mKeyInput
000213c0 00000008     8         /home/gl055/Research/Bootloaders/auto-harness-generation/edk2/Build/OvmfX64/DEBUG_CLANGPDB/X64/MdeModulePkg/Application/UiApp/UiApp/DEBUG/UiApp.dll.lto.obj:(.bss$mLibEndLabel)
000213c0 00000000     0                 mLibEndLabel
000213c8 00000008     8         /home/gl055/Research/Bootloaders/auto-harness-generation/edk2/Build/OvmfX64/DEBUG_CLANGPDB/X64/MdeModulePkg/Application/UiApp/UiApp/DEBUG/UiApp.dll.lto.obj:(.bss$mLibEndOpCodeHandle)
000213c8 00000000     0                 mLibEndOpCodeHandle
000213d0 00000008     8         /home/gl055/Research/Bootloaders/auto-harness-generation/edk2/Build/OvmfX64/DEBUG_CLANGPDB/X64/MdeModulePkg/Application/UiApp/UiApp/DEBUG/UiApp.dll.lto.obj:(.bss$mLibStartLabel)
000213d0 00000000     0                 mLibStartLabel
000213d8 00000008     8         /home/gl055/Research/Bootloaders/auto-harness-generation/edk2/Build/OvmfX64/DEBUG_CLANGPDB/X64/MdeModulePkg/Application/UiApp/UiApp/DEBUG/UiApp.dll.lto.obj:(.bss$mLibStartOpCodeHandle)
000213d8 00000000     0                 mLibStartOpCodeHandle
000213e0 00000008     8         /home/gl055/Research/Bootloaders/auto-harness-generation/edk2/Build/OvmfX64/DEBUG_CLANGPDB/X64/MdeModulePkg/Application/UiApp/UiApp/DEBUG/UiApp.dll.lto.obj:(.bss$mMacDeviceList.0)
000213e0 00000000     0                 mMacDeviceList.0
000213e8 00000008     8         /home/gl055/Research/Bootloaders/auto-harness-generation/edk2/Build/OvmfX64/DEBUG_CLANGPDB/X64/MdeModulePkg/Application/UiApp/UiApp/DEBUG/UiApp.dll.lto.obj:(.bss$mMacDeviceList.1)
000213e8 00000000     0                 mMacDeviceList.1
000213f0 00000008     8         /home/gl055/Research/Bootloaders/auto-harness-generation/edk2/Build/OvmfX64/DEBUG_CLANGPDB/X64/MdeModulePkg/Application/UiApp/UiApp/DEBUG/UiApp.dll.lto.obj:(.bss$mMacDeviceList.2)
000213f0 00000000     0                 mMacDeviceList.2
000213f8 00000001     1         /home/gl055/Research/Bootloaders/auto-harness-generation/edk2/Build/OvmfX64/DEBUG_CLANGPDB/X64/MdeModulePkg/Application/UiApp/UiApp/DEBUG/UiApp.dll.lto.obj:(.bss$mModeInitialized)
000213f8 00000000     0                 mModeInitialized
00021400 00000028    16         /home/gl055/Research/Bootloaders/auto-harness-generation/edk2/Build/OvmfX64/DEBUG_CLANGPDB/X64/MdeModulePkg/Application/UiApp/UiApp/DEBUG/UiApp.dll.lto.obj:(.bss$mNewFileName)
00021400 00000000     0                 mNewFileName
00021430 00000028    16         /home/gl055/Research/Bootloaders/auto-harness-generation/edk2/Build/OvmfX64/DEBUG_CLANGPDB/X64/MdeModulePkg/Application/UiApp/UiApp/DEBUG/UiApp.dll.lto.obj:(.bss$mNewFolderName)
00021430 00000000     0                 mNewFolderName
00021458 00000008     8         /home/gl055/Research/Bootloaders/auto-harness-generation/edk2/Build/OvmfX64/DEBUG_CLANGPDB/X64/MdeModulePkg/Application/UiApp/UiApp/DEBUG/UiApp.dll.lto.obj:(.bss$mPcd)
00021458 00000000     0                 mPcd
00021460 00000002     2         /home/gl055/Research/Bootloaders/auto-harness-generation/edk2/Build/OvmfX64/DEBUG_CLANGPDB/X64/MdeModulePkg/Application/UiApp/UiApp/DEBUG/UiApp.dll.lto.obj:(.bss$mQuestionIdUpdate)
00021460 00000000     0                 mQuestionIdUpdate
00021468 00000008     8         /home/gl055/Research/Bootloaders/auto-harness-generation/edk2/Build/OvmfX64/DEBUG_CLANGPDB/X64/MdeModulePkg/Application/UiApp/UiApp/DEBUG/UiApp.dll.lto.obj:(.bss$mRamDisk)
00021468 00000000     0                 mRamDisk
00021470 00000008     8         /home/gl055/Research/Bootloaders/auto-harness-generation/edk2/Build/OvmfX64/DEBUG_CLANGPDB/X64/MdeModulePkg/Application/UiApp/UiApp/DEBUG/UiApp.dll.lto.obj:(.bss$mReportStatusCodeLibStatusCodeProtocol)
00021470 00000000     0                 mReportStatusCodeLibStatusCodeProtocol
00021478 00000001     1         /home/gl055/Research/Bootloaders/auto-harness-generation/edk2/Build/OvmfX64/DEBUG_CLANGPDB/X64/MdeModulePkg/Application/UiApp/UiApp/DEBUG/UiApp.dll.lto.obj:(.bss$mResetRequired)
00021478 00000000     0                 mResetRequired
00021480 00000008     8         /home/gl055/Research/Bootloaders/auto-harness-generation/edk2/Build/OvmfX64/DEBUG_CLANGPDB/X64/MdeModulePkg/Application/UiApp/UiApp/DEBUG/UiApp.dll.lto.obj:(.bss$mSelectedMacAddrString)
00021480 00000000     0                 mSelectedMacAddrString
00021488 00000004     4         /home/gl055/Research/Bootloaders/auto-harness-generation/edk2/Build/OvmfX64/DEBUG_CLANGPDB/X64/MdeModulePkg/Application/UiApp/UiApp/DEBUG/UiApp.dll.lto.obj:(.bss$mSetupHorizontalResolution)
00021488 00000000     0                 mSetupHorizontalResolution
0002148c 00000004     4         /home/gl055/Research/Bootloaders/auto-harness-generation/edk2/Build/OvmfX64/DEBUG_CLANGPDB/X64/MdeModulePkg/Application/UiApp/UiApp/DEBUG/UiApp.dll.lto.obj:(.bss$mSetupTextModeColumn)
0002148c 00000000     0                 mSetupTextModeColumn
00021490 00000004     4         /home/gl055/Research/Bootloaders/auto-harness-generation/edk2/Build/OvmfX64/DEBUG_CLANGPDB/X64/MdeModulePkg/Application/UiApp/UiApp/DEBUG/UiApp.dll.lto.obj:(.bss$mSetupTextModeRow)
00021490 00000000     0                 mSetupTextModeRow
00021494 00000004     4         /home/gl055/Research/Bootloaders/auto-harness-generation/edk2/Build/OvmfX64/DEBUG_CLANGPDB/X64/MdeModulePkg/Application/UiApp/UiApp/DEBUG/UiApp.dll.lto.obj:(.bss$mSetupVerticalResolution)
00021494 00000000     0                 mSetupVerticalResolution
00021498 00000008     8         /home/gl055/Research/Bootloaders/auto-harness-generation/edk2/Build/OvmfX64/DEBUG_CLANGPDB/X64/MdeModulePkg/Application/UiApp/UiApp/DEBUG/UiApp.dll.lto.obj:(.bss$mStartLabel)
00021498 00000000     0                 mStartLabel
000214a0 00000008     8         /home/gl055/Research/Bootloaders/auto-harness-generation/edk2/Build/OvmfX64/DEBUG_CLANGPDB/X64/MdeModulePkg/Application/UiApp/UiApp/DEBUG/UiApp.dll.lto.obj:(.bss$mStartOpCodeHandle)
000214a0 00000000     0                 mStartOpCodeHandle
000214a8 00000008     8         /home/gl055/Research/Bootloaders/auto-harness-generation/edk2/Build/OvmfX64/DEBUG_CLANGPDB/X64/MdeModulePkg/Application/UiApp/UiApp/DEBUG/UiApp.dll.lto.obj:(.bss$mUefiFormBrowser2)
000214a8 00000000     0                 mUefiFormBrowser2
000214c0 000000bc  4096 .reloc
