Address  Size     Align Out     In      Symbol
00000220 00001c3d  4096 .text
00000220 00000116    16         /home/gl055/Research/Bootloaders/auto-harness-generation/edk2/Build/OvmfX64/DEBUG_CLANGPDB/X64/MdePkg/Library/BaseIoLibIntrinsic/BaseIoLibIntrinsicSev/OUTPUT/X64/IoFifoSev.obj:(.text)
00000220 00000000     0                 SevNoRepIo
0000025a 00000000     0                 @UseRepIo
0000025c 00000000     0                 @SevNoRepIo_Done
00000260 00000000     0                 SevIoReadFifo8
00000274 00000000     0                 @IoReadFifo8_NoRep
00000276 00000000     0                 @IoReadFifo8_Loop
0000027e 00000000     0                 @IoReadFifo8_Done
00000282 00000000     0                 SevIoReadFifo16
00000297 00000000     0                 @IoReadFifo16_NoRep
00000299 00000000     0                 @IoReadFifo16_Loop
000002a4 00000000     0                 @IoReadFifo16_Done
000002a8 00000000     0                 SevIoReadFifo32
000002bc 00000000     0                 @IoReadFifo32_NoRep
000002be 00000000     0                 @IoReadFifo32_Loop
000002c7 00000000     0                 @IoReadFifo32_Done
000002cb 00000000     0                 SevIoWriteFifo8
000002cb 00000000     0                 SevIoWriteFifo8
000002df 00000000     0                 @IoWriteFifo8_NoRep
000002e1 00000000     0                 @IoWriteFifo8_Loop
000002e9 00000000     0                 @IoWriteFifo8_Done
000002ed 00000000     0                 SevIoWriteFifo16
00000302 00000000     0                 @IoWriteFifo16_NoRep
00000304 00000000     0                 @IoWriteFifo16_Loop
0000030f 00000000     0                 @IoWriteFifo16_Done
00000313 00000000     0                 SevIoWriteFifo32
00000327 00000000     0                 @IoWriteFifo32_NoRep
00000329 00000000     0                 @IoWriteFifo32_Loop
00000332 00000000     0                 @IoWriteFifo32_Done
00000340 00000011    16         /home/gl055/Research/Bootloaders/auto-harness-generation/edk2/Build/OvmfX64/DEBUG_CLANGPDB/X64/MdePkg/Library/BaseMemoryLibRepStr/BaseMemoryLibRepStr/OUTPUT/X64/SetMem.obj:(.text)
00000340 00000000     0                 InternalMemSetMem
00000360 0000003c    16         /home/gl055/Research/Bootloaders/auto-harness-generation/edk2/Build/OvmfX64/DEBUG_CLANGPDB/X64/MdePkg/Library/BaseMemoryLibRepStr/BaseMemoryLibRepStr/OUTPUT/X64/CopyMem.obj:(.text)
00000360 00000000     0                 InternalMemCopyMem
00000360 00000000     0                 InternalMemCopyMem
0000037a 00000000     0                 InternalMemCopyMem.0
0000038a 00000000     0                 @CopyBackward
00000393 00000000     0                 @CopyBytes
000003a0 0000001d    16         /home/gl055/Research/Bootloaders/auto-harness-generation/edk2/Build/OvmfX64/DEBUG_CLANGPDB/X64/MdePkg/Library/BaseMemoryLibRepStr/BaseMemoryLibRepStr/OUTPUT/X64/ZeroMem.obj:(.text)
000003a0 00000000     0                 InternalMemZeroMem
000003a0 00000000     0                 InternalMemZeroMem
000003c0 00000081    16         /home/gl055/Research/Bootloaders/auto-harness-generation/edk2/Build/OvmfX64/DEBUG_CLANGPDB/X64/MdePkg/Library/BaseLib/BaseLib/OUTPUT/X64/TdVmcall.obj:(.text)
000003c0 00000000     0                 TdVmCall
000003c0 00000000     0                 TdVmCall
0000041e 00000000     0                 TdVmCall.no_return_data
00000450 00000012    16         /home/gl055/Research/Bootloaders/auto-harness-generation/edk2/Build/OvmfX64/DEBUG_CLANGPDB/X64/MdePkg/Library/BaseMemoryLibRepStr/BaseMemoryLibRepStr/OUTPUT/X64/SetMem64.obj:(.text)
00000450 00000000     0                 InternalMemSetMem64
00000470 00000058    16         /home/gl055/Research/Bootloaders/auto-harness-generation/edk2/Build/OvmfX64/DEBUG_CLANGPDB/X64/MdePkg/Library/BaseLib/BaseLib/OUTPUT/X64/TdCall.obj:(.text)
00000470 00000000     0                 TdCall
000004bb 00000000     0                 TdCall.exit
000004c8 00000000     4         /home/gl055/Research/Bootloaders/auto-harness-generation/edk2/Build/OvmfX64/DEBUG_CLANGPDB/X64/MdeModulePkg/Universal/Acpi/BootGraphicsResourceTableDxe/BootGraphicsResourceTableDxe/DEBUG/BootGraphicsResourceTableDxe.dll.lto.obj:(.text)
000004c8 00000023     1         /home/gl055/Research/Bootloaders/auto-harness-generation/edk2/Build/OvmfX64/DEBUG_CLANGPDB/X64/MdeModulePkg/Universal/Acpi/BootGraphicsResourceTableDxe/BootGraphicsResourceTableDxe/DEBUG/BootGraphicsResourceTableDxe.dll.lto.obj:(.text$AsciiSPrint)
000004c8 00000000     0                 AsciiSPrint
000004eb 00000020     1         /home/gl055/Research/Bootloaders/auto-harness-generation/edk2/Build/OvmfX64/DEBUG_CLANGPDB/X64/MdeModulePkg/Universal/Acpi/BootGraphicsResourceTableDxe/BootGraphicsResourceTableDxe/DEBUG/BootGraphicsResourceTableDxe.dll.lto.obj:(.text$AsciiStrnLenS)
000004eb 00000000     0                 AsciiStrnLenS
0000050b 00000010     1         /home/gl055/Research/Bootloaders/auto-harness-generation/edk2/Build/OvmfX64/DEBUG_CLANGPDB/X64/MdeModulePkg/Universal/Acpi/BootGraphicsResourceTableDxe/BootGraphicsResourceTableDxe/DEBUG/BootGraphicsResourceTableDxe.dll.lto.obj:(.text$AsciiVSPrint)
0000050b 00000000     0                 AsciiVSPrint
0000051b 0000001a     1         /home/gl055/Research/Bootloaders/auto-harness-generation/edk2/Build/OvmfX64/DEBUG_CLANGPDB/X64/MdeModulePkg/Universal/Acpi/BootGraphicsResourceTableDxe/BootGraphicsResourceTableDxe/DEBUG/BootGraphicsResourceTableDxe.dll.lto.obj:(.text$BasePrintLibFillBuffer)
0000051b 00000000     0                 BasePrintLibFillBuffer
00000535 00000021     1         /home/gl055/Research/Bootloaders/auto-harness-generation/edk2/Build/OvmfX64/DEBUG_CLANGPDB/X64/MdeModulePkg/Universal/Acpi/BootGraphicsResourceTableDxe/BootGraphicsResourceTableDxe/DEBUG/BootGraphicsResourceTableDxe.dll.lto.obj:(.text$BasePrintLibSPrint)
00000535 00000000     0                 BasePrintLibSPrint
00000558 00000e14     4         /home/gl055/Research/Bootloaders/auto-harness-generation/edk2/Build/OvmfX64/DEBUG_CLANGPDB/X64/MdeModulePkg/Universal/Acpi/BootGraphicsResourceTableDxe/BootGraphicsResourceTableDxe/DEBUG/BootGraphicsResourceTableDxe.dll.lto.obj:(.text$BasePrintLibSPrintMarker)
00000558 00000000     0                 BasePrintLibSPrintMarker
0000136c 0000028b     1         /home/gl055/Research/Bootloaders/auto-harness-generation/edk2/Build/OvmfX64/DEBUG_CLANGPDB/X64/MdeModulePkg/Universal/Acpi/BootGraphicsResourceTableDxe/BootGraphicsResourceTableDxe/DEBUG/BootGraphicsResourceTableDxe.dll.lto.obj:(.text$BgrtReadyToBootEventNotify)
0000136c 00000000     0                 BgrtReadyToBootEventNotify
000015f7 00000081     1         /home/gl055/Research/Bootloaders/auto-harness-generation/edk2/Build/OvmfX64/DEBUG_CLANGPDB/X64/MdeModulePkg/Universal/Acpi/BootGraphicsResourceTableDxe/BootGraphicsResourceTableDxe/DEBUG/BootGraphicsResourceTableDxe.dll.lto.obj:(.text$CopyMem)
000015f7 00000000     0                 CopyMem
00001678 00000056     1         /home/gl055/Research/Bootloaders/auto-harness-generation/edk2/Build/OvmfX64/DEBUG_CLANGPDB/X64/MdeModulePkg/Universal/Acpi/BootGraphicsResourceTableDxe/BootGraphicsResourceTableDxe/DEBUG/BootGraphicsResourceTableDxe.dll.lto.obj:(.text$DebugAssert)
00001678 00000000     0                 DebugAssert
000016ce 00000071     1         /home/gl055/Research/Bootloaders/auto-harness-generation/edk2/Build/OvmfX64/DEBUG_CLANGPDB/X64/MdeModulePkg/Universal/Acpi/BootGraphicsResourceTableDxe/BootGraphicsResourceTableDxe/DEBUG/BootGraphicsResourceTableDxe.dll.lto.obj:(.text$DebugPrint)
000016ce 00000000     0                 DebugPrint
0000173f 00000043     1         /home/gl055/Research/Bootloaders/auto-harness-generation/edk2/Build/OvmfX64/DEBUG_CLANGPDB/X64/MdeModulePkg/Universal/Acpi/BootGraphicsResourceTableDxe/BootGraphicsResourceTableDxe/DEBUG/BootGraphicsResourceTableDxe.dll.lto.obj:(.text$FreePool)
0000173f 00000000     0                 FreePool
00001782 00000086     1         /home/gl055/Research/Bootloaders/auto-harness-generation/edk2/Build/OvmfX64/DEBUG_CLANGPDB/X64/MdeModulePkg/Universal/Acpi/BootGraphicsResourceTableDxe/BootGraphicsResourceTableDxe/DEBUG/BootGraphicsResourceTableDxe.dll.lto.obj:(.text$GetBootLogo2)
00001782 00000000     0                 GetBootLogo2
00001808 0000002e     1         /home/gl055/Research/Bootloaders/auto-harness-generation/edk2/Build/OvmfX64/DEBUG_CLANGPDB/X64/MdeModulePkg/Universal/Acpi/BootGraphicsResourceTableDxe/BootGraphicsResourceTableDxe/DEBUG/BootGraphicsResourceTableDxe.dll.lto.obj:(.text$InternalAllocatePool)
00001808 00000000     0                 InternalAllocatePool
00001836 0000008e     1         /home/gl055/Research/Bootloaders/auto-harness-generation/edk2/Build/OvmfX64/DEBUG_CLANGPDB/X64/MdeModulePkg/Universal/Acpi/BootGraphicsResourceTableDxe/BootGraphicsResourceTableDxe/DEBUG/BootGraphicsResourceTableDxe.dll.lto.obj:(.text$IoWriteFifo8)
00001836 00000000     0                 IoWriteFifo8
000018c4 0000002b     1         /home/gl055/Research/Bootloaders/auto-harness-generation/edk2/Build/OvmfX64/DEBUG_CLANGPDB/X64/MdeModulePkg/Universal/Acpi/BootGraphicsResourceTableDxe/BootGraphicsResourceTableDxe/DEBUG/BootGraphicsResourceTableDxe.dll.lto.obj:(.text$IsTdxGuest)
000018c4 00000000     0                 IsTdxGuest
000018ef 0000008c     1         /home/gl055/Research/Bootloaders/auto-harness-generation/edk2/Build/OvmfX64/DEBUG_CLANGPDB/X64/MdeModulePkg/Universal/Acpi/BootGraphicsResourceTableDxe/BootGraphicsResourceTableDxe/DEBUG/BootGraphicsResourceTableDxe.dll.lto.obj:(.text$PlatformDebugLibIoPortFound)
000018ef 00000000     0                 PlatformDebugLibIoPortFound
0000197b 0000008a     1         /home/gl055/Research/Bootloaders/auto-harness-generation/edk2/Build/OvmfX64/DEBUG_CLANGPDB/X64/MdeModulePkg/Universal/Acpi/BootGraphicsResourceTableDxe/BootGraphicsResourceTableDxe/DEBUG/BootGraphicsResourceTableDxe.dll.lto.obj:(.text$SafeUintnMult)
0000197b 00000000     0                 SafeUintnMult
00001a05 00000005     1         /home/gl055/Research/Bootloaders/auto-harness-generation/edk2/Build/OvmfX64/DEBUG_CLANGPDB/X64/MdeModulePkg/Universal/Acpi/BootGraphicsResourceTableDxe/BootGraphicsResourceTableDxe/DEBUG/BootGraphicsResourceTableDxe.dll.lto.obj:(.text$SetBootLogo)
00001a05 00000000     0                 SetBootLogo
00001a0a 00000163     1         /home/gl055/Research/Bootloaders/auto-harness-generation/edk2/Build/OvmfX64/DEBUG_CLANGPDB/X64/MdeModulePkg/Universal/Acpi/BootGraphicsResourceTableDxe/BootGraphicsResourceTableDxe/DEBUG/BootGraphicsResourceTableDxe.dll.lto.obj:(.text$SetBootLogo2)
00001a0a 00000000     0                 SetBootLogo2
00001b6d 0000006c     1         /home/gl055/Research/Bootloaders/auto-harness-generation/edk2/Build/OvmfX64/DEBUG_CLANGPDB/X64/MdeModulePkg/Universal/Acpi/BootGraphicsResourceTableDxe/BootGraphicsResourceTableDxe/DEBUG/BootGraphicsResourceTableDxe.dll.lto.obj:(.text$ZeroMem)
00001b6d 00000000     0                 ZeroMem
00001bd9 00000284     1         /home/gl055/Research/Bootloaders/auto-harness-generation/edk2/Build/OvmfX64/DEBUG_CLANGPDB/X64/MdeModulePkg/Universal/Acpi/BootGraphicsResourceTableDxe/BootGraphicsResourceTableDxe/DEBUG/BootGraphicsResourceTableDxe.dll.lto.obj:(.text$_ModuleEntryPoint)
00001bd9 00000000     0                 _ModuleEntryPoint
00001e60 000009e8  4096 .rdata
00001e60 0000000a     1         /home/gl055/Research/Bootloaders/auto-harness-generation/edk2/Build/OvmfX64/DEBUG_CLANGPDB/X64/MdeModulePkg/Universal/Acpi/BootGraphicsResourceTableDxe/BootGraphicsResourceTableDxe/DEBUG/BootGraphicsResourceTableDxe.dll.lto.obj:(.rdata)
00001e60 00000000     0                 .str.2.4
00001e6a 0000000b     1         /home/gl055/Research/Bootloaders/auto-harness-generation/edk2/Build/OvmfX64/DEBUG_CLANGPDB/X64/MdeModulePkg/Universal/Acpi/BootGraphicsResourceTableDxe/BootGraphicsResourceTableDxe/DEBUG/BootGraphicsResourceTableDxe.dll.lto.obj:(.rdata)
00001e6a 00000000     0                 .str.19
00001e75 00000017     1         /home/gl055/Research/Bootloaders/auto-harness-generation/edk2/Build/OvmfX64/DEBUG_CLANGPDB/X64/MdeModulePkg/Universal/Acpi/BootGraphicsResourceTableDxe/BootGraphicsResourceTableDxe/DEBUG/BootGraphicsResourceTableDxe.dll.lto.obj:(.rdata)
00001e75 00000000     0                 .str.1.20
00001e8c 00000014     1         /home/gl055/Research/Bootloaders/auto-harness-generation/edk2/Build/OvmfX64/DEBUG_CLANGPDB/X64/MdeModulePkg/Universal/Acpi/BootGraphicsResourceTableDxe/BootGraphicsResourceTableDxe/DEBUG/BootGraphicsResourceTableDxe.dll.lto.obj:(.rdata)
00001e8c 00000000     0                 .str.2.23
00001ea0 0000001b     1         /home/gl055/Research/Bootloaders/auto-harness-generation/edk2/Build/OvmfX64/DEBUG_CLANGPDB/X64/MdeModulePkg/Universal/Acpi/BootGraphicsResourceTableDxe/BootGraphicsResourceTableDxe/DEBUG/BootGraphicsResourceTableDxe.dll.lto.obj:(.rdata)
00001ea0 00000000     0                 .str.32
00001ebb 0000001d     1         /home/gl055/Research/Bootloaders/auto-harness-generation/edk2/Build/OvmfX64/DEBUG_CLANGPDB/X64/MdeModulePkg/Universal/Acpi/BootGraphicsResourceTableDxe/BootGraphicsResourceTableDxe/DEBUG/BootGraphicsResourceTableDxe.dll.lto.obj:(.rdata)
00001ebb 00000000     0                 .str.1.33
00001ed8 00000014     1         /home/gl055/Research/Bootloaders/auto-harness-generation/edk2/Build/OvmfX64/DEBUG_CLANGPDB/X64/MdeModulePkg/Universal/Acpi/BootGraphicsResourceTableDxe/BootGraphicsResourceTableDxe/DEBUG/BootGraphicsResourceTableDxe.dll.lto.obj:(.rdata)
00001ed8 00000000     0                 .str.2.36
00001eec 00000014     1         /home/gl055/Research/Bootloaders/auto-harness-generation/edk2/Build/OvmfX64/DEBUG_CLANGPDB/X64/MdeModulePkg/Universal/Acpi/BootGraphicsResourceTableDxe/BootGraphicsResourceTableDxe/DEBUG/BootGraphicsResourceTableDxe.dll.lto.obj:(.rdata)
00001eec 00000000     0                 .str.3.39
00001f00 0000001e     1         /home/gl055/Research/Bootloaders/auto-harness-generation/edk2/Build/OvmfX64/DEBUG_CLANGPDB/X64/MdeModulePkg/Universal/Acpi/BootGraphicsResourceTableDxe/BootGraphicsResourceTableDxe/DEBUG/BootGraphicsResourceTableDxe.dll.lto.obj:(.rdata)
00001f00 00000000     0                 .str.48
00001f1e 00000014     1         /home/gl055/Research/Bootloaders/auto-harness-generation/edk2/Build/OvmfX64/DEBUG_CLANGPDB/X64/MdeModulePkg/Universal/Acpi/BootGraphicsResourceTableDxe/BootGraphicsResourceTableDxe/DEBUG/BootGraphicsResourceTableDxe.dll.lto.obj:(.rdata)
00001f1e 00000000     0                 .str.1.49
00001f32 00000014     1         /home/gl055/Research/Bootloaders/auto-harness-generation/edk2/Build/OvmfX64/DEBUG_CLANGPDB/X64/MdeModulePkg/Universal/Acpi/BootGraphicsResourceTableDxe/BootGraphicsResourceTableDxe/DEBUG/BootGraphicsResourceTableDxe.dll.lto.obj:(.rdata)
00001f32 00000000     0                 .str.1.53
00001f46 00000032     1         /home/gl055/Research/Bootloaders/auto-harness-generation/edk2/Build/OvmfX64/DEBUG_CLANGPDB/X64/MdeModulePkg/Universal/Acpi/BootGraphicsResourceTableDxe/BootGraphicsResourceTableDxe/DEBUG/BootGraphicsResourceTableDxe.dll.lto.obj:(.rdata)
00001f46 00000000     0                 .str.3.55
00001f78 00000042     1         /home/gl055/Research/Bootloaders/auto-harness-generation/edk2/Build/OvmfX64/DEBUG_CLANGPDB/X64/MdeModulePkg/Universal/Acpi/BootGraphicsResourceTableDxe/BootGraphicsResourceTableDxe/DEBUG/BootGraphicsResourceTableDxe.dll.lto.obj:(.rdata)
00001f78 00000000     0                 .str.58
00001fba 0000001f     1         /home/gl055/Research/Bootloaders/auto-harness-generation/edk2/Build/OvmfX64/DEBUG_CLANGPDB/X64/MdeModulePkg/Universal/Acpi/BootGraphicsResourceTableDxe/BootGraphicsResourceTableDxe/DEBUG/BootGraphicsResourceTableDxe.dll.lto.obj:(.rdata)
00001fba 00000000     0                 .str.2.62
00001fd9 00000011     1         /home/gl055/Research/Bootloaders/auto-harness-generation/edk2/Build/OvmfX64/DEBUG_CLANGPDB/X64/MdeModulePkg/Universal/Acpi/BootGraphicsResourceTableDxe/BootGraphicsResourceTableDxe/DEBUG/BootGraphicsResourceTableDxe.dll.lto.obj:(.rdata)
00001fd9 00000000     0                 .str.86
00001fea 00000043     1         /home/gl055/Research/Bootloaders/auto-harness-generation/edk2/Build/OvmfX64/DEBUG_CLANGPDB/X64/MdeModulePkg/Universal/Acpi/BootGraphicsResourceTableDxe/BootGraphicsResourceTableDxe/DEBUG/BootGraphicsResourceTableDxe.dll.lto.obj:(.rdata)
00001fea 00000000     0                 .str.1.87
0000202d 0000003e     1         /home/gl055/Research/Bootloaders/auto-harness-generation/edk2/Build/OvmfX64/DEBUG_CLANGPDB/X64/MdeModulePkg/Universal/Acpi/BootGraphicsResourceTableDxe/BootGraphicsResourceTableDxe/DEBUG/BootGraphicsResourceTableDxe.dll.lto.obj:(.rdata)
0000202d 00000000     0                 .str.2.88
0000206b 00000016     1         /home/gl055/Research/Bootloaders/auto-harness-generation/edk2/Build/OvmfX64/DEBUG_CLANGPDB/X64/MdeModulePkg/Universal/Acpi/BootGraphicsResourceTableDxe/BootGraphicsResourceTableDxe/DEBUG/BootGraphicsResourceTableDxe.dll.lto.obj:(.rdata)
0000206b 00000000     0                 .str.89
00002081 00000021     1         /home/gl055/Research/Bootloaders/auto-harness-generation/edk2/Build/OvmfX64/DEBUG_CLANGPDB/X64/MdeModulePkg/Universal/Acpi/BootGraphicsResourceTableDxe/BootGraphicsResourceTableDxe/DEBUG/BootGraphicsResourceTableDxe.dll.lto.obj:(.rdata)
00002081 00000000     0                 .str.2.94
000020a2 00000027     1         /home/gl055/Research/Bootloaders/auto-harness-generation/edk2/Build/OvmfX64/DEBUG_CLANGPDB/X64/MdeModulePkg/Universal/Acpi/BootGraphicsResourceTableDxe/BootGraphicsResourceTableDxe/DEBUG/BootGraphicsResourceTableDxe.dll.lto.obj:(.rdata)
000020a2 00000000     0                 .str.3.95
000020c9 0000003e     1         /home/gl055/Research/Bootloaders/auto-harness-generation/edk2/Build/OvmfX64/DEBUG_CLANGPDB/X64/MdeModulePkg/Universal/Acpi/BootGraphicsResourceTableDxe/BootGraphicsResourceTableDxe/DEBUG/BootGraphicsResourceTableDxe.dll.lto.obj:(.rdata)
000020c9 00000000     0                 .str.7
00002107 00000011     1         /home/gl055/Research/Bootloaders/auto-harness-generation/edk2/Build/OvmfX64/DEBUG_CLANGPDB/X64/MdeModulePkg/Universal/Acpi/BootGraphicsResourceTableDxe/BootGraphicsResourceTableDxe/DEBUG/BootGraphicsResourceTableDxe.dll.lto.obj:(.rdata)
00002107 00000000     0                 .str.98
00002118 00000036     1         /home/gl055/Research/Bootloaders/auto-harness-generation/edk2/Build/OvmfX64/DEBUG_CLANGPDB/X64/MdeModulePkg/Universal/Acpi/BootGraphicsResourceTableDxe/BootGraphicsResourceTableDxe/DEBUG/BootGraphicsResourceTableDxe.dll.lto.obj:(.rdata)
00002118 00000000     0                 .str.2.100
0000214e 0000004d     1         /home/gl055/Research/Bootloaders/auto-harness-generation/edk2/Build/OvmfX64/DEBUG_CLANGPDB/X64/MdeModulePkg/Universal/Acpi/BootGraphicsResourceTableDxe/BootGraphicsResourceTableDxe/DEBUG/BootGraphicsResourceTableDxe.dll.lto.obj:(.rdata)
0000214e 00000000     0                 .str.25
0000219b 0000000b     1         /home/gl055/Research/Bootloaders/auto-harness-generation/edk2/Build/OvmfX64/DEBUG_CLANGPDB/X64/MdeModulePkg/Universal/Acpi/BootGraphicsResourceTableDxe/BootGraphicsResourceTableDxe/DEBUG/BootGraphicsResourceTableDxe.dll.lto.obj:(.rdata)
0000219b 00000000     0                 .str.107
000021a6 00000038     1         /home/gl055/Research/Bootloaders/auto-harness-generation/edk2/Build/OvmfX64/DEBUG_CLANGPDB/X64/MdeModulePkg/Universal/Acpi/BootGraphicsResourceTableDxe/BootGraphicsResourceTableDxe/DEBUG/BootGraphicsResourceTableDxe.dll.lto.obj:(.rdata)
000021a6 00000000     0                 .str.2.109
000021de 00000013     1         /home/gl055/Research/Bootloaders/auto-harness-generation/edk2/Build/OvmfX64/DEBUG_CLANGPDB/X64/MdeModulePkg/Universal/Acpi/BootGraphicsResourceTableDxe/BootGraphicsResourceTableDxe/DEBUG/BootGraphicsResourceTableDxe.dll.lto.obj:(.rdata)
000021de 00000000     0                 .str.114
000021f1 00000017     1         /home/gl055/Research/Bootloaders/auto-harness-generation/edk2/Build/OvmfX64/DEBUG_CLANGPDB/X64/MdeModulePkg/Universal/Acpi/BootGraphicsResourceTableDxe/BootGraphicsResourceTableDxe/DEBUG/BootGraphicsResourceTableDxe.dll.lto.obj:(.rdata)
000021f1 00000000     0                 .str.1.117
00002208 00000019     1         /home/gl055/Research/Bootloaders/auto-harness-generation/edk2/Build/OvmfX64/DEBUG_CLANGPDB/X64/MdeModulePkg/Universal/Acpi/BootGraphicsResourceTableDxe/BootGraphicsResourceTableDxe/DEBUG/BootGraphicsResourceTableDxe.dll.lto.obj:(.rdata)
00002208 00000000     0                 .str.5
00002221 00000019     1         /home/gl055/Research/Bootloaders/auto-harness-generation/edk2/Build/OvmfX64/DEBUG_CLANGPDB/X64/MdeModulePkg/Universal/Acpi/BootGraphicsResourceTableDxe/BootGraphicsResourceTableDxe/DEBUG/BootGraphicsResourceTableDxe.dll.lto.obj:(.rdata)
00002221 00000000     0                 .str.12
0000223a 00000083     1         /home/gl055/Research/Bootloaders/auto-harness-generation/edk2/Build/OvmfX64/DEBUG_CLANGPDB/X64/MdeModulePkg/Universal/Acpi/BootGraphicsResourceTableDxe/BootGraphicsResourceTableDxe/DEBUG/BootGraphicsResourceTableDxe.dll.lto.obj:(.rdata)
0000223a 00000000     0                 .str.15
000022bd 0000000e     1         /home/gl055/Research/Bootloaders/auto-harness-generation/edk2/Build/OvmfX64/DEBUG_CLANGPDB/X64/MdeModulePkg/Universal/Acpi/BootGraphicsResourceTableDxe/BootGraphicsResourceTableDxe/DEBUG/BootGraphicsResourceTableDxe.dll.lto.obj:(.rdata)
000022bd 00000000     0                 .str.16
000022cb 0000000c     1         /home/gl055/Research/Bootloaders/auto-harness-generation/edk2/Build/OvmfX64/DEBUG_CLANGPDB/X64/MdeModulePkg/Universal/Acpi/BootGraphicsResourceTableDxe/BootGraphicsResourceTableDxe/DEBUG/BootGraphicsResourceTableDxe.dll.lto.obj:(.rdata)
000022cb 00000000     0                 .str.17
000022d7 00000031     1         /home/gl055/Research/Bootloaders/auto-harness-generation/edk2/Build/OvmfX64/DEBUG_CLANGPDB/X64/MdeModulePkg/Universal/Acpi/BootGraphicsResourceTableDxe/BootGraphicsResourceTableDxe/DEBUG/BootGraphicsResourceTableDxe.dll.lto.obj:(.rdata)
000022d7 00000000     0                 .str.18
00002308 0000000c     1         /home/gl055/Research/Bootloaders/auto-harness-generation/edk2/Build/OvmfX64/DEBUG_CLANGPDB/X64/MdeModulePkg/Universal/Acpi/BootGraphicsResourceTableDxe/BootGraphicsResourceTableDxe/DEBUG/BootGraphicsResourceTableDxe.dll.lto.obj:(.rdata)
00002308 00000000     0                 .str.19.116
00002314 0000001a     1         /home/gl055/Research/Bootloaders/auto-harness-generation/edk2/Build/OvmfX64/DEBUG_CLANGPDB/X64/MdeModulePkg/Universal/Acpi/BootGraphicsResourceTableDxe/BootGraphicsResourceTableDxe/DEBUG/BootGraphicsResourceTableDxe.dll.lto.obj:(.rdata)
00002314 00000000     0                 .str.20
0000232e 00000005     1         /home/gl055/Research/Bootloaders/auto-harness-generation/edk2/Build/OvmfX64/DEBUG_CLANGPDB/X64/MdeModulePkg/Universal/Acpi/BootGraphicsResourceTableDxe/BootGraphicsResourceTableDxe/DEBUG/BootGraphicsResourceTableDxe.dll.lto.obj:(.rdata)
0000232e 00000000     0                 .str.21
00002333 00000003     1         /home/gl055/Research/Bootloaders/auto-harness-generation/edk2/Build/OvmfX64/DEBUG_CLANGPDB/X64/MdeModulePkg/Universal/Acpi/BootGraphicsResourceTableDxe/BootGraphicsResourceTableDxe/DEBUG/BootGraphicsResourceTableDxe.dll.lto.obj:(.rdata)
00002333 00000000     0                 .str.22
00002336 00000002     1         /home/gl055/Research/Bootloaders/auto-harness-generation/edk2/Build/OvmfX64/DEBUG_CLANGPDB/X64/MdeModulePkg/Universal/Acpi/BootGraphicsResourceTableDxe/BootGraphicsResourceTableDxe/DEBUG/BootGraphicsResourceTableDxe.dll.lto.obj:(.rdata)
00002336 00000000     0                 .str.23
00002338 00000007     1         /home/gl055/Research/Bootloaders/auto-harness-generation/edk2/Build/OvmfX64/DEBUG_CLANGPDB/X64/MdeModulePkg/Universal/Acpi/BootGraphicsResourceTableDxe/BootGraphicsResourceTableDxe/DEBUG/BootGraphicsResourceTableDxe.dll.lto.obj:(.rdata$_gPcd_FixedAtBuild_PcdAcpiDefaultOemId)
00002338 00000000     0                 _gPcd_FixedAtBuild_PcdAcpiDefaultOemId
0000233f 00000036     1         /home/gl055/Research/Bootloaders/auto-harness-generation/edk2/Build/OvmfX64/DEBUG_CLANGPDB/X64/MdeModulePkg/Universal/Acpi/BootGraphicsResourceTableDxe/BootGraphicsResourceTableDxe/DEBUG/BootGraphicsResourceTableDxe.dll.lto.obj:(.rdata$mBmpImageHeaderTemplate)
0000233f 00000000     0                 mBmpImageHeaderTemplate
00002380 000002df    16         /home/gl055/Research/Bootloaders/auto-harness-generation/edk2/Build/OvmfX64/DEBUG_CLANGPDB/X64/MdeModulePkg/Universal/Acpi/BootGraphicsResourceTableDxe/BootGraphicsResourceTableDxe/DEBUG/BootGraphicsResourceTableDxe.dll.lto.obj:(.rdata$mErrorString)
00002380 00000000     0                 mErrorString
00002660 00000010    16         /home/gl055/Research/Bootloaders/auto-harness-generation/edk2/Build/OvmfX64/DEBUG_CLANGPDB/X64/MdeModulePkg/Universal/Acpi/BootGraphicsResourceTableDxe/BootGraphicsResourceTableDxe/DEBUG/BootGraphicsResourceTableDxe.dll.lto.obj:(.rdata$mHexStr)
00002660 00000000     0                 mHexStr
00002670 000000c8    16         /home/gl055/Research/Bootloaders/auto-harness-generation/edk2/Build/OvmfX64/DEBUG_CLANGPDB/X64/MdeModulePkg/Universal/Acpi/BootGraphicsResourceTableDxe/BootGraphicsResourceTableDxe/DEBUG/BootGraphicsResourceTableDxe.dll.lto.obj:(.rdata$mWarningString)
00002670 00000000     0                 mWarningString
00002860 00000120  4096 .data
00002860 00000000     4         /home/gl055/Research/Bootloaders/auto-harness-generation/edk2/Build/OvmfX64/DEBUG_CLANGPDB/X64/MdeModulePkg/Universal/Acpi/BootGraphicsResourceTableDxe/BootGraphicsResourceTableDxe/DEBUG/BootGraphicsResourceTableDxe.dll.lto.obj:(.data)
00002860 00000010     4         /home/gl055/Research/Bootloaders/auto-harness-generation/edk2/Build/OvmfX64/DEBUG_CLANGPDB/X64/MdeModulePkg/Universal/Acpi/BootGraphicsResourceTableDxe/BootGraphicsResourceTableDxe/DEBUG/BootGraphicsResourceTableDxe.dll.lto.obj:(.data$gEdkiiBootLogo2ProtocolGuid)
00002860 00000000     0                 gEdkiiBootLogo2ProtocolGuid
00002870 00000010     4         /home/gl055/Research/Bootloaders/auto-harness-generation/edk2/Build/OvmfX64/DEBUG_CLANGPDB/X64/MdeModulePkg/Universal/Acpi/BootGraphicsResourceTableDxe/BootGraphicsResourceTableDxe/DEBUG/BootGraphicsResourceTableDxe.dll.lto.obj:(.data$gEfiAcpiTableProtocolGuid)
00002870 00000000     0                 gEfiAcpiTableProtocolGuid
00002880 00000010     4         /home/gl055/Research/Bootloaders/auto-harness-generation/edk2/Build/OvmfX64/DEBUG_CLANGPDB/X64/MdeModulePkg/Universal/Acpi/BootGraphicsResourceTableDxe/BootGraphicsResourceTableDxe/DEBUG/BootGraphicsResourceTableDxe.dll.lto.obj:(.data$gEfiBootLogoProtocolGuid)
00002880 00000000     0                 gEfiBootLogoProtocolGuid
00002890 00000010     4         /home/gl055/Research/Bootloaders/auto-harness-generation/edk2/Build/OvmfX64/DEBUG_CLANGPDB/X64/MdeModulePkg/Universal/Acpi/BootGraphicsResourceTableDxe/BootGraphicsResourceTableDxe/DEBUG/BootGraphicsResourceTableDxe.dll.lto.obj:(.data$gEfiDevicePathUtilitiesProtocolGuid)
00002890 00000000     0                 gEfiDevicePathUtilitiesProtocolGuid
000028a0 00000010     4         /home/gl055/Research/Bootloaders/auto-harness-generation/edk2/Build/OvmfX64/DEBUG_CLANGPDB/X64/MdeModulePkg/Universal/Acpi/BootGraphicsResourceTableDxe/BootGraphicsResourceTableDxe/DEBUG/BootGraphicsResourceTableDxe.dll.lto.obj:(.data$gEfiEventReadyToBootGuid)
000028a0 00000000     0                 gEfiEventReadyToBootGuid
000028b0 00000038     8         /home/gl055/Research/Bootloaders/auto-harness-generation/edk2/Build/OvmfX64/DEBUG_CLANGPDB/X64/MdeModulePkg/Universal/Acpi/BootGraphicsResourceTableDxe/BootGraphicsResourceTableDxe/DEBUG/BootGraphicsResourceTableDxe.dll.lto.obj:(.data$mBootGraphicsResourceTableTemplate)
000028b0 00000000     0                 mBootGraphicsResourceTableTemplate
000028e8 00000010     8         /home/gl055/Research/Bootloaders/auto-harness-generation/edk2/Build/OvmfX64/DEBUG_CLANGPDB/X64/MdeModulePkg/Universal/Acpi/BootGraphicsResourceTableDxe/BootGraphicsResourceTableDxe/DEBUG/BootGraphicsResourceTableDxe.dll.lto.obj:(.data$mBootLogo2ProtocolTemplate)
000028e8 00000000     0                 mBootLogo2ProtocolTemplate
000028f8 00000008     8         /home/gl055/Research/Bootloaders/auto-harness-generation/edk2/Build/OvmfX64/DEBUG_CLANGPDB/X64/MdeModulePkg/Universal/Acpi/BootGraphicsResourceTableDxe/BootGraphicsResourceTableDxe/DEBUG/BootGraphicsResourceTableDxe.dll.lto.obj:(.data$mBootLogoProtocolTemplate)
000028f8 00000000     0                 mBootLogoProtocolTemplate
00002900 00000000     4         /home/gl055/Research/Bootloaders/auto-harness-generation/edk2/Build/OvmfX64/DEBUG_CLANGPDB/X64/MdeModulePkg/Universal/Acpi/BootGraphicsResourceTableDxe/BootGraphicsResourceTableDxe/DEBUG/BootGraphicsResourceTableDxe.dll.lto.obj:(.bss)
00002900 00000008     8         /home/gl055/Research/Bootloaders/auto-harness-generation/edk2/Build/OvmfX64/DEBUG_CLANGPDB/X64/MdeModulePkg/Universal/Acpi/BootGraphicsResourceTableDxe/BootGraphicsResourceTableDxe/DEBUG/BootGraphicsResourceTableDxe.dll.lto.obj:(.bss$gBS)
00002900 00000000     0                 gBS
00002908 00000008     8         /home/gl055/Research/Bootloaders/auto-harness-generation/edk2/Build/OvmfX64/DEBUG_CLANGPDB/X64/MdeModulePkg/Universal/Acpi/BootGraphicsResourceTableDxe/BootGraphicsResourceTableDxe/DEBUG/BootGraphicsResourceTableDxe.dll.lto.obj:(.bss$gImageHandle)
00002908 00000000     0                 gImageHandle
00002910 00000008     8         /home/gl055/Research/Bootloaders/auto-harness-generation/edk2/Build/OvmfX64/DEBUG_CLANGPDB/X64/MdeModulePkg/Universal/Acpi/BootGraphicsResourceTableDxe/BootGraphicsResourceTableDxe/DEBUG/BootGraphicsResourceTableDxe.dll.lto.obj:(.bss$gRT)
00002910 00000000     0                 gRT
00002918 00000008     8         /home/gl055/Research/Bootloaders/auto-harness-generation/edk2/Build/OvmfX64/DEBUG_CLANGPDB/X64/MdeModulePkg/Universal/Acpi/BootGraphicsResourceTableDxe/BootGraphicsResourceTableDxe/DEBUG/BootGraphicsResourceTableDxe.dll.lto.obj:(.bss$gST)
00002918 00000000     0                 gST
00002920 00000001     1         /home/gl055/Research/Bootloaders/auto-harness-generation/edk2/Build/OvmfX64/DEBUG_CLANGPDB/X64/MdeModulePkg/Universal/Acpi/BootGraphicsResourceTableDxe/BootGraphicsResourceTableDxe/DEBUG/BootGraphicsResourceTableDxe.dll.lto.obj:(.bss$mAcpiBgrtBufferChanged)
00002920 00000000     0                 mAcpiBgrtBufferChanged
00002921 00000001     1         /home/gl055/Research/Bootloaders/auto-harness-generation/edk2/Build/OvmfX64/DEBUG_CLANGPDB/X64/MdeModulePkg/Universal/Acpi/BootGraphicsResourceTableDxe/BootGraphicsResourceTableDxe/DEBUG/BootGraphicsResourceTableDxe.dll.lto.obj:(.bss$mAcpiBgrtInstalled)
00002921 00000000     0                 mAcpiBgrtInstalled
00002922 00000001     1         /home/gl055/Research/Bootloaders/auto-harness-generation/edk2/Build/OvmfX64/DEBUG_CLANGPDB/X64/MdeModulePkg/Universal/Acpi/BootGraphicsResourceTableDxe/BootGraphicsResourceTableDxe/DEBUG/BootGraphicsResourceTableDxe.dll.lto.obj:(.bss$mAcpiBgrtStatusChanged)
00002922 00000000     0                 mAcpiBgrtStatusChanged
00002928 00000008     8         /home/gl055/Research/Bootloaders/auto-harness-generation/edk2/Build/OvmfX64/DEBUG_CLANGPDB/X64/MdeModulePkg/Universal/Acpi/BootGraphicsResourceTableDxe/BootGraphicsResourceTableDxe/DEBUG/BootGraphicsResourceTableDxe.dll.lto.obj:(.bss$mBootGraphicsReadyToBootEvent)
00002928 00000000     0                 mBootGraphicsReadyToBootEvent
00002930 00000008     8         /home/gl055/Research/Bootloaders/auto-harness-generation/edk2/Build/OvmfX64/DEBUG_CLANGPDB/X64/MdeModulePkg/Universal/Acpi/BootGraphicsResourceTableDxe/BootGraphicsResourceTableDxe/DEBUG/BootGraphicsResourceTableDxe.dll.lto.obj:(.bss$mBootGraphicsResourceTableKey)
00002930 00000000     0                 mBootGraphicsResourceTableKey
00002938 00000008     8         /home/gl055/Research/Bootloaders/auto-harness-generation/edk2/Build/OvmfX64/DEBUG_CLANGPDB/X64/MdeModulePkg/Universal/Acpi/BootGraphicsResourceTableDxe/BootGraphicsResourceTableDxe/DEBUG/BootGraphicsResourceTableDxe.dll.lto.obj:(.bss$mBootLogoHandle)
00002938 00000000     0                 mBootLogoHandle
00002940 00000001     1         /home/gl055/Research/Bootloaders/auto-harness-generation/edk2/Build/OvmfX64/DEBUG_CLANGPDB/X64/MdeModulePkg/Universal/Acpi/BootGraphicsResourceTableDxe/BootGraphicsResourceTableDxe/DEBUG/BootGraphicsResourceTableDxe.dll.lto.obj:(.bss$mCcProbeGuestType)
00002940 00000000     0                 mCcProbeGuestType
00002941 00000001     1         /home/gl055/Research/Bootloaders/auto-harness-generation/edk2/Build/OvmfX64/DEBUG_CLANGPDB/X64/MdeModulePkg/Universal/Acpi/BootGraphicsResourceTableDxe/BootGraphicsResourceTableDxe/DEBUG/BootGraphicsResourceTableDxe.dll.lto.obj:(.bss$mCcProbed)
00002941 00000000     0                 mCcProbed
00002942 00000001     1         /home/gl055/Research/Bootloaders/auto-harness-generation/edk2/Build/OvmfX64/DEBUG_CLANGPDB/X64/MdeModulePkg/Universal/Acpi/BootGraphicsResourceTableDxe/BootGraphicsResourceTableDxe/DEBUG/BootGraphicsResourceTableDxe.dll.lto.obj:(.bss$mDebugIoPortChecked)
00002942 00000000     0                 mDebugIoPortChecked
00002943 00000001     1         /home/gl055/Research/Bootloaders/auto-harness-generation/edk2/Build/OvmfX64/DEBUG_CLANGPDB/X64/MdeModulePkg/Universal/Acpi/BootGraphicsResourceTableDxe/BootGraphicsResourceTableDxe/DEBUG/BootGraphicsResourceTableDxe.dll.lto.obj:(.bss$mDebugIoPortFound)
00002943 00000000     0                 mDebugIoPortFound
00002948 00000008     8         /home/gl055/Research/Bootloaders/auto-harness-generation/edk2/Build/OvmfX64/DEBUG_CLANGPDB/X64/MdeModulePkg/Universal/Acpi/BootGraphicsResourceTableDxe/BootGraphicsResourceTableDxe/DEBUG/BootGraphicsResourceTableDxe.dll.lto.obj:(.bss$mDevicePathLibDevicePathUtilities)
00002948 00000000     0                 mDevicePathLibDevicePathUtilities
00002950 00000001     1         /home/gl055/Research/Bootloaders/auto-harness-generation/edk2/Build/OvmfX64/DEBUG_CLANGPDB/X64/MdeModulePkg/Universal/Acpi/BootGraphicsResourceTableDxe/BootGraphicsResourceTableDxe/DEBUG/BootGraphicsResourceTableDxe.dll.lto.obj:(.bss$mIsLogoValid)
00002950 00000000     0                 mIsLogoValid
00002958 00000008     8         /home/gl055/Research/Bootloaders/auto-harness-generation/edk2/Build/OvmfX64/DEBUG_CLANGPDB/X64/MdeModulePkg/Universal/Acpi/BootGraphicsResourceTableDxe/BootGraphicsResourceTableDxe/DEBUG/BootGraphicsResourceTableDxe.dll.lto.obj:(.bss$mLogoBltBuffer)
00002958 00000000     0                 mLogoBltBuffer
00002960 00000008     8         /home/gl055/Research/Bootloaders/auto-harness-generation/edk2/Build/OvmfX64/DEBUG_CLANGPDB/X64/MdeModulePkg/Universal/Acpi/BootGraphicsResourceTableDxe/BootGraphicsResourceTableDxe/DEBUG/BootGraphicsResourceTableDxe.dll.lto.obj:(.bss$mLogoDestX)
00002960 00000000     0                 mLogoDestX
00002968 00000008     8         /home/gl055/Research/Bootloaders/auto-harness-generation/edk2/Build/OvmfX64/DEBUG_CLANGPDB/X64/MdeModulePkg/Universal/Acpi/BootGraphicsResourceTableDxe/BootGraphicsResourceTableDxe/DEBUG/BootGraphicsResourceTableDxe.dll.lto.obj:(.bss$mLogoDestY)
00002968 00000000     0                 mLogoDestY
00002970 00000008     8         /home/gl055/Research/Bootloaders/auto-harness-generation/edk2/Build/OvmfX64/DEBUG_CLANGPDB/X64/MdeModulePkg/Universal/Acpi/BootGraphicsResourceTableDxe/BootGraphicsResourceTableDxe/DEBUG/BootGraphicsResourceTableDxe.dll.lto.obj:(.bss$mLogoHeight)
00002970 00000000     0                 mLogoHeight
00002978 00000008     8         /home/gl055/Research/Bootloaders/auto-harness-generation/edk2/Build/OvmfX64/DEBUG_CLANGPDB/X64/MdeModulePkg/Universal/Acpi/BootGraphicsResourceTableDxe/BootGraphicsResourceTableDxe/DEBUG/BootGraphicsResourceTableDxe.dll.lto.obj:(.bss$mLogoWidth)
00002978 00000000     0                 mLogoWidth
00002980 00000010  4096 .reloc
