Address  Size     Align Out     In      Symbol
00000220 00007494  4096 .text
00000220 00000116    16         /home/gl055/Research/Harden/firness/edk2/Build/OvmfX64/DEBUG_CLANGPDB/X64/MdePkg/Library/BaseIoLibIntrinsic/BaseIoLibIntrinsicSev/OUTPUT/X64/IoFifoSev.obj:(.text)
00000220 00000000     0                 SevNoRepIo
0000025a 00000000     0                 @UseRepIo
0000025c 00000000     0                 @SevNoRepIo_Done
00000260 00000000     0                 SevIoReadFifo8
00000274 00000000     0                 @IoReadFifo8_NoRep
00000276 00000000     0                 @IoReadFifo8_Loop
0000027e 00000000     0                 @IoReadFifo8_Done
00000282 00000000     0                 SevIoReadFifo16
00000297 00000000     0                 @IoReadFifo16_NoRep
00000299 00000000     0                 @IoReadFifo16_Loop
000002a4 00000000     0                 @IoReadFifo16_Done
000002a8 00000000     0                 SevIoReadFifo32
000002bc 00000000     0                 @IoReadFifo32_NoRep
000002be 00000000     0                 @IoReadFifo32_Loop
000002c7 00000000     0                 @IoReadFifo32_Done
000002cb 00000000     0                 SevIoWriteFifo8
000002cb 00000000     0                 SevIoWriteFifo8
000002df 00000000     0                 @IoWriteFifo8_NoRep
000002e1 00000000     0                 @IoWriteFifo8_Loop
000002e9 00000000     0                 @IoWriteFifo8_Done
000002ed 00000000     0                 SevIoWriteFifo16
00000302 00000000     0                 @IoWriteFifo16_NoRep
00000304 00000000     0                 @IoWriteFifo16_Loop
0000030f 00000000     0                 @IoWriteFifo16_Done
00000313 00000000     0                 SevIoWriteFifo32
00000327 00000000     0                 @IoWriteFifo32_NoRep
00000329 00000000     0                 @IoWriteFifo32_Loop
00000332 00000000     0                 @IoWriteFifo32_Done
00000340 00000011    16         /home/gl055/Research/Harden/firness/edk2/Build/OvmfX64/DEBUG_CLANGPDB/X64/MdePkg/Library/BaseMemoryLibRepStr/BaseMemoryLibRepStr/OUTPUT/X64/SetMem.obj:(.text)
00000340 00000000     0                 InternalMemSetMem
00000340 00000000     0                 InternalMemSetMem
00000360 00000081    16         /home/gl055/Research/Harden/firness/edk2/Build/OvmfX64/DEBUG_CLANGPDB/X64/MdePkg/Library/BaseLib/BaseLib/OUTPUT/X64/TdVmcall.obj:(.text)
00000360 00000000     0                 TdVmCall
00000360 00000000     0                 TdVmCall
000003be 00000000     0                 TdVmCall.no_return_data
000003f0 00000012    16         /home/gl055/Research/Harden/firness/edk2/Build/OvmfX64/DEBUG_CLANGPDB/X64/MdePkg/Library/BaseMemoryLibRepStr/BaseMemoryLibRepStr/OUTPUT/X64/SetMem64.obj:(.text)
000003f0 00000000     0                 InternalMemSetMem64
00000410 0000001d    16         /home/gl055/Research/Harden/firness/edk2/Build/OvmfX64/DEBUG_CLANGPDB/X64/MdePkg/Library/BaseMemoryLibRepStr/BaseMemoryLibRepStr/OUTPUT/X64/ZeroMem.obj:(.text)
00000410 00000000     0                 InternalMemZeroMem
00000430 0000003c    16         /home/gl055/Research/Harden/firness/edk2/Build/OvmfX64/DEBUG_CLANGPDB/X64/MdePkg/Library/BaseMemoryLibRepStr/BaseMemoryLibRepStr/OUTPUT/X64/CopyMem.obj:(.text)
00000430 00000000     0                 InternalMemCopyMem
00000430 00000000     0                 InternalMemCopyMem
0000044a 00000000     0                 InternalMemCopyMem.0
0000045a 00000000     0                 @CopyBackward
00000463 00000000     0                 @CopyBytes
00000470 0000001d    16         /home/gl055/Research/Harden/firness/edk2/Build/OvmfX64/DEBUG_CLANGPDB/X64/MdePkg/Library/BaseMemoryLibRepStr/BaseMemoryLibRepStr/OUTPUT/X64/CompareMem.obj:(.text)
00000470 00000000     0                 InternalMemCompareMem
00000470 00000000     0                 InternalMemCompareMem
00000490 00000058    16         /home/gl055/Research/Harden/firness/edk2/Build/OvmfX64/DEBUG_CLANGPDB/X64/MdePkg/Library/BaseLib/BaseLib/OUTPUT/X64/TdCall.obj:(.text)
00000490 00000000     0                 TdCall
000004db 00000000     0                 TdCall.exit
000004e8 00000000     4         /home/gl055/Research/Harden/firness/edk2/Build/OvmfX64/DEBUG_CLANGPDB/X64/OvmfPkg/VirtioFsDxe/VirtioFsDxe/DEBUG/VirtioFsDxe.dll.lto.obj:(.text)
000004e8 00000076     1         /home/gl055/Research/Harden/firness/edk2/Build/OvmfX64/DEBUG_CLANGPDB/X64/OvmfPkg/VirtioFsDxe/VirtioFsDxe/DEBUG/VirtioFsDxe.dll.lto.obj:(.text$AllocateCopyPool)
000004e8 00000000     0                 AllocateCopyPool
0000055e 00000023     1         /home/gl055/Research/Harden/firness/edk2/Build/OvmfX64/DEBUG_CLANGPDB/X64/OvmfPkg/VirtioFsDxe/VirtioFsDxe/DEBUG/VirtioFsDxe.dll.lto.obj:(.text$AsciiSPrint)
0000055e 00000000     0                 AsciiSPrint
00000581 00000077     1         /home/gl055/Research/Harden/firness/edk2/Build/OvmfX64/DEBUG_CLANGPDB/X64/OvmfPkg/VirtioFsDxe/VirtioFsDxe/DEBUG/VirtioFsDxe.dll.lto.obj:(.text$AsciiStrCmp)
00000581 00000000     0                 AsciiStrCmp
000005f8 0000006a     1         /home/gl055/Research/Harden/firness/edk2/Build/OvmfX64/DEBUG_CLANGPDB/X64/OvmfPkg/VirtioFsDxe/VirtioFsDxe/DEBUG/VirtioFsDxe.dll.lto.obj:(.text$AsciiStrLen)
000005f8 00000000     0                 AsciiStrLen
00000662 00000011     1         /home/gl055/Research/Harden/firness/edk2/Build/OvmfX64/DEBUG_CLANGPDB/X64/OvmfPkg/VirtioFsDxe/VirtioFsDxe/DEBUG/VirtioFsDxe.dll.lto.obj:(.text$AsciiStrSize)
00000662 00000000     0                 AsciiStrSize
00000673 00000020     1         /home/gl055/Research/Harden/firness/edk2/Build/OvmfX64/DEBUG_CLANGPDB/X64/OvmfPkg/VirtioFsDxe/VirtioFsDxe/DEBUG/VirtioFsDxe.dll.lto.obj:(.text$AsciiStrnLenS)
00000673 00000000     0                 AsciiStrnLenS
00000693 00000010     1         /home/gl055/Research/Harden/firness/edk2/Build/OvmfX64/DEBUG_CLANGPDB/X64/OvmfPkg/VirtioFsDxe/VirtioFsDxe/DEBUG/VirtioFsDxe.dll.lto.obj:(.text$AsciiVSPrint)
00000693 00000000     0                 AsciiVSPrint
000006a3 0000001a     1         /home/gl055/Research/Harden/firness/edk2/Build/OvmfX64/DEBUG_CLANGPDB/X64/OvmfPkg/VirtioFsDxe/VirtioFsDxe/DEBUG/VirtioFsDxe.dll.lto.obj:(.text$BasePrintLibFillBuffer)
000006a3 00000000     0                 BasePrintLibFillBuffer
000006bd 00000021     1         /home/gl055/Research/Harden/firness/edk2/Build/OvmfX64/DEBUG_CLANGPDB/X64/OvmfPkg/VirtioFsDxe/VirtioFsDxe/DEBUG/VirtioFsDxe.dll.lto.obj:(.text$BasePrintLibSPrint)
000006bd 00000000     0                 BasePrintLibSPrint
000006e0 00000d9c     4         /home/gl055/Research/Harden/firness/edk2/Build/OvmfX64/DEBUG_CLANGPDB/X64/OvmfPkg/VirtioFsDxe/VirtioFsDxe/DEBUG/VirtioFsDxe.dll.lto.obj:(.text$BasePrintLibSPrintMarker)
000006e0 00000000     0                 BasePrintLibSPrintMarker
0000147c 00000036     1         /home/gl055/Research/Harden/firness/edk2/Build/OvmfX64/DEBUG_CLANGPDB/X64/OvmfPkg/VirtioFsDxe/VirtioFsDxe/DEBUG/VirtioFsDxe.dll.lto.obj:(.text$CompareGuid)
0000147c 00000000     0                 CompareGuid
000014b2 000000ab     1         /home/gl055/Research/Harden/firness/edk2/Build/OvmfX64/DEBUG_CLANGPDB/X64/OvmfPkg/VirtioFsDxe/VirtioFsDxe/DEBUG/VirtioFsDxe.dll.lto.obj:(.text$CompareMem)
000014b2 00000000     0                 CompareMem
0000155d 00000081     1         /home/gl055/Research/Harden/firness/edk2/Build/OvmfX64/DEBUG_CLANGPDB/X64/OvmfPkg/VirtioFsDxe/VirtioFsDxe/DEBUG/VirtioFsDxe.dll.lto.obj:(.text$CopyMem)
0000155d 00000000     0                 CopyMem
000015de 00000056     1         /home/gl055/Research/Harden/firness/edk2/Build/OvmfX64/DEBUG_CLANGPDB/X64/OvmfPkg/VirtioFsDxe/VirtioFsDxe/DEBUG/VirtioFsDxe.dll.lto.obj:(.text$DebugAssert)
000015de 00000000     0                 DebugAssert
00001634 0000007c     1         /home/gl055/Research/Harden/firness/edk2/Build/OvmfX64/DEBUG_CLANGPDB/X64/OvmfPkg/VirtioFsDxe/VirtioFsDxe/DEBUG/VirtioFsDxe.dll.lto.obj:(.text$DebugPrint)
00001634 00000000     0                 DebugPrint
000016b0 00000048     1         /home/gl055/Research/Harden/firness/edk2/Build/OvmfX64/DEBUG_CLANGPDB/X64/OvmfPkg/VirtioFsDxe/VirtioFsDxe/DEBUG/VirtioFsDxe.dll.lto.obj:(.text$FreePool)
000016b0 00000000     0                 FreePool
000016f8 0000002d     1         /home/gl055/Research/Harden/firness/edk2/Build/OvmfX64/DEBUG_CLANGPDB/X64/OvmfPkg/VirtioFsDxe/VirtioFsDxe/DEBUG/VirtioFsDxe.dll.lto.obj:(.text$InsertTailList)
000016f8 00000000     0                 InsertTailList
00001725 0000002e     1         /home/gl055/Research/Harden/firness/edk2/Build/OvmfX64/DEBUG_CLANGPDB/X64/OvmfPkg/VirtioFsDxe/VirtioFsDxe/DEBUG/VirtioFsDxe.dll.lto.obj:(.text$InternalAllocatePool)
00001725 00000000     0                 InternalAllocatePool
00001753 0000006d     1         /home/gl055/Research/Harden/firness/edk2/Build/OvmfX64/DEBUG_CLANGPDB/X64/OvmfPkg/VirtioFsDxe/VirtioFsDxe/DEBUG/VirtioFsDxe.dll.lto.obj:(.text$InternalBaseLibIsListValid)
00001753 00000000     0                 InternalBaseLibIsListValid
000017c0 0000008e     1         /home/gl055/Research/Harden/firness/edk2/Build/OvmfX64/DEBUG_CLANGPDB/X64/OvmfPkg/VirtioFsDxe/VirtioFsDxe/DEBUG/VirtioFsDxe.dll.lto.obj:(.text$IoWriteFifo8)
000017c0 00000000     0                 IoWriteFifo8
0000184e 00000019     1         /home/gl055/Research/Harden/firness/edk2/Build/OvmfX64/DEBUG_CLANGPDB/X64/OvmfPkg/VirtioFsDxe/VirtioFsDxe/DEBUG/VirtioFsDxe.dll.lto.obj:(.text$IsListEmpty)
0000184e 00000000     0                 IsListEmpty
00001867 0000002b     1         /home/gl055/Research/Harden/firness/edk2/Build/OvmfX64/DEBUG_CLANGPDB/X64/OvmfPkg/VirtioFsDxe/VirtioFsDxe/DEBUG/VirtioFsDxe.dll.lto.obj:(.text$IsTdxGuest)
00001867 00000000     0                 IsTdxGuest
00001892 00000045     1         /home/gl055/Research/Harden/firness/edk2/Build/OvmfX64/DEBUG_CLANGPDB/X64/OvmfPkg/VirtioFsDxe/VirtioFsDxe/DEBUG/VirtioFsDxe.dll.lto.obj:(.text$ParserCopy)
00001892 00000000     0                 ParserCopy
000018d7 00000081     1         /home/gl055/Research/Harden/firness/edk2/Build/OvmfX64/DEBUG_CLANGPDB/X64/OvmfPkg/VirtioFsDxe/VirtioFsDxe/DEBUG/VirtioFsDxe.dll.lto.obj:(.text$ParserRewindDot)
000018d7 00000000     0                 ParserRewindDot
00001958 000000f9     1         /home/gl055/Research/Harden/firness/edk2/Build/OvmfX64/DEBUG_CLANGPDB/X64/OvmfPkg/VirtioFsDxe/VirtioFsDxe/DEBUG/VirtioFsDxe.dll.lto.obj:(.text$ParserRewindDotDot)
00001958 00000000     0                 ParserRewindDotDot
00001a51 0000008c     1         /home/gl055/Research/Harden/firness/edk2/Build/OvmfX64/DEBUG_CLANGPDB/X64/OvmfPkg/VirtioFsDxe/VirtioFsDxe/DEBUG/VirtioFsDxe.dll.lto.obj:(.text$PlatformDebugLibIoPortFound)
00001a51 00000000     0                 PlatformDebugLibIoPortFound
00001add 0000002e     1         /home/gl055/Research/Harden/firness/edk2/Build/OvmfX64/DEBUG_CLANGPDB/X64/OvmfPkg/VirtioFsDxe/VirtioFsDxe/DEBUG/VirtioFsDxe.dll.lto.obj:(.text$ReadUnaligned64)
00001add 00000000     0                 ReadUnaligned64
00001b0b 00000044     1         /home/gl055/Research/Harden/firness/edk2/Build/OvmfX64/DEBUG_CLANGPDB/X64/OvmfPkg/VirtioFsDxe/VirtioFsDxe/DEBUG/VirtioFsDxe.dll.lto.obj:(.text$RemoveEntryList)
00001b0b 00000000     0                 RemoveEntryList
00001b4f 0000004e     1         /home/gl055/Research/Harden/firness/edk2/Build/OvmfX64/DEBUG_CLANGPDB/X64/OvmfPkg/VirtioFsDxe/VirtioFsDxe/DEBUG/VirtioFsDxe.dll.lto.obj:(.text$SetMem)
00001b4f 00000000     0                 SetMem
00001b9d 00000079     1         /home/gl055/Research/Harden/firness/edk2/Build/OvmfX64/DEBUG_CLANGPDB/X64/OvmfPkg/VirtioFsDxe/VirtioFsDxe/DEBUG/VirtioFsDxe.dll.lto.obj:(.text$StrCmp)
00001b9d 00000000     0                 StrCmp
00001c16 00000089     1         /home/gl055/Research/Harden/firness/edk2/Build/OvmfX64/DEBUG_CLANGPDB/X64/OvmfPkg/VirtioFsDxe/VirtioFsDxe/DEBUG/VirtioFsDxe.dll.lto.obj:(.text$StrLen)
00001c16 00000000     0                 StrLen
00001c9f 00000015     1         /home/gl055/Research/Harden/firness/edk2/Build/OvmfX64/DEBUG_CLANGPDB/X64/OvmfPkg/VirtioFsDxe/VirtioFsDxe/DEBUG/VirtioFsDxe.dll.lto.obj:(.text$StrSize)
00001c9f 00000000     0                 StrSize
00001cb4 00000102     1         /home/gl055/Research/Harden/firness/edk2/Build/OvmfX64/DEBUG_CLANGPDB/X64/OvmfPkg/VirtioFsDxe/VirtioFsDxe/DEBUG/VirtioFsDxe.dll.lto.obj:(.text$ValidateInfoStructure)
00001cb4 00000000     0                 ValidateInfoStructure
00001db8 000003dc     4         /home/gl055/Research/Harden/firness/edk2/Build/OvmfX64/DEBUG_CLANGPDB/X64/OvmfPkg/VirtioFsDxe/VirtioFsDxe/DEBUG/VirtioFsDxe.dll.lto.obj:(.text$VirtioFsAppendPath)
00001db8 00000000     0                 VirtioFsAppendPath
00002194 000007bb     1         /home/gl055/Research/Harden/firness/edk2/Build/OvmfX64/DEBUG_CLANGPDB/X64/OvmfPkg/VirtioFsDxe/VirtioFsDxe/DEBUG/VirtioFsDxe.dll.lto.obj:(.text$VirtioFsBindingStart)
00002194 00000000     0                 VirtioFsBindingStart
0000294f 00000171     1         /home/gl055/Research/Harden/firness/edk2/Build/OvmfX64/DEBUG_CLANGPDB/X64/OvmfPkg/VirtioFsDxe/VirtioFsDxe/DEBUG/VirtioFsDxe.dll.lto.obj:(.text$VirtioFsBindingStop)
0000294f 00000000     0                 VirtioFsBindingStop
00002ac0 000000b5     1         /home/gl055/Research/Harden/firness/edk2/Build/OvmfX64/DEBUG_CLANGPDB/X64/OvmfPkg/VirtioFsDxe/VirtioFsDxe/DEBUG/VirtioFsDxe.dll.lto.obj:(.text$VirtioFsBindingSupported)
00002ac0 00000000     0                 VirtioFsBindingSupported
00002b75 0000003e     1         /home/gl055/Research/Harden/firness/edk2/Build/OvmfX64/DEBUG_CLANGPDB/X64/OvmfPkg/VirtioFsDxe/VirtioFsDxe/DEBUG/VirtioFsDxe.dll.lto.obj:(.text$VirtioFsExitBoot)
00002b75 00000000     0                 VirtioFsExitBoot
00002bb3 0000023a     1         /home/gl055/Research/Harden/firness/edk2/Build/OvmfX64/DEBUG_CLANGPDB/X64/OvmfPkg/VirtioFsDxe/VirtioFsDxe/DEBUG/VirtioFsDxe.dll.lto.obj:(.text$VirtioFsFuseAttrToEfiFileInfo)
00002bb3 00000000     0                 VirtioFsFuseAttrToEfiFileInfo
00002ded 0000010a     1         /home/gl055/Research/Harden/firness/edk2/Build/OvmfX64/DEBUG_CLANGPDB/X64/OvmfPkg/VirtioFsDxe/VirtioFsDxe/DEBUG/VirtioFsDxe.dll.lto.obj:(.text$VirtioFsFuseCheckResponse)
00002ded 00000000     0                 VirtioFsFuseCheckResponse
00002ef7 000001a2     1         /home/gl055/Research/Harden/firness/edk2/Build/OvmfX64/DEBUG_CLANGPDB/X64/OvmfPkg/VirtioFsDxe/VirtioFsDxe/DEBUG/VirtioFsDxe.dll.lto.obj:(.text$VirtioFsFuseFlush)
00002ef7 00000000     0                 VirtioFsFuseFlush
00003099 000000cb     1         /home/gl055/Research/Harden/firness/edk2/Build/OvmfX64/DEBUG_CLANGPDB/X64/OvmfPkg/VirtioFsDxe/VirtioFsDxe/DEBUG/VirtioFsDxe.dll.lto.obj:(.text$VirtioFsFuseForget)
00003099 00000000     0                 VirtioFsFuseForget
00003164 000001b5     1         /home/gl055/Research/Harden/firness/edk2/Build/OvmfX64/DEBUG_CLANGPDB/X64/OvmfPkg/VirtioFsDxe/VirtioFsDxe/DEBUG/VirtioFsDxe.dll.lto.obj:(.text$VirtioFsFuseFsyncFileOrDir)
00003164 00000000     0                 VirtioFsFuseFsyncFileOrDir
00003319 000001a4     1         /home/gl055/Research/Harden/firness/edk2/Build/OvmfX64/DEBUG_CLANGPDB/X64/OvmfPkg/VirtioFsDxe/VirtioFsDxe/DEBUG/VirtioFsDxe.dll.lto.obj:(.text$VirtioFsFuseGetAttr)
00003319 00000000     0                 VirtioFsFuseGetAttr
000034bd 000001e8     1         /home/gl055/Research/Harden/firness/edk2/Build/OvmfX64/DEBUG_CLANGPDB/X64/OvmfPkg/VirtioFsDxe/VirtioFsDxe/DEBUG/VirtioFsDxe.dll.lto.obj:(.text$VirtioFsFuseLookup)
000034bd 00000000     0                 VirtioFsFuseLookup
000036a5 000001a5     1         /home/gl055/Research/Harden/firness/edk2/Build/OvmfX64/DEBUG_CLANGPDB/X64/OvmfPkg/VirtioFsDxe/VirtioFsDxe/DEBUG/VirtioFsDxe.dll.lto.obj:(.text$VirtioFsFuseOpenDir)
000036a5 00000000     0                 VirtioFsFuseOpenDir
0000384a 00000239     1         /home/gl055/Research/Harden/firness/edk2/Build/OvmfX64/DEBUG_CLANGPDB/X64/OvmfPkg/VirtioFsDxe/VirtioFsDxe/DEBUG/VirtioFsDxe.dll.lto.obj:(.text$VirtioFsFuseReadFileOrDir)
0000384a 00000000     0                 VirtioFsFuseReadFileOrDir
00003a83 000001bb     1         /home/gl055/Research/Harden/firness/edk2/Build/OvmfX64/DEBUG_CLANGPDB/X64/OvmfPkg/VirtioFsDxe/VirtioFsDxe/DEBUG/VirtioFsDxe.dll.lto.obj:(.text$VirtioFsFuseReleaseFileOrDir)
00003a83 00000000     0                 VirtioFsFuseReleaseFileOrDir
00003c3e 0000019f     1         /home/gl055/Research/Harden/firness/edk2/Build/OvmfX64/DEBUG_CLANGPDB/X64/OvmfPkg/VirtioFsDxe/VirtioFsDxe/DEBUG/VirtioFsDxe.dll.lto.obj:(.text$VirtioFsFuseRemoveFileOrDir)
00003c3e 00000000     0                 VirtioFsFuseRemoveFileOrDir
00003ddd 00000171     1         /home/gl055/Research/Harden/firness/edk2/Build/OvmfX64/DEBUG_CLANGPDB/X64/OvmfPkg/VirtioFsDxe/VirtioFsDxe/DEBUG/VirtioFsDxe.dll.lto.obj:(.text$VirtioFsFuseStatFs)
00003ddd 00000000     0                 VirtioFsFuseStatFs
00003f4e 000000a7     1         /home/gl055/Research/Harden/firness/edk2/Build/OvmfX64/DEBUG_CLANGPDB/X64/OvmfPkg/VirtioFsDxe/VirtioFsDxe/DEBUG/VirtioFsDxe.dll.lto.obj:(.text$VirtioFsGetBasename)
00003f4e 00000000     0                 VirtioFsGetBasename
00003ff5 0000000b     1         /home/gl055/Research/Harden/firness/edk2/Build/OvmfX64/DEBUG_CLANGPDB/X64/OvmfPkg/VirtioFsDxe/VirtioFsDxe/DEBUG/VirtioFsDxe.dll.lto.obj:(.text$VirtioFsGetControllerName)
00003ff5 00000000     0                 VirtioFsGetControllerName
00004000 0000004f     1         /home/gl055/Research/Harden/firness/edk2/Build/OvmfX64/DEBUG_CLANGPDB/X64/OvmfPkg/VirtioFsDxe/VirtioFsDxe/DEBUG/VirtioFsDxe.dll.lto.obj:(.text$VirtioFsGetDriverName)
00004000 00000000     0                 VirtioFsGetDriverName
0000404f 00000188     1         /home/gl055/Research/Harden/firness/edk2/Build/OvmfX64/DEBUG_CLANGPDB/X64/OvmfPkg/VirtioFsDxe/VirtioFsDxe/DEBUG/VirtioFsDxe.dll.lto.obj:(.text$VirtioFsLookupMostSpecificParentDir)
0000404f 00000000     0                 VirtioFsLookupMostSpecificParentDir
000041d7 000001bc     1         /home/gl055/Research/Harden/firness/edk2/Build/OvmfX64/DEBUG_CLANGPDB/X64/OvmfPkg/VirtioFsDxe/VirtioFsDxe/DEBUG/VirtioFsDxe.dll.lto.obj:(.text$VirtioFsOpenVolume)
000041d7 00000000     0                 VirtioFsOpenVolume
00004393 00000320     1         /home/gl055/Research/Harden/firness/edk2/Build/OvmfX64/DEBUG_CLANGPDB/X64/OvmfPkg/VirtioFsDxe/VirtioFsDxe/DEBUG/VirtioFsDxe.dll.lto.obj:(.text$VirtioFsSgListsSubmit)
00004393 00000000     0                 VirtioFsSgListsSubmit
000046b3 000000f3     1         /home/gl055/Research/Harden/firness/edk2/Build/OvmfX64/DEBUG_CLANGPDB/X64/OvmfPkg/VirtioFsDxe/VirtioFsDxe/DEBUG/VirtioFsDxe.dll.lto.obj:(.text$VirtioFsSgListsValidate)
000046b3 00000000     0                 VirtioFsSgListsValidate
000047a6 000000f2     1         /home/gl055/Research/Harden/firness/edk2/Build/OvmfX64/DEBUG_CLANGPDB/X64/OvmfPkg/VirtioFsDxe/VirtioFsDxe/DEBUG/VirtioFsDxe.dll.lto.obj:(.text$VirtioFsSimpleFileClose)
000047a6 00000000     0                 VirtioFsSimpleFileClose
00004898 00000120     1         /home/gl055/Research/Harden/firness/edk2/Build/OvmfX64/DEBUG_CLANGPDB/X64/OvmfPkg/VirtioFsDxe/VirtioFsDxe/DEBUG/VirtioFsDxe.dll.lto.obj:(.text$VirtioFsSimpleFileDelete)
00004898 00000000     0                 VirtioFsSimpleFileDelete
000049b8 000000a2     1         /home/gl055/Research/Harden/firness/edk2/Build/OvmfX64/DEBUG_CLANGPDB/X64/OvmfPkg/VirtioFsDxe/VirtioFsDxe/DEBUG/VirtioFsDxe.dll.lto.obj:(.text$VirtioFsSimpleFileFlush)
000049b8 00000000     0                 VirtioFsSimpleFileFlush
00004a5a 000002fa     1         /home/gl055/Research/Harden/firness/edk2/Build/OvmfX64/DEBUG_CLANGPDB/X64/OvmfPkg/VirtioFsDxe/VirtioFsDxe/DEBUG/VirtioFsDxe.dll.lto.obj:(.text$VirtioFsSimpleFileGetInfo)
00004a5a 00000000     0                 VirtioFsSimpleFileGetInfo
00004d54 00000062     1         /home/gl055/Research/Harden/firness/edk2/Build/OvmfX64/DEBUG_CLANGPDB/X64/OvmfPkg/VirtioFsDxe/VirtioFsDxe/DEBUG/VirtioFsDxe.dll.lto.obj:(.text$VirtioFsSimpleFileGetPosition)
00004d54 00000000     0                 VirtioFsSimpleFileGetPosition
00004db6 00000ba5     1         /home/gl055/Research/Harden/firness/edk2/Build/OvmfX64/DEBUG_CLANGPDB/X64/OvmfPkg/VirtioFsDxe/VirtioFsDxe/DEBUG/VirtioFsDxe.dll.lto.obj:(.text$VirtioFsSimpleFileOpen)
00004db6 00000000     0                 VirtioFsSimpleFileOpen
0000595b 00000520     1         /home/gl055/Research/Harden/firness/edk2/Build/OvmfX64/DEBUG_CLANGPDB/X64/OvmfPkg/VirtioFsDxe/VirtioFsDxe/DEBUG/VirtioFsDxe.dll.lto.obj:(.text$VirtioFsSimpleFileRead)
0000595b 00000000     0                 VirtioFsSimpleFileRead
00005e7b 00001152     1         /home/gl055/Research/Harden/firness/edk2/Build/OvmfX64/DEBUG_CLANGPDB/X64/OvmfPkg/VirtioFsDxe/VirtioFsDxe/DEBUG/VirtioFsDxe.dll.lto.obj:(.text$VirtioFsSimpleFileSetInfo)
00005e7b 00000000     0                 VirtioFsSimpleFileSetInfo
00006fcd 000000d0     1         /home/gl055/Research/Harden/firness/edk2/Build/OvmfX64/DEBUG_CLANGPDB/X64/OvmfPkg/VirtioFsDxe/VirtioFsDxe/DEBUG/VirtioFsDxe.dll.lto.obj:(.text$VirtioFsSimpleFileSetPosition)
00006fcd 00000000     0                 VirtioFsSimpleFileSetPosition
0000709d 000003f6     1         /home/gl055/Research/Harden/firness/edk2/Build/OvmfX64/DEBUG_CLANGPDB/X64/OvmfPkg/VirtioFsDxe/VirtioFsDxe/DEBUG/VirtioFsDxe.dll.lto.obj:(.text$VirtioFsSimpleFileWrite)
0000709d 00000000     0                 VirtioFsSimpleFileWrite
00007493 00000037     1         /home/gl055/Research/Harden/firness/edk2/Build/OvmfX64/DEBUG_CLANGPDB/X64/OvmfPkg/VirtioFsDxe/VirtioFsDxe/DEBUG/VirtioFsDxe.dll.lto.obj:(.text$VirtioFsUninit)
00007493 00000000     0                 VirtioFsUninit
000074ca 0000007d     1         /home/gl055/Research/Harden/firness/edk2/Build/OvmfX64/DEBUG_CLANGPDB/X64/OvmfPkg/VirtioFsDxe/VirtioFsDxe/DEBUG/VirtioFsDxe.dll.lto.obj:(.text$VirtioMapAllBytesInSharedBuffer)
000074ca 00000000     0                 VirtioMapAllBytesInSharedBuffer
00007547 00000024     1         /home/gl055/Research/Harden/firness/edk2/Build/OvmfX64/DEBUG_CLANGPDB/X64/OvmfPkg/VirtioFsDxe/VirtioFsDxe/DEBUG/VirtioFsDxe.dll.lto.obj:(.text$VirtioRingUninit)
00007547 00000000     0                 VirtioRingUninit
0000756b 00000149     1         /home/gl055/Research/Harden/firness/edk2/Build/OvmfX64/DEBUG_CLANGPDB/X64/OvmfPkg/VirtioFsDxe/VirtioFsDxe/DEBUG/VirtioFsDxe.dll.lto.obj:(.text$_ModuleEntryPoint)
0000756b 00000000     0                 _ModuleEntryPoint
000076c0 0000196c  4096 .rdata
000076c0 0000000b     1         /home/gl055/Research/Harden/firness/edk2/Build/OvmfX64/DEBUG_CLANGPDB/X64/OvmfPkg/VirtioFsDxe/VirtioFsDxe/DEBUG/VirtioFsDxe.dll.lto.obj:(.rdata)
000076c0 00000000     0                 .str.19
000076cb 00000017     1         /home/gl055/Research/Harden/firness/edk2/Build/OvmfX64/DEBUG_CLANGPDB/X64/OvmfPkg/VirtioFsDxe/VirtioFsDxe/DEBUG/VirtioFsDxe.dll.lto.obj:(.rdata)
000076cb 00000000     0                 .str.1.20
000076e2 00000014     1         /home/gl055/Research/Harden/firness/edk2/Build/OvmfX64/DEBUG_CLANGPDB/X64/OvmfPkg/VirtioFsDxe/VirtioFsDxe/DEBUG/VirtioFsDxe.dll.lto.obj:(.rdata)
000076e2 00000000     0                 .str.2.23
000076f6 0000001b     1         /home/gl055/Research/Harden/firness/edk2/Build/OvmfX64/DEBUG_CLANGPDB/X64/OvmfPkg/VirtioFsDxe/VirtioFsDxe/DEBUG/VirtioFsDxe.dll.lto.obj:(.rdata)
000076f6 00000000     0                 .str.32
00007711 0000001d     1         /home/gl055/Research/Harden/firness/edk2/Build/OvmfX64/DEBUG_CLANGPDB/X64/OvmfPkg/VirtioFsDxe/VirtioFsDxe/DEBUG/VirtioFsDxe.dll.lto.obj:(.rdata)
00007711 00000000     0                 .str.1.33
0000772e 00000014     1         /home/gl055/Research/Harden/firness/edk2/Build/OvmfX64/DEBUG_CLANGPDB/X64/OvmfPkg/VirtioFsDxe/VirtioFsDxe/DEBUG/VirtioFsDxe.dll.lto.obj:(.rdata)
0000772e 00000000     0                 .str.2.36
00007742 00000014     1         /home/gl055/Research/Harden/firness/edk2/Build/OvmfX64/DEBUG_CLANGPDB/X64/OvmfPkg/VirtioFsDxe/VirtioFsDxe/DEBUG/VirtioFsDxe.dll.lto.obj:(.rdata)
00007742 00000000     0                 .str.3.39
00007756 00000010     1         /home/gl055/Research/Harden/firness/edk2/Build/OvmfX64/DEBUG_CLANGPDB/X64/OvmfPkg/VirtioFsDxe/VirtioFsDxe/DEBUG/VirtioFsDxe.dll.lto.obj:(.rdata)
00007756 00000000     0                 .str.1.47
00007766 0000002c     1         /home/gl055/Research/Harden/firness/edk2/Build/OvmfX64/DEBUG_CLANGPDB/X64/OvmfPkg/VirtioFsDxe/VirtioFsDxe/DEBUG/VirtioFsDxe.dll.lto.obj:(.rdata)
00007766 00000000     0                 .str.2.48
00007792 00000003     1         /home/gl055/Research/Harden/firness/edk2/Build/OvmfX64/DEBUG_CLANGPDB/X64/OvmfPkg/VirtioFsDxe/VirtioFsDxe/DEBUG/VirtioFsDxe.dll.lto.obj:(.rdata)
00007792 00000000     0                 .str.5
00007796 00000032     2         /home/gl055/Research/Harden/firness/edk2/Build/OvmfX64/DEBUG_CLANGPDB/X64/OvmfPkg/VirtioFsDxe/VirtioFsDxe/DEBUG/VirtioFsDxe.dll.lto.obj:(.rdata)
00007796 00000000     0                 .str.6
000077c8 00000010     1         /home/gl055/Research/Harden/firness/edk2/Build/OvmfX64/DEBUG_CLANGPDB/X64/OvmfPkg/VirtioFsDxe/VirtioFsDxe/DEBUG/VirtioFsDxe.dll.lto.obj:(.rdata)
000077c8 00000000     0                 .str.67
000077d8 00000038     1         /home/gl055/Research/Harden/firness/edk2/Build/OvmfX64/DEBUG_CLANGPDB/X64/OvmfPkg/VirtioFsDxe/VirtioFsDxe/DEBUG/VirtioFsDxe.dll.lto.obj:(.rdata)
000077d8 00000000     0                 .str.1.68
00007810 00000016     1         /home/gl055/Research/Harden/firness/edk2/Build/OvmfX64/DEBUG_CLANGPDB/X64/OvmfPkg/VirtioFsDxe/VirtioFsDxe/DEBUG/VirtioFsDxe.dll.lto.obj:(.rdata)
00007810 00000000     0                 .str.73
00007826 0000003e     1         /home/gl055/Research/Harden/firness/edk2/Build/OvmfX64/DEBUG_CLANGPDB/X64/OvmfPkg/VirtioFsDxe/VirtioFsDxe/DEBUG/VirtioFsDxe.dll.lto.obj:(.rdata)
00007826 00000000     0                 .str.7
00007864 0000001e     1         /home/gl055/Research/Harden/firness/edk2/Build/OvmfX64/DEBUG_CLANGPDB/X64/OvmfPkg/VirtioFsDxe/VirtioFsDxe/DEBUG/VirtioFsDxe.dll.lto.obj:(.rdata)
00007864 00000000     0                 .str.85
00007882 00000011     1         /home/gl055/Research/Harden/firness/edk2/Build/OvmfX64/DEBUG_CLANGPDB/X64/OvmfPkg/VirtioFsDxe/VirtioFsDxe/DEBUG/VirtioFsDxe.dll.lto.obj:(.rdata)
00007882 00000000     0                 __func__.VirtioFsExitBoot
00007893 0000000a     1         /home/gl055/Research/Harden/firness/edk2/Build/OvmfX64/DEBUG_CLANGPDB/X64/OvmfPkg/VirtioFsDxe/VirtioFsDxe/DEBUG/VirtioFsDxe.dll.lto.obj:(.rdata)
00007893 00000000     0                 .str.1.86
0000789d 0000001f     1         /home/gl055/Research/Harden/firness/edk2/Build/OvmfX64/DEBUG_CLANGPDB/X64/OvmfPkg/VirtioFsDxe/VirtioFsDxe/DEBUG/VirtioFsDxe.dll.lto.obj:(.rdata)
0000789d 00000000     0                 .str.2.87
000078bc 0000001b     1         /home/gl055/Research/Harden/firness/edk2/Build/OvmfX64/DEBUG_CLANGPDB/X64/OvmfPkg/VirtioFsDxe/VirtioFsDxe/DEBUG/VirtioFsDxe.dll.lto.obj:(.rdata)
000078bc 00000000     0                 .str.3.88
000078d7 00000015     1         /home/gl055/Research/Harden/firness/edk2/Build/OvmfX64/DEBUG_CLANGPDB/X64/OvmfPkg/VirtioFsDxe/VirtioFsDxe/DEBUG/VirtioFsDxe.dll.lto.obj:(.rdata)
000078d7 00000000     0                 .str.4.89
000078ec 00000015     1         /home/gl055/Research/Harden/firness/edk2/Build/OvmfX64/DEBUG_CLANGPDB/X64/OvmfPkg/VirtioFsDxe/VirtioFsDxe/DEBUG/VirtioFsDxe.dll.lto.obj:(.rdata)
000078ec 00000000     0                 .str.5.90
00007901 0000000c     1         /home/gl055/Research/Harden/firness/edk2/Build/OvmfX64/DEBUG_CLANGPDB/X64/OvmfPkg/VirtioFsDxe/VirtioFsDxe/DEBUG/VirtioFsDxe.dll.lto.obj:(.rdata)
00007901 00000000     0                 .str.6.91
0000790d 00000012     1         /home/gl055/Research/Harden/firness/edk2/Build/OvmfX64/DEBUG_CLANGPDB/X64/OvmfPkg/VirtioFsDxe/VirtioFsDxe/DEBUG/VirtioFsDxe.dll.lto.obj:(.rdata)
0000790d 00000000     0                 .str.7.92
0000791f 00000017     1         /home/gl055/Research/Harden/firness/edk2/Build/OvmfX64/DEBUG_CLANGPDB/X64/OvmfPkg/VirtioFsDxe/VirtioFsDxe/DEBUG/VirtioFsDxe.dll.lto.obj:(.rdata)
0000791f 00000000     0                 .str.8
00007936 0000002f     1         /home/gl055/Research/Harden/firness/edk2/Build/OvmfX64/DEBUG_CLANGPDB/X64/OvmfPkg/VirtioFsDxe/VirtioFsDxe/DEBUG/VirtioFsDxe.dll.lto.obj:(.rdata)
00007936 00000000     0                 .str.10
00007965 00000025     1         /home/gl055/Research/Harden/firness/edk2/Build/OvmfX64/DEBUG_CLANGPDB/X64/OvmfPkg/VirtioFsDxe/VirtioFsDxe/DEBUG/VirtioFsDxe.dll.lto.obj:(.rdata)
00007965 00000000     0                 .str.12
0000798a 00000029     1         /home/gl055/Research/Harden/firness/edk2/Build/OvmfX64/DEBUG_CLANGPDB/X64/OvmfPkg/VirtioFsDxe/VirtioFsDxe/DEBUG/VirtioFsDxe.dll.lto.obj:(.rdata)
0000798a 00000000     0                 .str.13
000079b3 00000018     1         /home/gl055/Research/Harden/firness/edk2/Build/OvmfX64/DEBUG_CLANGPDB/X64/OvmfPkg/VirtioFsDxe/VirtioFsDxe/DEBUG/VirtioFsDxe.dll.lto.obj:(.rdata)
000079b3 00000000     0                 .str.16
000079cb 00000023     1         /home/gl055/Research/Harden/firness/edk2/Build/OvmfX64/DEBUG_CLANGPDB/X64/OvmfPkg/VirtioFsDxe/VirtioFsDxe/DEBUG/VirtioFsDxe.dll.lto.obj:(.rdata)
000079cb 00000000     0                 .str.17
000079ee 00000011     1         /home/gl055/Research/Harden/firness/edk2/Build/OvmfX64/DEBUG_CLANGPDB/X64/OvmfPkg/VirtioFsDxe/VirtioFsDxe/DEBUG/VirtioFsDxe.dll.lto.obj:(.rdata)
000079ee 00000000     0                 .str.18
000079ff 0000000f     1         /home/gl055/Research/Harden/firness/edk2/Build/OvmfX64/DEBUG_CLANGPDB/X64/OvmfPkg/VirtioFsDxe/VirtioFsDxe/DEBUG/VirtioFsDxe.dll.lto.obj:(.rdata)
000079ff 00000000     0                 .str.19.93
00007a0e 0000001d     1         /home/gl055/Research/Harden/firness/edk2/Build/OvmfX64/DEBUG_CLANGPDB/X64/OvmfPkg/VirtioFsDxe/VirtioFsDxe/DEBUG/VirtioFsDxe.dll.lto.obj:(.rdata)
00007a0e 00000000     0                 .str.20
00007a2b 0000000f     1         /home/gl055/Research/Harden/firness/edk2/Build/OvmfX64/DEBUG_CLANGPDB/X64/OvmfPkg/VirtioFsDxe/VirtioFsDxe/DEBUG/VirtioFsDxe.dll.lto.obj:(.rdata)
00007a2b 00000000     0                 .str.21
00007a3a 0000001d     1         /home/gl055/Research/Harden/firness/edk2/Build/OvmfX64/DEBUG_CLANGPDB/X64/OvmfPkg/VirtioFsDxe/VirtioFsDxe/DEBUG/VirtioFsDxe.dll.lto.obj:(.rdata)
00007a3a 00000000     0                 .str.22
00007a57 0000001d     1         /home/gl055/Research/Harden/firness/edk2/Build/OvmfX64/DEBUG_CLANGPDB/X64/OvmfPkg/VirtioFsDxe/VirtioFsDxe/DEBUG/VirtioFsDxe.dll.lto.obj:(.rdata)
00007a57 00000000     0                 .str.23
00007a74 0000000f     1         /home/gl055/Research/Harden/firness/edk2/Build/OvmfX64/DEBUG_CLANGPDB/X64/OvmfPkg/VirtioFsDxe/VirtioFsDxe/DEBUG/VirtioFsDxe.dll.lto.obj:(.rdata)
00007a74 00000000     0                 .str.24
00007a83 0000001d     1         /home/gl055/Research/Harden/firness/edk2/Build/OvmfX64/DEBUG_CLANGPDB/X64/OvmfPkg/VirtioFsDxe/VirtioFsDxe/DEBUG/VirtioFsDxe.dll.lto.obj:(.rdata)
00007a83 00000000     0                 .str.25
00007aa0 0000001d     1         /home/gl055/Research/Harden/firness/edk2/Build/OvmfX64/DEBUG_CLANGPDB/X64/OvmfPkg/VirtioFsDxe/VirtioFsDxe/DEBUG/VirtioFsDxe.dll.lto.obj:(.rdata)
00007aa0 00000000     0                 .str.26
00007abd 0000000e     1         /home/gl055/Research/Harden/firness/edk2/Build/OvmfX64/DEBUG_CLANGPDB/X64/OvmfPkg/VirtioFsDxe/VirtioFsDxe/DEBUG/VirtioFsDxe.dll.lto.obj:(.rdata)
00007abd 00000000     0                 .str.27
00007ad0 00000428     8         /home/gl055/Research/Harden/firness/edk2/Build/OvmfX64/DEBUG_CLANGPDB/X64/OvmfPkg/VirtioFsDxe/VirtioFsDxe/DEBUG/VirtioFsDxe.dll.lto.obj:(.rdata)
00007ad0 00000000     0                 switch.table.VirtioFsErrnoToEfiStatus
00007ef8 00000019     1         /home/gl055/Research/Harden/firness/edk2/Build/OvmfX64/DEBUG_CLANGPDB/X64/OvmfPkg/VirtioFsDxe/VirtioFsDxe/DEBUG/VirtioFsDxe.dll.lto.obj:(.rdata)
00007ef8 00000000     0                 .str.96
00007f11 00000018     1         /home/gl055/Research/Harden/firness/edk2/Build/OvmfX64/DEBUG_CLANGPDB/X64/OvmfPkg/VirtioFsDxe/VirtioFsDxe/DEBUG/VirtioFsDxe.dll.lto.obj:(.rdata)
00007f11 00000000     0                 __func__.VirtioFsFuseInitSession
00007f29 0000000d     1         /home/gl055/Research/Harden/firness/edk2/Build/OvmfX64/DEBUG_CLANGPDB/X64/OvmfPkg/VirtioFsDxe/VirtioFsDxe/DEBUG/VirtioFsDxe.dll.lto.obj:(.rdata)
00007f29 00000000     0                 .str.97
00007f36 00000015     1         /home/gl055/Research/Harden/firness/edk2/Build/OvmfX64/DEBUG_CLANGPDB/X64/OvmfPkg/VirtioFsDxe/VirtioFsDxe/DEBUG/VirtioFsDxe.dll.lto.obj:(.rdata)
00007f36 00000000     0                 .str.1.98
00007f4b 00000022     1         /home/gl055/Research/Harden/firness/edk2/Build/OvmfX64/DEBUG_CLANGPDB/X64/OvmfPkg/VirtioFsDxe/VirtioFsDxe/DEBUG/VirtioFsDxe.dll.lto.obj:(.rdata)
00007f4b 00000000     0                 .str.2.99
00007f6d 0000001f     1         /home/gl055/Research/Harden/firness/edk2/Build/OvmfX64/DEBUG_CLANGPDB/X64/OvmfPkg/VirtioFsDxe/VirtioFsDxe/DEBUG/VirtioFsDxe.dll.lto.obj:(.rdata)
00007f6d 00000000     0                 .str.3.100
00007f8c 00000015     1         /home/gl055/Research/Harden/firness/edk2/Build/OvmfX64/DEBUG_CLANGPDB/X64/OvmfPkg/VirtioFsDxe/VirtioFsDxe/DEBUG/VirtioFsDxe.dll.lto.obj:(.rdata)
00007f8c 00000000     0                 .str.12.110
00007fa1 00000015     1         /home/gl055/Research/Harden/firness/edk2/Build/OvmfX64/DEBUG_CLANGPDB/X64/OvmfPkg/VirtioFsDxe/VirtioFsDxe/DEBUG/VirtioFsDxe.dll.lto.obj:(.rdata)
00007fa1 00000000     0                 .str.113
00007fb6 00000009     1         /home/gl055/Research/Harden/firness/edk2/Build/OvmfX64/DEBUG_CLANGPDB/X64/OvmfPkg/VirtioFsDxe/VirtioFsDxe/DEBUG/VirtioFsDxe.dll.lto.obj:(.rdata)
00007fb6 00000000     0                 .str.118
00007fbf 00000017     1         /home/gl055/Research/Harden/firness/edk2/Build/OvmfX64/DEBUG_CLANGPDB/X64/OvmfPkg/VirtioFsDxe/VirtioFsDxe/DEBUG/VirtioFsDxe.dll.lto.obj:(.rdata)
00007fbf 00000000     0                 .str.1.119
00007fd6 00000022     1         /home/gl055/Research/Harden/firness/edk2/Build/OvmfX64/DEBUG_CLANGPDB/X64/OvmfPkg/VirtioFsDxe/VirtioFsDxe/DEBUG/VirtioFsDxe.dll.lto.obj:(.rdata)
00007fd6 00000000     0                 .str.2.120
00007ff8 0000003a     1         /home/gl055/Research/Harden/firness/edk2/Build/OvmfX64/DEBUG_CLANGPDB/X64/OvmfPkg/VirtioFsDxe/VirtioFsDxe/DEBUG/VirtioFsDxe.dll.lto.obj:(.rdata)
00007ff8 00000000     0                 .str.3.121
00008032 0000001b     1         /home/gl055/Research/Harden/firness/edk2/Build/OvmfX64/DEBUG_CLANGPDB/X64/OvmfPkg/VirtioFsDxe/VirtioFsDxe/DEBUG/VirtioFsDxe.dll.lto.obj:(.rdata)
00008032 00000000     0                 .str.4.122
0000804d 0000001c     1         /home/gl055/Research/Harden/firness/edk2/Build/OvmfX64/DEBUG_CLANGPDB/X64/OvmfPkg/VirtioFsDxe/VirtioFsDxe/DEBUG/VirtioFsDxe.dll.lto.obj:(.rdata)
0000804d 00000000     0                 .str.5.123
00008069 00000038     1         /home/gl055/Research/Harden/firness/edk2/Build/OvmfX64/DEBUG_CLANGPDB/X64/OvmfPkg/VirtioFsDxe/VirtioFsDxe/DEBUG/VirtioFsDxe.dll.lto.obj:(.rdata)
00008069 00000000     0                 .str.9.126
000080a1 0000001b     1         /home/gl055/Research/Harden/firness/edk2/Build/OvmfX64/DEBUG_CLANGPDB/X64/OvmfPkg/VirtioFsDxe/VirtioFsDxe/DEBUG/VirtioFsDxe.dll.lto.obj:(.rdata)
000080a1 00000000     0                 .str.10.129
000080bc 0000001c     1         /home/gl055/Research/Harden/firness/edk2/Build/OvmfX64/DEBUG_CLANGPDB/X64/OvmfPkg/VirtioFsDxe/VirtioFsDxe/DEBUG/VirtioFsDxe.dll.lto.obj:(.rdata)
000080bc 00000000     0                 .str.11.130
000080d8 00000039     1         /home/gl055/Research/Harden/firness/edk2/Build/OvmfX64/DEBUG_CLANGPDB/X64/OvmfPkg/VirtioFsDxe/VirtioFsDxe/DEBUG/VirtioFsDxe.dll.lto.obj:(.rdata)
000080d8 00000000     0                 .str.12.131
00008111 0000001b     1         /home/gl055/Research/Harden/firness/edk2/Build/OvmfX64/DEBUG_CLANGPDB/X64/OvmfPkg/VirtioFsDxe/VirtioFsDxe/DEBUG/VirtioFsDxe.dll.lto.obj:(.rdata)
00008111 00000000     0                 .str.13.134
0000812c 00000021     1         /home/gl055/Research/Harden/firness/edk2/Build/OvmfX64/DEBUG_CLANGPDB/X64/OvmfPkg/VirtioFsDxe/VirtioFsDxe/DEBUG/VirtioFsDxe.dll.lto.obj:(.rdata)
0000812c 00000000     0                 .str.14.135
0000814d 00000013     1         /home/gl055/Research/Harden/firness/edk2/Build/OvmfX64/DEBUG_CLANGPDB/X64/OvmfPkg/VirtioFsDxe/VirtioFsDxe/DEBUG/VirtioFsDxe.dll.lto.obj:(.rdata)
0000814d 00000000     0                 .str.138
00008160 00000019     1         /home/gl055/Research/Harden/firness/edk2/Build/OvmfX64/DEBUG_CLANGPDB/X64/OvmfPkg/VirtioFsDxe/VirtioFsDxe/DEBUG/VirtioFsDxe.dll.lto.obj:(.rdata)
00008160 00000000     0                 .str.5.139
00008179 00000019     1         /home/gl055/Research/Harden/firness/edk2/Build/OvmfX64/DEBUG_CLANGPDB/X64/OvmfPkg/VirtioFsDxe/VirtioFsDxe/DEBUG/VirtioFsDxe.dll.lto.obj:(.rdata)
00008179 00000000     0                 .str.12.140
00008192 00000083     1         /home/gl055/Research/Harden/firness/edk2/Build/OvmfX64/DEBUG_CLANGPDB/X64/OvmfPkg/VirtioFsDxe/VirtioFsDxe/DEBUG/VirtioFsDxe.dll.lto.obj:(.rdata)
00008192 00000000     0                 .str.15.144
00008215 0000000e     1         /home/gl055/Research/Harden/firness/edk2/Build/OvmfX64/DEBUG_CLANGPDB/X64/OvmfPkg/VirtioFsDxe/VirtioFsDxe/DEBUG/VirtioFsDxe.dll.lto.obj:(.rdata)
00008215 00000000     0                 .str.16.145
00008223 0000000c     1         /home/gl055/Research/Harden/firness/edk2/Build/OvmfX64/DEBUG_CLANGPDB/X64/OvmfPkg/VirtioFsDxe/VirtioFsDxe/DEBUG/VirtioFsDxe.dll.lto.obj:(.rdata)
00008223 00000000     0                 .str.17.151
0000822f 00000031     1         /home/gl055/Research/Harden/firness/edk2/Build/OvmfX64/DEBUG_CLANGPDB/X64/OvmfPkg/VirtioFsDxe/VirtioFsDxe/DEBUG/VirtioFsDxe.dll.lto.obj:(.rdata)
0000822f 00000000     0                 .str.18.146
00008260 0000000c     1         /home/gl055/Research/Harden/firness/edk2/Build/OvmfX64/DEBUG_CLANGPDB/X64/OvmfPkg/VirtioFsDxe/VirtioFsDxe/DEBUG/VirtioFsDxe.dll.lto.obj:(.rdata)
00008260 00000000     0                 .str.19.152
0000826c 0000001a     1         /home/gl055/Research/Harden/firness/edk2/Build/OvmfX64/DEBUG_CLANGPDB/X64/OvmfPkg/VirtioFsDxe/VirtioFsDxe/DEBUG/VirtioFsDxe.dll.lto.obj:(.rdata)
0000826c 00000000     0                 .str.20.147
00008286 00000005     1         /home/gl055/Research/Harden/firness/edk2/Build/OvmfX64/DEBUG_CLANGPDB/X64/OvmfPkg/VirtioFsDxe/VirtioFsDxe/DEBUG/VirtioFsDxe.dll.lto.obj:(.rdata)
00008286 00000000     0                 .str.21.148
0000828b 00000003     1         /home/gl055/Research/Harden/firness/edk2/Build/OvmfX64/DEBUG_CLANGPDB/X64/OvmfPkg/VirtioFsDxe/VirtioFsDxe/DEBUG/VirtioFsDxe.dll.lto.obj:(.rdata)
0000828b 00000000     0                 .str.22.149
0000828e 00000002     1         /home/gl055/Research/Harden/firness/edk2/Build/OvmfX64/DEBUG_CLANGPDB/X64/OvmfPkg/VirtioFsDxe/VirtioFsDxe/DEBUG/VirtioFsDxe.dll.lto.obj:(.rdata)
0000828e 00000000     0                 .str.23.150
00008290 00000011     1         /home/gl055/Research/Harden/firness/edk2/Build/OvmfX64/DEBUG_CLANGPDB/X64/OvmfPkg/VirtioFsDxe/VirtioFsDxe/DEBUG/VirtioFsDxe.dll.lto.obj:(.rdata)
00008290 00000000     0                 .str.162
000082a1 0000000c     1         /home/gl055/Research/Harden/firness/edk2/Build/OvmfX64/DEBUG_CLANGPDB/X64/OvmfPkg/VirtioFsDxe/VirtioFsDxe/DEBUG/VirtioFsDxe.dll.lto.obj:(.rdata)
000082a1 00000000     0                 .str.175
000082ad 00000025     1         /home/gl055/Research/Harden/firness/edk2/Build/OvmfX64/DEBUG_CLANGPDB/X64/OvmfPkg/VirtioFsDxe/VirtioFsDxe/DEBUG/VirtioFsDxe.dll.lto.obj:(.rdata)
000082ad 00000000     0                 .str.1.176
000082d2 00000031     1         /home/gl055/Research/Harden/firness/edk2/Build/OvmfX64/DEBUG_CLANGPDB/X64/OvmfPkg/VirtioFsDxe/VirtioFsDxe/DEBUG/VirtioFsDxe.dll.lto.obj:(.rdata)
000082d2 00000000     0                 .str.185
00008303 00000013     1         /home/gl055/Research/Harden/firness/edk2/Build/OvmfX64/DEBUG_CLANGPDB/X64/OvmfPkg/VirtioFsDxe/VirtioFsDxe/DEBUG/VirtioFsDxe.dll.lto.obj:(.rdata)
00008303 00000000     0                 __func__.VirtioFsFuseLookup
00008316 0000000e     1         /home/gl055/Research/Harden/firness/edk2/Build/OvmfX64/DEBUG_CLANGPDB/X64/OvmfPkg/VirtioFsDxe/VirtioFsDxe/DEBUG/VirtioFsDxe.dll.lto.obj:(.rdata)
00008316 00000000     0                 .str.194
00008324 00000016     1         /home/gl055/Research/Harden/firness/edk2/Build/OvmfX64/DEBUG_CLANGPDB/X64/OvmfPkg/VirtioFsDxe/VirtioFsDxe/DEBUG/VirtioFsDxe.dll.lto.obj:(.rdata)
00008324 00000000     0                 .str.1.195
0000833a 00000014     1         /home/gl055/Research/Harden/firness/edk2/Build/OvmfX64/DEBUG_CLANGPDB/X64/OvmfPkg/VirtioFsDxe/VirtioFsDxe/DEBUG/VirtioFsDxe.dll.lto.obj:(.rdata)
0000833a 00000000     0                 .str.202
0000834e 00000022     1         /home/gl055/Research/Harden/firness/edk2/Build/OvmfX64/DEBUG_CLANGPDB/X64/OvmfPkg/VirtioFsDxe/VirtioFsDxe/DEBUG/VirtioFsDxe.dll.lto.obj:(.rdata)
0000834e 00000000     0                 .str.1.203
00008370 0000001d     1         /home/gl055/Research/Harden/firness/edk2/Build/OvmfX64/DEBUG_CLANGPDB/X64/OvmfPkg/VirtioFsDxe/VirtioFsDxe/DEBUG/VirtioFsDxe.dll.lto.obj:(.rdata)
00008370 00000000     0                 .str.2.204
0000838d 00000043     1         /home/gl055/Research/Harden/firness/edk2/Build/OvmfX64/DEBUG_CLANGPDB/X64/OvmfPkg/VirtioFsDxe/VirtioFsDxe/DEBUG/VirtioFsDxe.dll.lto.obj:(.rdata)
0000838d 00000000     0                 .str.3.205
000083d0 0000003e     1         /home/gl055/Research/Harden/firness/edk2/Build/OvmfX64/DEBUG_CLANGPDB/X64/OvmfPkg/VirtioFsDxe/VirtioFsDxe/DEBUG/VirtioFsDxe.dll.lto.obj:(.rdata)
000083d0 00000000     0                 .str.4.206
0000840e 00000014     1         /home/gl055/Research/Harden/firness/edk2/Build/OvmfX64/DEBUG_CLANGPDB/X64/OvmfPkg/VirtioFsDxe/VirtioFsDxe/DEBUG/VirtioFsDxe.dll.lto.obj:(.rdata)
0000840e 00000000     0                 __func__.VirtioFsFuseOpenDir
00008422 0000000f     1         /home/gl055/Research/Harden/firness/edk2/Build/OvmfX64/DEBUG_CLANGPDB/X64/OvmfPkg/VirtioFsDxe/VirtioFsDxe/DEBUG/VirtioFsDxe.dll.lto.obj:(.rdata)
00008422 00000000     0                 .str.212
00008431 0000000f     1         /home/gl055/Research/Harden/firness/edk2/Build/OvmfX64/DEBUG_CLANGPDB/X64/OvmfPkg/VirtioFsDxe/VirtioFsDxe/DEBUG/VirtioFsDxe.dll.lto.obj:(.rdata)
00008431 00000000     0                 .str.2.217
00008440 000000ac     1         /home/gl055/Research/Harden/firness/edk2/Build/OvmfX64/DEBUG_CLANGPDB/X64/OvmfPkg/VirtioFsDxe/VirtioFsDxe/DEBUG/VirtioFsDxe.dll.lto.obj:(.rdata)
00008440 00000000     0                 .str.3.214
000084ec 00000017     1         /home/gl055/Research/Harden/firness/edk2/Build/OvmfX64/DEBUG_CLANGPDB/X64/OvmfPkg/VirtioFsDxe/VirtioFsDxe/DEBUG/VirtioFsDxe.dll.lto.obj:(.rdata)
000084ec 00000000     0                 __func__.VirtioFsSimpleFileOpen
00008503 00000081     1         /home/gl055/Research/Harden/firness/edk2/Build/OvmfX64/DEBUG_CLANGPDB/X64/OvmfPkg/VirtioFsDxe/VirtioFsDxe/DEBUG/VirtioFsDxe.dll.lto.obj:(.rdata)
00008503 00000000     0                 .str.4.215
00008584 00000010     1         /home/gl055/Research/Harden/firness/edk2/Build/OvmfX64/DEBUG_CLANGPDB/X64/OvmfPkg/VirtioFsDxe/VirtioFsDxe/DEBUG/VirtioFsDxe.dll.lto.obj:(.rdata)
00008584 00000000     0                 .str.220
00008594 00000011     1         /home/gl055/Research/Harden/firness/edk2/Build/OvmfX64/DEBUG_CLANGPDB/X64/OvmfPkg/VirtioFsDxe/VirtioFsDxe/DEBUG/VirtioFsDxe.dll.lto.obj:(.rdata)
00008594 00000000     0                 .str.224
000085a5 0000000f     1         /home/gl055/Research/Harden/firness/edk2/Build/OvmfX64/DEBUG_CLANGPDB/X64/OvmfPkg/VirtioFsDxe/VirtioFsDxe/DEBUG/VirtioFsDxe.dll.lto.obj:(.rdata)
000085a5 00000000     0                 .str.228
000085b4 00000010     1         /home/gl055/Research/Harden/firness/edk2/Build/OvmfX64/DEBUG_CLANGPDB/X64/OvmfPkg/VirtioFsDxe/VirtioFsDxe/DEBUG/VirtioFsDxe.dll.lto.obj:(.rdata)
000085b4 00000000     0                 .str.232
000085c4 00000016     1         /home/gl055/Research/Harden/firness/edk2/Build/OvmfX64/DEBUG_CLANGPDB/X64/OvmfPkg/VirtioFsDxe/VirtioFsDxe/DEBUG/VirtioFsDxe.dll.lto.obj:(.rdata)
000085c4 00000000     0                 .str.236
000085da 00000016     1         /home/gl055/Research/Harden/firness/edk2/Build/OvmfX64/DEBUG_CLANGPDB/X64/OvmfPkg/VirtioFsDxe/VirtioFsDxe/DEBUG/VirtioFsDxe.dll.lto.obj:(.rdata)
000085da 00000000     0                 .str.240
000085f0 00000012     1         /home/gl055/Research/Harden/firness/edk2/Build/OvmfX64/DEBUG_CLANGPDB/X64/OvmfPkg/VirtioFsDxe/VirtioFsDxe/DEBUG/VirtioFsDxe.dll.lto.obj:(.rdata)
000085f0 00000000     0                 .str.244
00008602 00000039     1         /home/gl055/Research/Harden/firness/edk2/Build/OvmfX64/DEBUG_CLANGPDB/X64/OvmfPkg/VirtioFsDxe/VirtioFsDxe/DEBUG/VirtioFsDxe.dll.lto.obj:(.rdata)
00008602 00000000     0                 .str.2.246
0000863b 00000021     1         /home/gl055/Research/Harden/firness/edk2/Build/OvmfX64/DEBUG_CLANGPDB/X64/OvmfPkg/VirtioFsDxe/VirtioFsDxe/DEBUG/VirtioFsDxe.dll.lto.obj:(.rdata)
0000863b 00000000     0                 .str.3.247
0000865c 00000027     1         /home/gl055/Research/Harden/firness/edk2/Build/OvmfX64/DEBUG_CLANGPDB/X64/OvmfPkg/VirtioFsDxe/VirtioFsDxe/DEBUG/VirtioFsDxe.dll.lto.obj:(.rdata)
0000865c 00000000     0                 .str.4.248
00008683 00000012     1         /home/gl055/Research/Harden/firness/edk2/Build/OvmfX64/DEBUG_CLANGPDB/X64/OvmfPkg/VirtioFsDxe/VirtioFsDxe/DEBUG/VirtioFsDxe.dll.lto.obj:(.rdata)
00008683 00000000     0                 .str.251
00008695 00000037     1         /home/gl055/Research/Harden/firness/edk2/Build/OvmfX64/DEBUG_CLANGPDB/X64/OvmfPkg/VirtioFsDxe/VirtioFsDxe/DEBUG/VirtioFsDxe.dll.lto.obj:(.rdata)
00008695 00000000     0                 .str.3.255
000086cc 00000027     1         /home/gl055/Research/Harden/firness/edk2/Build/OvmfX64/DEBUG_CLANGPDB/X64/OvmfPkg/VirtioFsDxe/VirtioFsDxe/DEBUG/VirtioFsDxe.dll.lto.obj:(.rdata)
000086cc 00000000     0                 .str.4.256
000086f3 0000002c     1         /home/gl055/Research/Harden/firness/edk2/Build/OvmfX64/DEBUG_CLANGPDB/X64/OvmfPkg/VirtioFsDxe/VirtioFsDxe/DEBUG/VirtioFsDxe.dll.lto.obj:(.rdata)
000086f3 00000000     0                 .str.5.257
0000871f 00000022     1         /home/gl055/Research/Harden/firness/edk2/Build/OvmfX64/DEBUG_CLANGPDB/X64/OvmfPkg/VirtioFsDxe/VirtioFsDxe/DEBUG/VirtioFsDxe.dll.lto.obj:(.rdata)
0000871f 00000000     0                 .str.6.258
00008741 00000016     1         /home/gl055/Research/Harden/firness/edk2/Build/OvmfX64/DEBUG_CLANGPDB/X64/OvmfPkg/VirtioFsDxe/VirtioFsDxe/DEBUG/VirtioFsDxe.dll.lto.obj:(.rdata)
00008741 00000000     0                 .str.7.259
00008757 00000002     1         /home/gl055/Research/Harden/firness/edk2/Build/OvmfX64/DEBUG_CLANGPDB/X64/OvmfPkg/VirtioFsDxe/VirtioFsDxe/DEBUG/VirtioFsDxe.dll.lto.obj:(.rdata)
00008757 00000000     0                 .str.8.253
0000875a 00000002     2         /home/gl055/Research/Harden/firness/edk2/Build/OvmfX64/DEBUG_CLANGPDB/X64/OvmfPkg/VirtioFsDxe/VirtioFsDxe/DEBUG/VirtioFsDxe.dll.lto.obj:(.rdata)
0000875a 00000000     0                 .str.9.254
0000875c 00000010     1         /home/gl055/Research/Harden/firness/edk2/Build/OvmfX64/DEBUG_CLANGPDB/X64/OvmfPkg/VirtioFsDxe/VirtioFsDxe/DEBUG/VirtioFsDxe.dll.lto.obj:(.rdata)
0000875c 00000000     0                 .str.262
0000876c 00000015     1         /home/gl055/Research/Harden/firness/edk2/Build/OvmfX64/DEBUG_CLANGPDB/X64/OvmfPkg/VirtioFsDxe/VirtioFsDxe/DEBUG/VirtioFsDxe.dll.lto.obj:(.rdata)
0000876c 00000000     0                 .str.1.263
00008781 0000000c     1         /home/gl055/Research/Harden/firness/edk2/Build/OvmfX64/DEBUG_CLANGPDB/X64/OvmfPkg/VirtioFsDxe/VirtioFsDxe/DEBUG/VirtioFsDxe.dll.lto.obj:(.rdata)
00008781 00000000     0                 .str.276
0000878d 00000017     1         /home/gl055/Research/Harden/firness/edk2/Build/OvmfX64/DEBUG_CLANGPDB/X64/OvmfPkg/VirtioFsDxe/VirtioFsDxe/DEBUG/VirtioFsDxe.dll.lto.obj:(.rdata)
0000878d 00000000     0                 .str.1.277
000087a4 00000014     1         /home/gl055/Research/Harden/firness/edk2/Build/OvmfX64/DEBUG_CLANGPDB/X64/OvmfPkg/VirtioFsDxe/VirtioFsDxe/DEBUG/VirtioFsDxe.dll.lto.obj:(.rdata)
000087a4 00000000     0                 __func__.VirtioFsFuseGetAttr
000087b8 00000031     1         /home/gl055/Research/Harden/firness/edk2/Build/OvmfX64/DEBUG_CLANGPDB/X64/OvmfPkg/VirtioFsDxe/VirtioFsDxe/DEBUG/VirtioFsDxe.dll.lto.obj:(.rdata)
000087b8 00000000     0                 .str.293
000087e9 00000011     1         /home/gl055/Research/Harden/firness/edk2/Build/OvmfX64/DEBUG_CLANGPDB/X64/OvmfPkg/VirtioFsDxe/VirtioFsDxe/DEBUG/VirtioFsDxe.dll.lto.obj:(.rdata)
000087e9 00000000     0                 __func__.VirtioFsFuseOpen
000087fa 00000012     1         /home/gl055/Research/Harden/firness/edk2/Build/OvmfX64/DEBUG_CLANGPDB/X64/OvmfPkg/VirtioFsDxe/VirtioFsDxe/DEBUG/VirtioFsDxe.dll.lto.obj:(.rdata)
000087fa 00000000     0                 __func__.VirtioFsFuseMkDir
0000880c 0000003d     1         /home/gl055/Research/Harden/firness/edk2/Build/OvmfX64/DEBUG_CLANGPDB/X64/OvmfPkg/VirtioFsDxe/VirtioFsDxe/DEBUG/VirtioFsDxe.dll.lto.obj:(.rdata)
0000880c 00000000     0                 .str.299
00008849 0000001c     1         /home/gl055/Research/Harden/firness/edk2/Build/OvmfX64/DEBUG_CLANGPDB/X64/OvmfPkg/VirtioFsDxe/VirtioFsDxe/DEBUG/VirtioFsDxe.dll.lto.obj:(.rdata)
00008849 00000000     0                 __func__.VirtioFsFuseRemoveFileOrDir
00008865 00000034     1         /home/gl055/Research/Harden/firness/edk2/Build/OvmfX64/DEBUG_CLANGPDB/X64/OvmfPkg/VirtioFsDxe/VirtioFsDxe/DEBUG/VirtioFsDxe.dll.lto.obj:(.rdata)
00008865 00000000     0                 .str.302
00008899 00000019     1         /home/gl055/Research/Harden/firness/edk2/Build/OvmfX64/DEBUG_CLANGPDB/X64/OvmfPkg/VirtioFsDxe/VirtioFsDxe/DEBUG/VirtioFsDxe.dll.lto.obj:(.rdata)
00008899 00000000     0                 __func__.VirtioFsFuseOpenOrCreate
000088b2 00000033     1         /home/gl055/Research/Harden/firness/edk2/Build/OvmfX64/DEBUG_CLANGPDB/X64/OvmfPkg/VirtioFsDxe/VirtioFsDxe/DEBUG/VirtioFsDxe.dll.lto.obj:(.rdata)
000088b2 00000000     0                 .str.305
000088e5 00000012     1         /home/gl055/Research/Harden/firness/edk2/Build/OvmfX64/DEBUG_CLANGPDB/X64/OvmfPkg/VirtioFsDxe/VirtioFsDxe/DEBUG/VirtioFsDxe.dll.lto.obj:(.rdata)
000088e5 00000000     0                 __func__.VirtioFsFuseFlush
000088f7 0000001b     1         /home/gl055/Research/Harden/firness/edk2/Build/OvmfX64/DEBUG_CLANGPDB/X64/OvmfPkg/VirtioFsDxe/VirtioFsDxe/DEBUG/VirtioFsDxe.dll.lto.obj:(.rdata)
000088f7 00000000     0                 __func__.VirtioFsFuseFsyncFileOrDir
00008912 0000003c     1         /home/gl055/Research/Harden/firness/edk2/Build/OvmfX64/DEBUG_CLANGPDB/X64/OvmfPkg/VirtioFsDxe/VirtioFsDxe/DEBUG/VirtioFsDxe.dll.lto.obj:(.rdata)
00008912 00000000     0                 .str.311
0000894e 0000001d     1         /home/gl055/Research/Harden/firness/edk2/Build/OvmfX64/DEBUG_CLANGPDB/X64/OvmfPkg/VirtioFsDxe/VirtioFsDxe/DEBUG/VirtioFsDxe.dll.lto.obj:(.rdata)
0000894e 00000000     0                 __func__.VirtioFsFuseReleaseFileOrDir
0000896b 00000024     1         /home/gl055/Research/Harden/firness/edk2/Build/OvmfX64/DEBUG_CLANGPDB/X64/OvmfPkg/VirtioFsDxe/VirtioFsDxe/DEBUG/VirtioFsDxe.dll.lto.obj:(.rdata)
0000896b 00000000     0                 .str.314
0000898f 00000013     1         /home/gl055/Research/Harden/firness/edk2/Build/OvmfX64/DEBUG_CLANGPDB/X64/OvmfPkg/VirtioFsDxe/VirtioFsDxe/DEBUG/VirtioFsDxe.dll.lto.obj:(.rdata)
0000898f 00000000     0                 __func__.VirtioFsFuseStatFs
000089a2 0000005b     1         /home/gl055/Research/Harden/firness/edk2/Build/OvmfX64/DEBUG_CLANGPDB/X64/OvmfPkg/VirtioFsDxe/VirtioFsDxe/DEBUG/VirtioFsDxe.dll.lto.obj:(.rdata)
000089a2 00000000     0                 .str.317
000089fd 0000001a     1         /home/gl055/Research/Harden/firness/edk2/Build/OvmfX64/DEBUG_CLANGPDB/X64/OvmfPkg/VirtioFsDxe/VirtioFsDxe/DEBUG/VirtioFsDxe.dll.lto.obj:(.rdata)
000089fd 00000000     0                 __func__.VirtioFsFuseReadFileOrDir
00008a17 00000052     1         /home/gl055/Research/Harden/firness/edk2/Build/OvmfX64/DEBUG_CLANGPDB/X64/OvmfPkg/VirtioFsDxe/VirtioFsDxe/DEBUG/VirtioFsDxe.dll.lto.obj:(.rdata)
00008a17 00000000     0                 .str.320
00008a69 00000012     1         /home/gl055/Research/Harden/firness/edk2/Build/OvmfX64/DEBUG_CLANGPDB/X64/OvmfPkg/VirtioFsDxe/VirtioFsDxe/DEBUG/VirtioFsDxe.dll.lto.obj:(.rdata)
00008a69 00000000     0                 __func__.VirtioFsFuseWrite
00008a7b 0000005b     1         /home/gl055/Research/Harden/firness/edk2/Build/OvmfX64/DEBUG_CLANGPDB/X64/OvmfPkg/VirtioFsDxe/VirtioFsDxe/DEBUG/VirtioFsDxe.dll.lto.obj:(.rdata)
00008a7b 00000000     0                 .str.331
00008ad6 00000013     1         /home/gl055/Research/Harden/firness/edk2/Build/OvmfX64/DEBUG_CLANGPDB/X64/OvmfPkg/VirtioFsDxe/VirtioFsDxe/DEBUG/VirtioFsDxe.dll.lto.obj:(.rdata)
00008ad6 00000000     0                 __func__.VirtioFsFuseRename
00008ae9 0000001a     1         /home/gl055/Research/Harden/firness/edk2/Build/OvmfX64/DEBUG_CLANGPDB/X64/OvmfPkg/VirtioFsDxe/VirtioFsDxe/DEBUG/VirtioFsDxe.dll.lto.obj:(.rdata)
00008ae9 00000000     0                 .str.334
00008b03 00000014     1         /home/gl055/Research/Harden/firness/edk2/Build/OvmfX64/DEBUG_CLANGPDB/X64/OvmfPkg/VirtioFsDxe/VirtioFsDxe/DEBUG/VirtioFsDxe.dll.lto.obj:(.rdata)
00008b03 00000000     0                 __func__.VirtioFsFuseSetAttr
00008b17 0000000c     1         /home/gl055/Research/Harden/firness/edk2/Build/OvmfX64/DEBUG_CLANGPDB/X64/OvmfPkg/VirtioFsDxe/VirtioFsDxe/DEBUG/VirtioFsDxe.dll.lto.obj:(.rdata)
00008b17 00000000     0                 .str.1.335
00008b23 0000000b     1         /home/gl055/Research/Harden/firness/edk2/Build/OvmfX64/DEBUG_CLANGPDB/X64/OvmfPkg/VirtioFsDxe/VirtioFsDxe/DEBUG/VirtioFsDxe.dll.lto.obj:(.rdata)
00008b23 00000000     0                 .str.2.336
00008b2e 0000000b     1         /home/gl055/Research/Harden/firness/edk2/Build/OvmfX64/DEBUG_CLANGPDB/X64/OvmfPkg/VirtioFsDxe/VirtioFsDxe/DEBUG/VirtioFsDxe.dll.lto.obj:(.rdata)
00008b2e 00000000     0                 .str.3.337
00008b39 0000000b     1         /home/gl055/Research/Harden/firness/edk2/Build/OvmfX64/DEBUG_CLANGPDB/X64/OvmfPkg/VirtioFsDxe/VirtioFsDxe/DEBUG/VirtioFsDxe.dll.lto.obj:(.rdata)
00008b39 00000000     0                 .str.4.338
00008b44 0000000b     1         /home/gl055/Research/Harden/firness/edk2/Build/OvmfX64/DEBUG_CLANGPDB/X64/OvmfPkg/VirtioFsDxe/VirtioFsDxe/DEBUG/VirtioFsDxe.dll.lto.obj:(.rdata)
00008b44 00000000     0                 .str.5.339
00008b50 00000060    16         /home/gl055/Research/Harden/firness/edk2/Build/OvmfX64/DEBUG_CLANGPDB/X64/OvmfPkg/VirtioFsDxe/VirtioFsDxe/DEBUG/VirtioFsDxe.dll.lto.obj:(.rdata$IsDayValid.DayOfMonth)
00008b50 00000000     0                 IsDayValid.DayOfMonth
00008bb0 00000010     4         /home/gl055/Research/Harden/firness/edk2/Build/OvmfX64/DEBUG_CLANGPDB/X64/OvmfPkg/VirtioFsDxe/VirtioFsDxe/DEBUG/VirtioFsDxe.dll.lto.obj:(.rdata$VirtioFsGetFuseTimeUpdates.ZeroTime)
00008bb0 00000000     0                 VirtioFsGetFuseTimeUpdates.ZeroTime
00008bc0 000002df    16         /home/gl055/Research/Harden/firness/edk2/Build/OvmfX64/DEBUG_CLANGPDB/X64/OvmfPkg/VirtioFsDxe/VirtioFsDxe/DEBUG/VirtioFsDxe.dll.lto.obj:(.rdata$mErrorString)
00008bc0 00000000     0                 mErrorString
00008ea0 00000010    16         /home/gl055/Research/Harden/firness/edk2/Build/OvmfX64/DEBUG_CLANGPDB/X64/OvmfPkg/VirtioFsDxe/VirtioFsDxe/DEBUG/VirtioFsDxe.dll.lto.obj:(.rdata$mHexStr)
00008ea0 00000000     0                 mHexStr
00008eb0 000000c8    16         /home/gl055/Research/Harden/firness/edk2/Build/OvmfX64/DEBUG_CLANGPDB/X64/OvmfPkg/VirtioFsDxe/VirtioFsDxe/DEBUG/VirtioFsDxe.dll.lto.obj:(.rdata$mWarningString)
00008eb0 00000000     0                 mWarningString
00009040 000000e0  4096 .data
00009040 00000000     4         /home/gl055/Research/Harden/firness/edk2/Build/OvmfX64/DEBUG_CLANGPDB/X64/OvmfPkg/VirtioFsDxe/VirtioFsDxe/DEBUG/VirtioFsDxe.dll.lto.obj:(.data)
00009040 00000010     4         /home/gl055/Research/Harden/firness/edk2/Build/OvmfX64/DEBUG_CLANGPDB/X64/OvmfPkg/VirtioFsDxe/VirtioFsDxe/DEBUG/VirtioFsDxe.dll.lto.obj:(.data$gEfiComponentName2ProtocolGuid)
00009040 00000000     0                 gEfiComponentName2ProtocolGuid
00009050 00000010     4         /home/gl055/Research/Harden/firness/edk2/Build/OvmfX64/DEBUG_CLANGPDB/X64/OvmfPkg/VirtioFsDxe/VirtioFsDxe/DEBUG/VirtioFsDxe.dll.lto.obj:(.data$gEfiDriverBindingProtocolGuid)
00009050 00000000     0                 gEfiDriverBindingProtocolGuid
00009060 00000010     4         /home/gl055/Research/Harden/firness/edk2/Build/OvmfX64/DEBUG_CLANGPDB/X64/OvmfPkg/VirtioFsDxe/VirtioFsDxe/DEBUG/VirtioFsDxe.dll.lto.obj:(.data$gEfiFileInfoGuid)
00009060 00000000     0                 gEfiFileInfoGuid
00009070 00000010     4         /home/gl055/Research/Harden/firness/edk2/Build/OvmfX64/DEBUG_CLANGPDB/X64/OvmfPkg/VirtioFsDxe/VirtioFsDxe/DEBUG/VirtioFsDxe.dll.lto.obj:(.data$gEfiFileSystemInfoGuid)
00009070 00000000     0                 gEfiFileSystemInfoGuid
00009080 00000010     4         /home/gl055/Research/Harden/firness/edk2/Build/OvmfX64/DEBUG_CLANGPDB/X64/OvmfPkg/VirtioFsDxe/VirtioFsDxe/DEBUG/VirtioFsDxe.dll.lto.obj:(.data$gEfiFileSystemVolumeLabelInfoIdGuid)
00009080 00000000     0                 gEfiFileSystemVolumeLabelInfoIdGuid
00009090 00000010     4         /home/gl055/Research/Harden/firness/edk2/Build/OvmfX64/DEBUG_CLANGPDB/X64/OvmfPkg/VirtioFsDxe/VirtioFsDxe/DEBUG/VirtioFsDxe.dll.lto.obj:(.data$gEfiSimpleFileSystemProtocolGuid)
00009090 00000000     0                 gEfiSimpleFileSystemProtocolGuid
000090a0 00000010     4         /home/gl055/Research/Harden/firness/edk2/Build/OvmfX64/DEBUG_CLANGPDB/X64/OvmfPkg/VirtioFsDxe/VirtioFsDxe/DEBUG/VirtioFsDxe.dll.lto.obj:(.data$gVirtioDeviceProtocolGuid)
000090a0 00000000     0                 gVirtioDeviceProtocolGuid
000090b0 00000000     4         /home/gl055/Research/Harden/firness/edk2/Build/OvmfX64/DEBUG_CLANGPDB/X64/OvmfPkg/VirtioFsDxe/VirtioFsDxe/DEBUG/VirtioFsDxe.dll.lto.obj:(.bss)
000090b0 00000008     8         /home/gl055/Research/Harden/firness/edk2/Build/OvmfX64/DEBUG_CLANGPDB/X64/OvmfPkg/VirtioFsDxe/VirtioFsDxe/DEBUG/VirtioFsDxe.dll.lto.obj:(.bss$gBS)
000090b0 00000000     0                 gBS
000090b8 00000008     8         /home/gl055/Research/Harden/firness/edk2/Build/OvmfX64/DEBUG_CLANGPDB/X64/OvmfPkg/VirtioFsDxe/VirtioFsDxe/DEBUG/VirtioFsDxe.dll.lto.obj:(.bss$gImageHandle)
000090b8 00000000     0                 gImageHandle
000090c0 00000008     8         /home/gl055/Research/Harden/firness/edk2/Build/OvmfX64/DEBUG_CLANGPDB/X64/OvmfPkg/VirtioFsDxe/VirtioFsDxe/DEBUG/VirtioFsDxe.dll.lto.obj:(.bss$gST)
000090c0 00000000     0                 gST
000090c8 00000001     1         /home/gl055/Research/Harden/firness/edk2/Build/OvmfX64/DEBUG_CLANGPDB/X64/OvmfPkg/VirtioFsDxe/VirtioFsDxe/DEBUG/VirtioFsDxe.dll.lto.obj:(.bss$mCcProbeGuestType)
000090c8 00000000     0                 mCcProbeGuestType
000090c9 00000001     1         /home/gl055/Research/Harden/firness/edk2/Build/OvmfX64/DEBUG_CLANGPDB/X64/OvmfPkg/VirtioFsDxe/VirtioFsDxe/DEBUG/VirtioFsDxe.dll.lto.obj:(.bss$mCcProbed)
000090c9 00000000     0                 mCcProbed
000090d0 00000018     8         /home/gl055/Research/Harden/firness/edk2/Build/OvmfX64/DEBUG_CLANGPDB/X64/OvmfPkg/VirtioFsDxe/VirtioFsDxe/DEBUG/VirtioFsDxe.dll.lto.obj:(.bss$mComponentName2)
000090d0 00000000     0                 mComponentName2
000090e8 00000001     1         /home/gl055/Research/Harden/firness/edk2/Build/OvmfX64/DEBUG_CLANGPDB/X64/OvmfPkg/VirtioFsDxe/VirtioFsDxe/DEBUG/VirtioFsDxe.dll.lto.obj:(.bss$mDebugIoPortChecked)
000090e8 00000000     0                 mDebugIoPortChecked
000090e9 00000001     1         /home/gl055/Research/Harden/firness/edk2/Build/OvmfX64/DEBUG_CLANGPDB/X64/OvmfPkg/VirtioFsDxe/VirtioFsDxe/DEBUG/VirtioFsDxe.dll.lto.obj:(.bss$mDebugIoPortFound)
000090e9 00000000     0                 mDebugIoPortFound
000090f0 00000030     8         /home/gl055/Research/Harden/firness/edk2/Build/OvmfX64/DEBUG_CLANGPDB/X64/OvmfPkg/VirtioFsDxe/VirtioFsDxe/DEBUG/VirtioFsDxe.dll.lto.obj:(.bss$mDriverBinding)
000090f0 00000000     0                 mDriverBinding
