Address  Size     Align Out     In      Symbol
00000220 000024ed  4096 .text
00000220 00000116    16         /home/gl055/Research/Harden/firness/edk2/Build/OvmfX64/DEBUG_CLANGPDB/X64/MdePkg/Library/BaseIoLibIntrinsic/BaseIoLibIntrinsicSev/OUTPUT/X64/IoFifoSev.obj:(.text)
00000220 00000000     0                 SevNoRepIo
0000025a 00000000     0                 @UseRepIo
0000025c 00000000     0                 @SevNoRepIo_Done
00000260 00000000     0                 SevIoReadFifo8
00000274 00000000     0                 @IoReadFifo8_NoRep
00000276 00000000     0                 @IoReadFifo8_Loop
0000027e 00000000     0                 @IoReadFifo8_Done
00000282 00000000     0                 SevIoReadFifo16
00000297 00000000     0                 @IoReadFifo16_NoRep
00000299 00000000     0                 @IoReadFifo16_Loop
000002a4 00000000     0                 @IoReadFifo16_Done
000002a8 00000000     0                 SevIoReadFifo32
000002bc 00000000     0                 @IoReadFifo32_NoRep
000002be 00000000     0                 @IoReadFifo32_Loop
000002c7 00000000     0                 @IoReadFifo32_Done
000002cb 00000000     0                 SevIoWriteFifo8
000002cb 00000000     0                 SevIoWriteFifo8
000002df 00000000     0                 @IoWriteFifo8_NoRep
000002e1 00000000     0                 @IoWriteFifo8_Loop
000002e9 00000000     0                 @IoWriteFifo8_Done
000002ed 00000000     0                 SevIoWriteFifo16
00000302 00000000     0                 @IoWriteFifo16_NoRep
00000304 00000000     0                 @IoWriteFifo16_Loop
0000030f 00000000     0                 @IoWriteFifo16_Done
00000313 00000000     0                 SevIoWriteFifo32
00000327 00000000     0                 @IoWriteFifo32_NoRep
00000329 00000000     0                 @IoWriteFifo32_Loop
00000332 00000000     0                 @IoWriteFifo32_Done
00000340 00000011    16         /home/gl055/Research/Harden/firness/edk2/Build/OvmfX64/DEBUG_CLANGPDB/X64/MdePkg/Library/BaseMemoryLibRepStr/BaseMemoryLibRepStr/OUTPUT/X64/SetMem.obj:(.text)
00000340 00000000     0                 InternalMemSetMem
00000360 0000003c    16         /home/gl055/Research/Harden/firness/edk2/Build/OvmfX64/DEBUG_CLANGPDB/X64/MdePkg/Library/BaseMemoryLibRepStr/BaseMemoryLibRepStr/OUTPUT/X64/CopyMem.obj:(.text)
00000360 00000000     0                 InternalMemCopyMem
00000360 00000000     0                 InternalMemCopyMem
0000037a 00000000     0                 InternalMemCopyMem.0
0000038a 00000000     0                 @CopyBackward
00000393 00000000     0                 @CopyBytes
000003a0 0000001d    16         /home/gl055/Research/Harden/firness/edk2/Build/OvmfX64/DEBUG_CLANGPDB/X64/MdePkg/Library/BaseMemoryLibRepStr/BaseMemoryLibRepStr/OUTPUT/X64/ZeroMem.obj:(.text)
000003a0 00000000     0                 InternalMemZeroMem
000003a0 00000000     0                 InternalMemZeroMem
000003c0 00000081    16         /home/gl055/Research/Harden/firness/edk2/Build/OvmfX64/DEBUG_CLANGPDB/X64/MdePkg/Library/BaseLib/BaseLib/OUTPUT/X64/TdVmcall.obj:(.text)
000003c0 00000000     0                 TdVmCall
000003c0 00000000     0                 TdVmCall
0000041e 00000000     0                 TdVmCall.no_return_data
00000450 00000012    16         /home/gl055/Research/Harden/firness/edk2/Build/OvmfX64/DEBUG_CLANGPDB/X64/MdePkg/Library/BaseMemoryLibRepStr/BaseMemoryLibRepStr/OUTPUT/X64/SetMem64.obj:(.text)
00000450 00000000     0                 InternalMemSetMem64
00000470 00000058    16         /home/gl055/Research/Harden/firness/edk2/Build/OvmfX64/DEBUG_CLANGPDB/X64/MdePkg/Library/BaseLib/BaseLib/OUTPUT/X64/TdCall.obj:(.text)
00000470 00000000     0                 TdCall
000004bb 00000000     0                 TdCall.exit
000004c8 00000000     4         /home/gl055/Research/Harden/firness/edk2/Build/OvmfX64/DEBUG_CLANGPDB/X64/MdeModulePkg/Bus/Pci/SataControllerDxe/SataControllerDxe/DEBUG/SataController.dll.lto.obj:(.text)
000004c8 0000005a     1         /home/gl055/Research/Harden/firness/edk2/Build/OvmfX64/DEBUG_CLANGPDB/X64/MdeModulePkg/Bus/Pci/SataControllerDxe/SataControllerDxe/DEBUG/SataController.dll.lto.obj:(.text$AhciReadReg)
000004c8 00000000     0                 AhciReadReg
00000522 00000077     1         /home/gl055/Research/Harden/firness/edk2/Build/OvmfX64/DEBUG_CLANGPDB/X64/MdeModulePkg/Bus/Pci/SataControllerDxe/SataControllerDxe/DEBUG/SataController.dll.lto.obj:(.text$AllocateZeroPool)
00000522 00000000     0                 AllocateZeroPool
00000599 00000023     1         /home/gl055/Research/Harden/firness/edk2/Build/OvmfX64/DEBUG_CLANGPDB/X64/MdeModulePkg/Bus/Pci/SataControllerDxe/SataControllerDxe/DEBUG/SataController.dll.lto.obj:(.text$AsciiSPrint)
00000599 00000000     0                 AsciiSPrint
000005bc 0000006d     1         /home/gl055/Research/Harden/firness/edk2/Build/OvmfX64/DEBUG_CLANGPDB/X64/MdeModulePkg/Bus/Pci/SataControllerDxe/SataControllerDxe/DEBUG/SataController.dll.lto.obj:(.text$AsciiStrSize)
000005bc 00000000     0                 AsciiStrSize
00000629 000000bd     1         /home/gl055/Research/Harden/firness/edk2/Build/OvmfX64/DEBUG_CLANGPDB/X64/MdeModulePkg/Bus/Pci/SataControllerDxe/SataControllerDxe/DEBUG/SataController.dll.lto.obj:(.text$AsciiStrnCmp)
00000629 00000000     0                 AsciiStrnCmp
000006e6 00000020     1         /home/gl055/Research/Harden/firness/edk2/Build/OvmfX64/DEBUG_CLANGPDB/X64/MdeModulePkg/Bus/Pci/SataControllerDxe/SataControllerDxe/DEBUG/SataController.dll.lto.obj:(.text$AsciiStrnLenS)
000006e6 00000000     0                 AsciiStrnLenS
00000706 00000010     1         /home/gl055/Research/Harden/firness/edk2/Build/OvmfX64/DEBUG_CLANGPDB/X64/MdeModulePkg/Bus/Pci/SataControllerDxe/SataControllerDxe/DEBUG/SataController.dll.lto.obj:(.text$AsciiVSPrint)
00000706 00000000     0                 AsciiVSPrint
00000716 0000001a     1         /home/gl055/Research/Harden/firness/edk2/Build/OvmfX64/DEBUG_CLANGPDB/X64/MdeModulePkg/Bus/Pci/SataControllerDxe/SataControllerDxe/DEBUG/SataController.dll.lto.obj:(.text$BasePrintLibFillBuffer)
00000716 00000000     0                 BasePrintLibFillBuffer
00000730 00000021     1         /home/gl055/Research/Harden/firness/edk2/Build/OvmfX64/DEBUG_CLANGPDB/X64/MdeModulePkg/Bus/Pci/SataControllerDxe/SataControllerDxe/DEBUG/SataController.dll.lto.obj:(.text$BasePrintLibSPrint)
00000730 00000000     0                 BasePrintLibSPrint
00000754 00000d9c     4         /home/gl055/Research/Harden/firness/edk2/Build/OvmfX64/DEBUG_CLANGPDB/X64/MdeModulePkg/Bus/Pci/SataControllerDxe/SataControllerDxe/DEBUG/SataController.dll.lto.obj:(.text$BasePrintLibSPrintMarker)
00000754 00000000     0                 BasePrintLibSPrintMarker
000014f0 0000007a     1         /home/gl055/Research/Harden/firness/edk2/Build/OvmfX64/DEBUG_CLANGPDB/X64/MdeModulePkg/Bus/Pci/SataControllerDxe/SataControllerDxe/DEBUG/SataController.dll.lto.obj:(.text$CopyMem)
000014f0 00000000     0                 CopyMem
0000156a 00000056     1         /home/gl055/Research/Harden/firness/edk2/Build/OvmfX64/DEBUG_CLANGPDB/X64/MdeModulePkg/Bus/Pci/SataControllerDxe/SataControllerDxe/DEBUG/SataController.dll.lto.obj:(.text$DebugAssert)
0000156a 00000000     0                 DebugAssert
000015c0 0000007c     1         /home/gl055/Research/Harden/firness/edk2/Build/OvmfX64/DEBUG_CLANGPDB/X64/MdeModulePkg/Bus/Pci/SataControllerDxe/SataControllerDxe/DEBUG/SataController.dll.lto.obj:(.text$DebugPrint)
000015c0 00000000     0                 DebugPrint
0000163c 00000082     1         /home/gl055/Research/Harden/firness/edk2/Build/OvmfX64/DEBUG_CLANGPDB/X64/MdeModulePkg/Bus/Pci/SataControllerDxe/SataControllerDxe/DEBUG/SataController.dll.lto.obj:(.text$FlatDeviceIndex)
0000163c 00000000     0                 FlatDeviceIndex
000016be 00000048     1         /home/gl055/Research/Harden/firness/edk2/Build/OvmfX64/DEBUG_CLANGPDB/X64/MdeModulePkg/Bus/Pci/SataControllerDxe/SataControllerDxe/DEBUG/SataController.dll.lto.obj:(.text$FreePool)
000016be 00000000     0                 FreePool
00001706 000002fd     1         /home/gl055/Research/Harden/firness/edk2/Build/OvmfX64/DEBUG_CLANGPDB/X64/MdeModulePkg/Bus/Pci/SataControllerDxe/SataControllerDxe/DEBUG/SataController.dll.lto.obj:(.text$IdeInitCalculateMode)
00001706 00000000     0                 IdeInitCalculateMode
00001a03 000000a8     1         /home/gl055/Research/Harden/firness/edk2/Build/OvmfX64/DEBUG_CLANGPDB/X64/MdeModulePkg/Bus/Pci/SataControllerDxe/SataControllerDxe/DEBUG/SataController.dll.lto.obj:(.text$IdeInitDisqualifyMode)
00001a03 00000000     0                 IdeInitDisqualifyMode
00001aab 00000084     1         /home/gl055/Research/Harden/firness/edk2/Build/OvmfX64/DEBUG_CLANGPDB/X64/MdeModulePkg/Bus/Pci/SataControllerDxe/SataControllerDxe/DEBUG/SataController.dll.lto.obj:(.text$IdeInitGetChannelInfo)
00001aab 00000000     0                 IdeInitGetChannelInfo
00001b2f 00000003     1         /home/gl055/Research/Harden/firness/edk2/Build/OvmfX64/DEBUG_CLANGPDB/X64/MdeModulePkg/Bus/Pci/SataControllerDxe/SataControllerDxe/DEBUG/SataController.dll.lto.obj:(.text$IdeInitNotifyPhase)
00001b2f 00000000     0                 IdeInitNotifyPhase
00001b32 00000003     1         /home/gl055/Research/Harden/firness/edk2/Build/OvmfX64/DEBUG_CLANGPDB/X64/MdeModulePkg/Bus/Pci/SataControllerDxe/SataControllerDxe/DEBUG/SataController.dll.lto.obj:(.text$IdeInitSetTiming)
00001b32 00000000     0                 IdeInitSetTiming
00001b35 000000bb     1         /home/gl055/Research/Harden/firness/edk2/Build/OvmfX64/DEBUG_CLANGPDB/X64/MdeModulePkg/Bus/Pci/SataControllerDxe/SataControllerDxe/DEBUG/SataController.dll.lto.obj:(.text$IdeInitSubmitData)
00001b35 00000000     0                 IdeInitSubmitData
00001bf0 0000008e     1         /home/gl055/Research/Harden/firness/edk2/Build/OvmfX64/DEBUG_CLANGPDB/X64/MdeModulePkg/Bus/Pci/SataControllerDxe/SataControllerDxe/DEBUG/SataController.dll.lto.obj:(.text$IoWriteFifo8)
00001bf0 00000000     0                 IoWriteFifo8
00001c7e 0000002b     1         /home/gl055/Research/Harden/firness/edk2/Build/OvmfX64/DEBUG_CLANGPDB/X64/MdeModulePkg/Bus/Pci/SataControllerDxe/SataControllerDxe/DEBUG/SataController.dll.lto.obj:(.text$IsTdxGuest)
00001c7e 00000000     0                 IsTdxGuest
00001ca9 0000013d     1         /home/gl055/Research/Harden/firness/edk2/Build/OvmfX64/DEBUG_CLANGPDB/X64/MdeModulePkg/Bus/Pci/SataControllerDxe/SataControllerDxe/DEBUG/SataController.dll.lto.obj:(.text$LookupUnicodeString2)
00001ca9 00000000     0                 LookupUnicodeString2
00001de6 0000008c     1         /home/gl055/Research/Harden/firness/edk2/Build/OvmfX64/DEBUG_CLANGPDB/X64/MdeModulePkg/Bus/Pci/SataControllerDxe/SataControllerDxe/DEBUG/SataController.dll.lto.obj:(.text$PlatformDebugLibIoPortFound)
00001de6 00000000     0                 PlatformDebugLibIoPortFound
00001e72 00000032     1         /home/gl055/Research/Harden/firness/edk2/Build/OvmfX64/DEBUG_CLANGPDB/X64/MdeModulePkg/Bus/Pci/SataControllerDxe/SataControllerDxe/DEBUG/SataController.dll.lto.obj:(.text$ReadUnaligned24)
00001e72 00000000     0                 ReadUnaligned24
00001ea4 000000c6     1         /home/gl055/Research/Harden/firness/edk2/Build/OvmfX64/DEBUG_CLANGPDB/X64/MdeModulePkg/Bus/Pci/SataControllerDxe/SataControllerDxe/DEBUG/SataController.dll.lto.obj:(.text$SataControllerComponentNameGetControllerName)
00001ea4 00000000     0                 SataControllerComponentNameGetControllerName
00001f6a 00000032     1         /home/gl055/Research/Harden/firness/edk2/Build/OvmfX64/DEBUG_CLANGPDB/X64/MdeModulePkg/Bus/Pci/SataControllerDxe/SataControllerDxe/DEBUG/SataController.dll.lto.obj:(.text$SataControllerComponentNameGetDriverName)
00001f6a 00000000     0                 SataControllerComponentNameGetDriverName
00001f9c 0000038e     1         /home/gl055/Research/Harden/firness/edk2/Build/OvmfX64/DEBUG_CLANGPDB/X64/MdeModulePkg/Bus/Pci/SataControllerDxe/SataControllerDxe/DEBUG/SataController.dll.lto.obj:(.text$SataControllerStart)
00001f9c 00000000     0                 SataControllerStart
0000232a 00000114     1         /home/gl055/Research/Harden/firness/edk2/Build/OvmfX64/DEBUG_CLANGPDB/X64/MdeModulePkg/Bus/Pci/SataControllerDxe/SataControllerDxe/DEBUG/SataController.dll.lto.obj:(.text$SataControllerStop)
0000232a 00000000     0                 SataControllerStop
0000243e 0000009f     1         /home/gl055/Research/Harden/firness/edk2/Build/OvmfX64/DEBUG_CLANGPDB/X64/MdeModulePkg/Bus/Pci/SataControllerDxe/SataControllerDxe/DEBUG/SataController.dll.lto.obj:(.text$SataControllerSupported)
0000243e 00000000     0                 SataControllerSupported
000024dd 00000230     1         /home/gl055/Research/Harden/firness/edk2/Build/OvmfX64/DEBUG_CLANGPDB/X64/MdeModulePkg/Bus/Pci/SataControllerDxe/SataControllerDxe/DEBUG/SataController.dll.lto.obj:(.text$_ModuleEntryPoint)
000024dd 00000000     0                 _ModuleEntryPoint
00002720 00000c18  4096 .rdata
00002720 0000000a     1         /home/gl055/Research/Harden/firness/edk2/Build/OvmfX64/DEBUG_CLANGPDB/X64/MdeModulePkg/Bus/Pci/SataControllerDxe/SataControllerDxe/DEBUG/SataController.dll.lto.obj:(.rdata)
00002720 00000000     0                 .str.2.4
0000272a 0000000b     1         /home/gl055/Research/Harden/firness/edk2/Build/OvmfX64/DEBUG_CLANGPDB/X64/MdeModulePkg/Bus/Pci/SataControllerDxe/SataControllerDxe/DEBUG/SataController.dll.lto.obj:(.rdata)
0000272a 00000000     0                 .str.19
00002735 00000017     1         /home/gl055/Research/Harden/firness/edk2/Build/OvmfX64/DEBUG_CLANGPDB/X64/MdeModulePkg/Bus/Pci/SataControllerDxe/SataControllerDxe/DEBUG/SataController.dll.lto.obj:(.rdata)
00002735 00000000     0                 .str.1.20
0000274c 00000014     1         /home/gl055/Research/Harden/firness/edk2/Build/OvmfX64/DEBUG_CLANGPDB/X64/MdeModulePkg/Bus/Pci/SataControllerDxe/SataControllerDxe/DEBUG/SataController.dll.lto.obj:(.rdata)
0000274c 00000000     0                 .str.2.23
00002760 0000001b     1         /home/gl055/Research/Harden/firness/edk2/Build/OvmfX64/DEBUG_CLANGPDB/X64/MdeModulePkg/Bus/Pci/SataControllerDxe/SataControllerDxe/DEBUG/SataController.dll.lto.obj:(.rdata)
00002760 00000000     0                 .str.32
0000277b 0000001d     1         /home/gl055/Research/Harden/firness/edk2/Build/OvmfX64/DEBUG_CLANGPDB/X64/MdeModulePkg/Bus/Pci/SataControllerDxe/SataControllerDxe/DEBUG/SataController.dll.lto.obj:(.rdata)
0000277b 00000000     0                 .str.1.33
00002798 00000014     1         /home/gl055/Research/Harden/firness/edk2/Build/OvmfX64/DEBUG_CLANGPDB/X64/MdeModulePkg/Bus/Pci/SataControllerDxe/SataControllerDxe/DEBUG/SataController.dll.lto.obj:(.rdata)
00002798 00000000     0                 .str.2.36
000027ac 00000014     1         /home/gl055/Research/Harden/firness/edk2/Build/OvmfX64/DEBUG_CLANGPDB/X64/MdeModulePkg/Bus/Pci/SataControllerDxe/SataControllerDxe/DEBUG/SataController.dll.lto.obj:(.rdata)
000027ac 00000000     0                 .str.3.39
000027c0 0000001e     1         /home/gl055/Research/Harden/firness/edk2/Build/OvmfX64/DEBUG_CLANGPDB/X64/MdeModulePkg/Bus/Pci/SataControllerDxe/SataControllerDxe/DEBUG/SataController.dll.lto.obj:(.rdata)
000027c0 00000000     0                 .str.48
000027de 00000014     1         /home/gl055/Research/Harden/firness/edk2/Build/OvmfX64/DEBUG_CLANGPDB/X64/MdeModulePkg/Bus/Pci/SataControllerDxe/SataControllerDxe/DEBUG/SataController.dll.lto.obj:(.rdata)
000027de 00000000     0                 .str.1.49
000027f2 00000014     1         /home/gl055/Research/Harden/firness/edk2/Build/OvmfX64/DEBUG_CLANGPDB/X64/MdeModulePkg/Bus/Pci/SataControllerDxe/SataControllerDxe/DEBUG/SataController.dll.lto.obj:(.rdata)
000027f2 00000000     0                 .str.1.53
00002806 00000032     1         /home/gl055/Research/Harden/firness/edk2/Build/OvmfX64/DEBUG_CLANGPDB/X64/MdeModulePkg/Bus/Pci/SataControllerDxe/SataControllerDxe/DEBUG/SataController.dll.lto.obj:(.rdata)
00002806 00000000     0                 .str.3.55
00002838 00000011     1         /home/gl055/Research/Harden/firness/edk2/Build/OvmfX64/DEBUG_CLANGPDB/X64/MdeModulePkg/Bus/Pci/SataControllerDxe/SataControllerDxe/DEBUG/SataController.dll.lto.obj:(.rdata)
00002838 00000000     0                 .str.60
00002849 00000016     1         /home/gl055/Research/Harden/firness/edk2/Build/OvmfX64/DEBUG_CLANGPDB/X64/MdeModulePkg/Bus/Pci/SataControllerDxe/SataControllerDxe/DEBUG/SataController.dll.lto.obj:(.rdata)
00002849 00000000     0                 .str.1.61
0000285f 0000002c     1         /home/gl055/Research/Harden/firness/edk2/Build/OvmfX64/DEBUG_CLANGPDB/X64/MdeModulePkg/Bus/Pci/SataControllerDxe/SataControllerDxe/DEBUG/SataController.dll.lto.obj:(.rdata)
0000285f 00000000     0                 .str.2.64
0000288b 0000002c     1         /home/gl055/Research/Harden/firness/edk2/Build/OvmfX64/DEBUG_CLANGPDB/X64/MdeModulePkg/Bus/Pci/SataControllerDxe/SataControllerDxe/DEBUG/SataController.dll.lto.obj:(.rdata)
0000288b 00000000     0                 .str.3.63
000028b7 0000001b     1         /home/gl055/Research/Harden/firness/edk2/Build/OvmfX64/DEBUG_CLANGPDB/X64/MdeModulePkg/Bus/Pci/SataControllerDxe/SataControllerDxe/DEBUG/SataController.dll.lto.obj:(.rdata)
000028b7 00000000     0                 .str.6
000028d2 00000022     1         /home/gl055/Research/Harden/firness/edk2/Build/OvmfX64/DEBUG_CLANGPDB/X64/MdeModulePkg/Bus/Pci/SataControllerDxe/SataControllerDxe/DEBUG/SataController.dll.lto.obj:(.rdata)
000028d2 00000000     0                 .str.7
000028f4 00000023     1         /home/gl055/Research/Harden/firness/edk2/Build/OvmfX64/DEBUG_CLANGPDB/X64/MdeModulePkg/Bus/Pci/SataControllerDxe/SataControllerDxe/DEBUG/SataController.dll.lto.obj:(.rdata)
000028f4 00000000     0                 .str.8
00002917 00000021     1         /home/gl055/Research/Harden/firness/edk2/Build/OvmfX64/DEBUG_CLANGPDB/X64/MdeModulePkg/Bus/Pci/SataControllerDxe/SataControllerDxe/DEBUG/SataController.dll.lto.obj:(.rdata)
00002917 00000000     0                 .str.9
00002938 00000012     1         /home/gl055/Research/Harden/firness/edk2/Build/OvmfX64/DEBUG_CLANGPDB/X64/MdeModulePkg/Bus/Pci/SataControllerDxe/SataControllerDxe/DEBUG/SataController.dll.lto.obj:(.rdata)
00002938 00000000     0                 .str.10
0000294a 0000001e     1         /home/gl055/Research/Harden/firness/edk2/Build/OvmfX64/DEBUG_CLANGPDB/X64/MdeModulePkg/Bus/Pci/SataControllerDxe/SataControllerDxe/DEBUG/SataController.dll.lto.obj:(.rdata)
0000294a 00000000     0                 .str.11
00002968 0000001e     1         /home/gl055/Research/Harden/firness/edk2/Build/OvmfX64/DEBUG_CLANGPDB/X64/MdeModulePkg/Bus/Pci/SataControllerDxe/SataControllerDxe/DEBUG/SataController.dll.lto.obj:(.rdata)
00002968 00000000     0                 .str.12
00002986 00000021     1         /home/gl055/Research/Harden/firness/edk2/Build/OvmfX64/DEBUG_CLANGPDB/X64/MdeModulePkg/Bus/Pci/SataControllerDxe/SataControllerDxe/DEBUG/SataController.dll.lto.obj:(.rdata)
00002986 00000000     0                 .str.13
000029a7 0000002e     1         /home/gl055/Research/Harden/firness/edk2/Build/OvmfX64/DEBUG_CLANGPDB/X64/MdeModulePkg/Bus/Pci/SataControllerDxe/SataControllerDxe/DEBUG/SataController.dll.lto.obj:(.rdata)
000029a7 00000000     0                 .str.14
000029d5 00000015     1         /home/gl055/Research/Harden/firness/edk2/Build/OvmfX64/DEBUG_CLANGPDB/X64/MdeModulePkg/Bus/Pci/SataControllerDxe/SataControllerDxe/DEBUG/SataController.dll.lto.obj:(.rdata)
000029d5 00000000     0                 .str.15
000029ea 00000015     1         /home/gl055/Research/Harden/firness/edk2/Build/OvmfX64/DEBUG_CLANGPDB/X64/MdeModulePkg/Bus/Pci/SataControllerDxe/SataControllerDxe/DEBUG/SataController.dll.lto.obj:(.rdata)
000029ea 00000000     0                 .str.16
000029ff 00000020     1         /home/gl055/Research/Harden/firness/edk2/Build/OvmfX64/DEBUG_CLANGPDB/X64/MdeModulePkg/Bus/Pci/SataControllerDxe/SataControllerDxe/DEBUG/SataController.dll.lto.obj:(.rdata)
000029ff 00000000     0                 .str.17
00002a1f 00000024     1         /home/gl055/Research/Harden/firness/edk2/Build/OvmfX64/DEBUG_CLANGPDB/X64/MdeModulePkg/Bus/Pci/SataControllerDxe/SataControllerDxe/DEBUG/SataController.dll.lto.obj:(.rdata)
00002a1f 00000000     0                 .str.18
00002a43 00000025     1         /home/gl055/Research/Harden/firness/edk2/Build/OvmfX64/DEBUG_CLANGPDB/X64/MdeModulePkg/Bus/Pci/SataControllerDxe/SataControllerDxe/DEBUG/SataController.dll.lto.obj:(.rdata)
00002a43 00000000     0                 .str.19.62
00002a68 00000018     1         /home/gl055/Research/Harden/firness/edk2/Build/OvmfX64/DEBUG_CLANGPDB/X64/MdeModulePkg/Bus/Pci/SataControllerDxe/SataControllerDxe/DEBUG/SataController.dll.lto.obj:(.rdata)
00002a68 00000000     0                 .str.20
00002a80 00000028     1         /home/gl055/Research/Harden/firness/edk2/Build/OvmfX64/DEBUG_CLANGPDB/X64/MdeModulePkg/Bus/Pci/SataControllerDxe/SataControllerDxe/DEBUG/SataController.dll.lto.obj:(.rdata)
00002a80 00000000     0                 .str.21
00002aa8 0000001e     1         /home/gl055/Research/Harden/firness/edk2/Build/OvmfX64/DEBUG_CLANGPDB/X64/MdeModulePkg/Bus/Pci/SataControllerDxe/SataControllerDxe/DEBUG/SataController.dll.lto.obj:(.rdata)
00002aa8 00000000     0                 .str.22
00002ac6 0000000c     1         /home/gl055/Research/Harden/firness/edk2/Build/OvmfX64/DEBUG_CLANGPDB/X64/MdeModulePkg/Bus/Pci/SataControllerDxe/SataControllerDxe/DEBUG/SataController.dll.lto.obj:(.rdata)
00002ac6 00000000     0                 .str.84
00002ad2 00000011     1         /home/gl055/Research/Harden/firness/edk2/Build/OvmfX64/DEBUG_CLANGPDB/X64/MdeModulePkg/Bus/Pci/SataControllerDxe/SataControllerDxe/DEBUG/SataController.dll.lto.obj:(.rdata)
00002ad2 00000000     0                 .str.90
00002ae3 00000043     1         /home/gl055/Research/Harden/firness/edk2/Build/OvmfX64/DEBUG_CLANGPDB/X64/MdeModulePkg/Bus/Pci/SataControllerDxe/SataControllerDxe/DEBUG/SataController.dll.lto.obj:(.rdata)
00002ae3 00000000     0                 .str.1.91
00002b26 0000003e     1         /home/gl055/Research/Harden/firness/edk2/Build/OvmfX64/DEBUG_CLANGPDB/X64/MdeModulePkg/Bus/Pci/SataControllerDxe/SataControllerDxe/DEBUG/SataController.dll.lto.obj:(.rdata)
00002b26 00000000     0                 .str.2.92
00002b64 00000009     1         /home/gl055/Research/Harden/firness/edk2/Build/OvmfX64/DEBUG_CLANGPDB/X64/MdeModulePkg/Bus/Pci/SataControllerDxe/SataControllerDxe/DEBUG/SataController.dll.lto.obj:(.rdata)
00002b64 00000000     0                 .str.93
00002b6d 00000017     1         /home/gl055/Research/Harden/firness/edk2/Build/OvmfX64/DEBUG_CLANGPDB/X64/MdeModulePkg/Bus/Pci/SataControllerDxe/SataControllerDxe/DEBUG/SataController.dll.lto.obj:(.rdata)
00002b6d 00000000     0                 .str.1.94
00002b84 00000038     1         /home/gl055/Research/Harden/firness/edk2/Build/OvmfX64/DEBUG_CLANGPDB/X64/MdeModulePkg/Bus/Pci/SataControllerDxe/SataControllerDxe/DEBUG/SataController.dll.lto.obj:(.rdata)
00002b84 00000000     0                 .str.9.95
00002bbc 0000001b     1         /home/gl055/Research/Harden/firness/edk2/Build/OvmfX64/DEBUG_CLANGPDB/X64/MdeModulePkg/Bus/Pci/SataControllerDxe/SataControllerDxe/DEBUG/SataController.dll.lto.obj:(.rdata)
00002bbc 00000000     0                 .str.10.98
00002bd7 0000001c     1         /home/gl055/Research/Harden/firness/edk2/Build/OvmfX64/DEBUG_CLANGPDB/X64/MdeModulePkg/Bus/Pci/SataControllerDxe/SataControllerDxe/DEBUG/SataController.dll.lto.obj:(.rdata)
00002bd7 00000000     0                 .str.11.99
00002bf3 00000039     1         /home/gl055/Research/Harden/firness/edk2/Build/OvmfX64/DEBUG_CLANGPDB/X64/MdeModulePkg/Bus/Pci/SataControllerDxe/SataControllerDxe/DEBUG/SataController.dll.lto.obj:(.rdata)
00002bf3 00000000     0                 .str.12.100
00002c2c 00000016     1         /home/gl055/Research/Harden/firness/edk2/Build/OvmfX64/DEBUG_CLANGPDB/X64/MdeModulePkg/Bus/Pci/SataControllerDxe/SataControllerDxe/DEBUG/SataController.dll.lto.obj:(.rdata)
00002c2c 00000000     0                 .str.106
00002c42 00000011     1         /home/gl055/Research/Harden/firness/edk2/Build/OvmfX64/DEBUG_CLANGPDB/X64/MdeModulePkg/Bus/Pci/SataControllerDxe/SataControllerDxe/DEBUG/SataController.dll.lto.obj:(.rdata)
00002c42 00000000     0                 .str.110
00002c53 00000036     1         /home/gl055/Research/Harden/firness/edk2/Build/OvmfX64/DEBUG_CLANGPDB/X64/MdeModulePkg/Bus/Pci/SataControllerDxe/SataControllerDxe/DEBUG/SataController.dll.lto.obj:(.rdata)
00002c53 00000000     0                 .str.2.112
00002c89 00000012     1         /home/gl055/Research/Harden/firness/edk2/Build/OvmfX64/DEBUG_CLANGPDB/X64/MdeModulePkg/Bus/Pci/SataControllerDxe/SataControllerDxe/DEBUG/SataController.dll.lto.obj:(.rdata)
00002c89 00000000     0                 .str.115
00002c9b 00000021     1         /home/gl055/Research/Harden/firness/edk2/Build/OvmfX64/DEBUG_CLANGPDB/X64/MdeModulePkg/Bus/Pci/SataControllerDxe/SataControllerDxe/DEBUG/SataController.dll.lto.obj:(.rdata)
00002c9b 00000000     0                 .str.2.117
00002cbc 00000027     1         /home/gl055/Research/Harden/firness/edk2/Build/OvmfX64/DEBUG_CLANGPDB/X64/MdeModulePkg/Bus/Pci/SataControllerDxe/SataControllerDxe/DEBUG/SataController.dll.lto.obj:(.rdata)
00002cbc 00000000     0                 .str.3.118
00002ce3 00000004     1         /home/gl055/Research/Harden/firness/edk2/Build/OvmfX64/DEBUG_CLANGPDB/X64/MdeModulePkg/Bus/Pci/SataControllerDxe/SataControllerDxe/DEBUG/SataController.dll.lto.obj:(.rdata)
00002ce3 00000000     0                 .str.123
00002ce7 00000003     1         /home/gl055/Research/Harden/firness/edk2/Build/OvmfX64/DEBUG_CLANGPDB/X64/MdeModulePkg/Bus/Pci/SataControllerDxe/SataControllerDxe/DEBUG/SataController.dll.lto.obj:(.rdata)
00002ce7 00000000     0                 .str.1.127
00002cea 00000007     1         /home/gl055/Research/Harden/firness/edk2/Build/OvmfX64/DEBUG_CLANGPDB/X64/MdeModulePkg/Bus/Pci/SataControllerDxe/SataControllerDxe/DEBUG/SataController.dll.lto.obj:(.rdata)
00002cea 00000000     0                 .str.2.121
00002cf2 00000038     2         /home/gl055/Research/Harden/firness/edk2/Build/OvmfX64/DEBUG_CLANGPDB/X64/MdeModulePkg/Bus/Pci/SataControllerDxe/SataControllerDxe/DEBUG/SataController.dll.lto.obj:(.rdata)
00002cf2 00000000     0                 .str.3.122
00002d2a 00000020     2         /home/gl055/Research/Harden/firness/edk2/Build/OvmfX64/DEBUG_CLANGPDB/X64/MdeModulePkg/Bus/Pci/SataControllerDxe/SataControllerDxe/DEBUG/SataController.dll.lto.obj:(.rdata)
00002d2a 00000000     0                 .str.4.124
00002d4a 00000013     1         /home/gl055/Research/Harden/firness/edk2/Build/OvmfX64/DEBUG_CLANGPDB/X64/MdeModulePkg/Bus/Pci/SataControllerDxe/SataControllerDxe/DEBUG/SataController.dll.lto.obj:(.rdata)
00002d4a 00000000     0                 .str.130
00002d5d 00000017     1         /home/gl055/Research/Harden/firness/edk2/Build/OvmfX64/DEBUG_CLANGPDB/X64/MdeModulePkg/Bus/Pci/SataControllerDxe/SataControllerDxe/DEBUG/SataController.dll.lto.obj:(.rdata)
00002d5d 00000000     0                 .str.1.144
00002d74 00000019     1         /home/gl055/Research/Harden/firness/edk2/Build/OvmfX64/DEBUG_CLANGPDB/X64/MdeModulePkg/Bus/Pci/SataControllerDxe/SataControllerDxe/DEBUG/SataController.dll.lto.obj:(.rdata)
00002d74 00000000     0                 .str.5.131
00002d8d 00000019     1         /home/gl055/Research/Harden/firness/edk2/Build/OvmfX64/DEBUG_CLANGPDB/X64/MdeModulePkg/Bus/Pci/SataControllerDxe/SataControllerDxe/DEBUG/SataController.dll.lto.obj:(.rdata)
00002d8d 00000000     0                 .str.12.132
00002da6 00000083     1         /home/gl055/Research/Harden/firness/edk2/Build/OvmfX64/DEBUG_CLANGPDB/X64/MdeModulePkg/Bus/Pci/SataControllerDxe/SataControllerDxe/DEBUG/SataController.dll.lto.obj:(.rdata)
00002da6 00000000     0                 .str.15.136
00002e29 0000000e     1         /home/gl055/Research/Harden/firness/edk2/Build/OvmfX64/DEBUG_CLANGPDB/X64/MdeModulePkg/Bus/Pci/SataControllerDxe/SataControllerDxe/DEBUG/SataController.dll.lto.obj:(.rdata)
00002e29 00000000     0                 .str.16.137
00002e37 0000000c     1         /home/gl055/Research/Harden/firness/edk2/Build/OvmfX64/DEBUG_CLANGPDB/X64/MdeModulePkg/Bus/Pci/SataControllerDxe/SataControllerDxe/DEBUG/SataController.dll.lto.obj:(.rdata)
00002e37 00000000     0                 .str.17.142
00002e43 00000031     1         /home/gl055/Research/Harden/firness/edk2/Build/OvmfX64/DEBUG_CLANGPDB/X64/MdeModulePkg/Bus/Pci/SataControllerDxe/SataControllerDxe/DEBUG/SataController.dll.lto.obj:(.rdata)
00002e43 00000000     0                 .str.18.138
00002e74 0000000c     1         /home/gl055/Research/Harden/firness/edk2/Build/OvmfX64/DEBUG_CLANGPDB/X64/MdeModulePkg/Bus/Pci/SataControllerDxe/SataControllerDxe/DEBUG/SataController.dll.lto.obj:(.rdata)
00002e74 00000000     0                 .str.19.143
00002e80 0000001a     1         /home/gl055/Research/Harden/firness/edk2/Build/OvmfX64/DEBUG_CLANGPDB/X64/MdeModulePkg/Bus/Pci/SataControllerDxe/SataControllerDxe/DEBUG/SataController.dll.lto.obj:(.rdata)
00002e80 00000000     0                 .str.20.139
00002e9a 00000005     1         /home/gl055/Research/Harden/firness/edk2/Build/OvmfX64/DEBUG_CLANGPDB/X64/MdeModulePkg/Bus/Pci/SataControllerDxe/SataControllerDxe/DEBUG/SataController.dll.lto.obj:(.rdata)
00002e9a 00000000     0                 .str.21.140
00002e9f 00000003     1         /home/gl055/Research/Harden/firness/edk2/Build/OvmfX64/DEBUG_CLANGPDB/X64/MdeModulePkg/Bus/Pci/SataControllerDxe/SataControllerDxe/DEBUG/SataController.dll.lto.obj:(.rdata)
00002e9f 00000000     0                 .str.22.141
00002ea2 00000002     1         /home/gl055/Research/Harden/firness/edk2/Build/OvmfX64/DEBUG_CLANGPDB/X64/MdeModulePkg/Bus/Pci/SataControllerDxe/SataControllerDxe/DEBUG/SataController.dll.lto.obj:(.rdata)
00002ea2 00000000     0                 .str.23
00002eb0 000002df    16         /home/gl055/Research/Harden/firness/edk2/Build/OvmfX64/DEBUG_CLANGPDB/X64/MdeModulePkg/Bus/Pci/SataControllerDxe/SataControllerDxe/DEBUG/SataController.dll.lto.obj:(.rdata$mErrorString)
00002eb0 00000000     0                 mErrorString
00003190 00000010    16         /home/gl055/Research/Harden/firness/edk2/Build/OvmfX64/DEBUG_CLANGPDB/X64/MdeModulePkg/Bus/Pci/SataControllerDxe/SataControllerDxe/DEBUG/SataController.dll.lto.obj:(.rdata$mHexStr)
00003190 00000000     0                 mHexStr
000031a0 000000c8    16         /home/gl055/Research/Harden/firness/edk2/Build/OvmfX64/DEBUG_CLANGPDB/X64/MdeModulePkg/Bus/Pci/SataControllerDxe/SataControllerDxe/DEBUG/SataController.dll.lto.obj:(.rdata$mWarningString)
000031a0 00000000     0                 mWarningString
00003340 00000130  4096 .data
00003340 00000000     4         /home/gl055/Research/Harden/firness/edk2/Build/OvmfX64/DEBUG_CLANGPDB/X64/MdeModulePkg/Bus/Pci/SataControllerDxe/SataControllerDxe/DEBUG/SataController.dll.lto.obj:(.data)
00003340 00000010     4         /home/gl055/Research/Harden/firness/edk2/Build/OvmfX64/DEBUG_CLANGPDB/X64/MdeModulePkg/Bus/Pci/SataControllerDxe/SataControllerDxe/DEBUG/SataController.dll.lto.obj:(.data$gEfiComponentName2ProtocolGuid)
00003340 00000000     0                 gEfiComponentName2ProtocolGuid
00003350 00000010     4         /home/gl055/Research/Harden/firness/edk2/Build/OvmfX64/DEBUG_CLANGPDB/X64/MdeModulePkg/Bus/Pci/SataControllerDxe/SataControllerDxe/DEBUG/SataController.dll.lto.obj:(.data$gEfiComponentNameProtocolGuid)
00003350 00000000     0                 gEfiComponentNameProtocolGuid
00003360 00000010     4         /home/gl055/Research/Harden/firness/edk2/Build/OvmfX64/DEBUG_CLANGPDB/X64/MdeModulePkg/Bus/Pci/SataControllerDxe/SataControllerDxe/DEBUG/SataController.dll.lto.obj:(.data$gEfiDevicePathUtilitiesProtocolGuid)
00003360 00000000     0                 gEfiDevicePathUtilitiesProtocolGuid
00003370 00000010     4         /home/gl055/Research/Harden/firness/edk2/Build/OvmfX64/DEBUG_CLANGPDB/X64/MdeModulePkg/Bus/Pci/SataControllerDxe/SataControllerDxe/DEBUG/SataController.dll.lto.obj:(.data$gEfiDriverBindingProtocolGuid)
00003370 00000000     0                 gEfiDriverBindingProtocolGuid
00003380 00000010     4         /home/gl055/Research/Harden/firness/edk2/Build/OvmfX64/DEBUG_CLANGPDB/X64/MdeModulePkg/Bus/Pci/SataControllerDxe/SataControllerDxe/DEBUG/SataController.dll.lto.obj:(.data$gEfiIdeControllerInitProtocolGuid)
00003380 00000000     0                 gEfiIdeControllerInitProtocolGuid
00003390 00000010     4         /home/gl055/Research/Harden/firness/edk2/Build/OvmfX64/DEBUG_CLANGPDB/X64/MdeModulePkg/Bus/Pci/SataControllerDxe/SataControllerDxe/DEBUG/SataController.dll.lto.obj:(.data$gEfiPciIoProtocolGuid)
00003390 00000000     0                 gEfiPciIoProtocolGuid
000033a0 00000018     8         /home/gl055/Research/Harden/firness/edk2/Build/OvmfX64/DEBUG_CLANGPDB/X64/MdeModulePkg/Bus/Pci/SataControllerDxe/SataControllerDxe/DEBUG/SataController.dll.lto.obj:(.data$gSataControllerComponentName)
000033a0 00000000     0                 gSataControllerComponentName
000033b8 00000018     8         /home/gl055/Research/Harden/firness/edk2/Build/OvmfX64/DEBUG_CLANGPDB/X64/MdeModulePkg/Bus/Pci/SataControllerDxe/SataControllerDxe/DEBUG/SataController.dll.lto.obj:(.data$gSataControllerComponentName2)
000033b8 00000000     0                 gSataControllerComponentName2
000033d0 00000030     8         /home/gl055/Research/Harden/firness/edk2/Build/OvmfX64/DEBUG_CLANGPDB/X64/MdeModulePkg/Bus/Pci/SataControllerDxe/SataControllerDxe/DEBUG/SataController.dll.lto.obj:(.data$gSataControllerDriverBinding)
000033d0 00000000     0                 gSataControllerDriverBinding
00003400 00000020    16         /home/gl055/Research/Harden/firness/edk2/Build/OvmfX64/DEBUG_CLANGPDB/X64/MdeModulePkg/Bus/Pci/SataControllerDxe/SataControllerDxe/DEBUG/SataController.dll.lto.obj:(.data$mSataControllerControllerNameTable)
00003400 00000000     0                 mSataControllerControllerNameTable
00003420 00000020    16         /home/gl055/Research/Harden/firness/edk2/Build/OvmfX64/DEBUG_CLANGPDB/X64/MdeModulePkg/Bus/Pci/SataControllerDxe/SataControllerDxe/DEBUG/SataController.dll.lto.obj:(.data$mSataControllerDriverNameTable)
00003420 00000000     0                 mSataControllerDriverNameTable
00003440 00000000     4         /home/gl055/Research/Harden/firness/edk2/Build/OvmfX64/DEBUG_CLANGPDB/X64/MdeModulePkg/Bus/Pci/SataControllerDxe/SataControllerDxe/DEBUG/SataController.dll.lto.obj:(.bss)
00003440 00000008     8         /home/gl055/Research/Harden/firness/edk2/Build/OvmfX64/DEBUG_CLANGPDB/X64/MdeModulePkg/Bus/Pci/SataControllerDxe/SataControllerDxe/DEBUG/SataController.dll.lto.obj:(.bss$gBS)
00003440 00000000     0                 gBS
00003448 00000008     8         /home/gl055/Research/Harden/firness/edk2/Build/OvmfX64/DEBUG_CLANGPDB/X64/MdeModulePkg/Bus/Pci/SataControllerDxe/SataControllerDxe/DEBUG/SataController.dll.lto.obj:(.bss$gImageHandle)
00003448 00000000     0                 gImageHandle
00003450 00000008     8         /home/gl055/Research/Harden/firness/edk2/Build/OvmfX64/DEBUG_CLANGPDB/X64/MdeModulePkg/Bus/Pci/SataControllerDxe/SataControllerDxe/DEBUG/SataController.dll.lto.obj:(.bss$gRT)
00003450 00000000     0                 gRT
00003458 00000008     8         /home/gl055/Research/Harden/firness/edk2/Build/OvmfX64/DEBUG_CLANGPDB/X64/MdeModulePkg/Bus/Pci/SataControllerDxe/SataControllerDxe/DEBUG/SataController.dll.lto.obj:(.bss$gST)
00003458 00000000     0                 gST
00003460 00000001     1         /home/gl055/Research/Harden/firness/edk2/Build/OvmfX64/DEBUG_CLANGPDB/X64/MdeModulePkg/Bus/Pci/SataControllerDxe/SataControllerDxe/DEBUG/SataController.dll.lto.obj:(.bss$mCcProbeGuestType)
00003460 00000000     0                 mCcProbeGuestType
00003461 00000001     1         /home/gl055/Research/Harden/firness/edk2/Build/OvmfX64/DEBUG_CLANGPDB/X64/MdeModulePkg/Bus/Pci/SataControllerDxe/SataControllerDxe/DEBUG/SataController.dll.lto.obj:(.bss$mCcProbed)
00003461 00000000     0                 mCcProbed
00003462 00000001     1         /home/gl055/Research/Harden/firness/edk2/Build/OvmfX64/DEBUG_CLANGPDB/X64/MdeModulePkg/Bus/Pci/SataControllerDxe/SataControllerDxe/DEBUG/SataController.dll.lto.obj:(.bss$mDebugIoPortChecked)
00003462 00000000     0                 mDebugIoPortChecked
00003463 00000001     1         /home/gl055/Research/Harden/firness/edk2/Build/OvmfX64/DEBUG_CLANGPDB/X64/MdeModulePkg/Bus/Pci/SataControllerDxe/SataControllerDxe/DEBUG/SataController.dll.lto.obj:(.bss$mDebugIoPortFound)
00003463 00000000     0                 mDebugIoPortFound
00003468 00000008     8         /home/gl055/Research/Harden/firness/edk2/Build/OvmfX64/DEBUG_CLANGPDB/X64/MdeModulePkg/Bus/Pci/SataControllerDxe/SataControllerDxe/DEBUG/SataController.dll.lto.obj:(.bss$mDevicePathLibDevicePathUtilities)
00003468 00000000     0                 mDevicePathLibDevicePathUtilities
00003480 00000024  4096 .reloc
