Archive member included to satisfy reference by file (symbol)

/home/gl055/Research/Harden/firness/edk2/Build/OvmfX64/DEBUG_GCC5/X64/MdeModulePkg/Bus/Usb/UsbBusDxe/UsbBusDxe/OUTPUT/UsbBusDxe.lib(UsbDesc.obj)
                              (--whole-archive)
/home/gl055/Research/Harden/firness/edk2/Build/OvmfX64/DEBUG_GCC5/X64/MdeModulePkg/Bus/Usb/UsbBusDxe/UsbBusDxe/OUTPUT/UsbBusDxe.lib(UsbEnumer.obj)
                              (--whole-archive)
/home/gl055/Research/Harden/firness/edk2/Build/OvmfX64/DEBUG_GCC5/X64/MdeModulePkg/Bus/Usb/UsbBusDxe/UsbBusDxe/OUTPUT/UsbBusDxe.lib(UsbBus.obj)
                              (--whole-archive)
/home/gl055/Research/Harden/firness/edk2/Build/OvmfX64/DEBUG_GCC5/X64/MdeModulePkg/Bus/Usb/UsbBusDxe/UsbBusDxe/OUTPUT/UsbBusDxe.lib(UsbHub.obj)
                              (--whole-archive)
/home/gl055/Research/Harden/firness/edk2/Build/OvmfX64/DEBUG_GCC5/X64/MdeModulePkg/Bus/Usb/UsbBusDxe/UsbBusDxe/OUTPUT/UsbBusDxe.lib(ComponentName.obj)
                              (--whole-archive)
/home/gl055/Research/Harden/firness/edk2/Build/OvmfX64/DEBUG_GCC5/X64/MdeModulePkg/Bus/Usb/UsbBusDxe/UsbBusDxe/OUTPUT/UsbBusDxe.lib(UsbUtility.obj)
                              (--whole-archive)
/home/gl055/Research/Harden/firness/edk2/Build/OvmfX64/DEBUG_GCC5/X64/MdeModulePkg/Bus/Usb/UsbBusDxe/UsbBusDxe/OUTPUT/UsbBusDxe.lib(AutoGen.obj)
                              (--whole-archive)
/home/gl055/Research/Harden/firness/edk2/Build/OvmfX64/DEBUG_GCC5/X64/MdePkg/Library/RegisterFilterLibNull/RegisterFilterLibNull/OUTPUT/FilterLibNull.lib(RegisterFilterLibNull.obj)
                              (--whole-archive)
/home/gl055/Research/Harden/firness/edk2/Build/OvmfX64/DEBUG_GCC5/X64/MdePkg/Library/DxePcdLib/DxePcdLib/OUTPUT/DxePcdLib.lib(DxePcdLib.obj)
                              (--whole-archive)
/home/gl055/Research/Harden/firness/edk2/Build/OvmfX64/DEBUG_GCC5/X64/MdePkg/Library/BaseLib/BaseLib/OUTPUT/BaseLib.lib(CheckSum.obj)
                              (--whole-archive)
/home/gl055/Research/Harden/firness/edk2/Build/OvmfX64/DEBUG_GCC5/X64/MdePkg/Library/BaseLib/BaseLib/OUTPUT/BaseLib.lib(SwitchStack.obj)
                              (--whole-archive)
/home/gl055/Research/Harden/firness/edk2/Build/OvmfX64/DEBUG_GCC5/X64/MdePkg/Library/BaseLib/BaseLib/OUTPUT/BaseLib.lib(SwapBytes64.obj)
                              (--whole-archive)
/home/gl055/Research/Harden/firness/edk2/Build/OvmfX64/DEBUG_GCC5/X64/MdePkg/Library/BaseLib/BaseLib/OUTPUT/BaseLib.lib(SwapBytes32.obj)
                              (--whole-archive)
/home/gl055/Research/Harden/firness/edk2/Build/OvmfX64/DEBUG_GCC5/X64/MdePkg/Library/BaseLib/BaseLib/OUTPUT/BaseLib.lib(SwapBytes16.obj)
                              (--whole-archive)
/home/gl055/Research/Harden/firness/edk2/Build/OvmfX64/DEBUG_GCC5/X64/MdePkg/Library/BaseLib/BaseLib/OUTPUT/BaseLib.lib(LongJump.obj)
                              (--whole-archive)
/home/gl055/Research/Harden/firness/edk2/Build/OvmfX64/DEBUG_GCC5/X64/MdePkg/Library/BaseLib/BaseLib/OUTPUT/BaseLib.lib(SetJump.obj)
                              (--whole-archive)
/home/gl055/Research/Harden/firness/edk2/Build/OvmfX64/DEBUG_GCC5/X64/MdePkg/Library/BaseLib/BaseLib/OUTPUT/BaseLib.lib(QuickSort.obj)
                              (--whole-archive)
/home/gl055/Research/Harden/firness/edk2/Build/OvmfX64/DEBUG_GCC5/X64/MdePkg/Library/BaseLib/BaseLib/OUTPUT/BaseLib.lib(RShiftU64.obj)
                              (--whole-archive)
/home/gl055/Research/Harden/firness/edk2/Build/OvmfX64/DEBUG_GCC5/X64/MdePkg/Library/BaseLib/BaseLib/OUTPUT/BaseLib.lib(RRotU64.obj)
                              (--whole-archive)
/home/gl055/Research/Harden/firness/edk2/Build/OvmfX64/DEBUG_GCC5/X64/MdePkg/Library/BaseLib/BaseLib/OUTPUT/BaseLib.lib(RRotU32.obj)
                              (--whole-archive)
/home/gl055/Research/Harden/firness/edk2/Build/OvmfX64/DEBUG_GCC5/X64/MdePkg/Library/BaseLib/BaseLib/OUTPUT/BaseLib.lib(MultU64x64.obj)
                              (--whole-archive)
/home/gl055/Research/Harden/firness/edk2/Build/OvmfX64/DEBUG_GCC5/X64/MdePkg/Library/BaseLib/BaseLib/OUTPUT/BaseLib.lib(MultU64x32.obj)
                              (--whole-archive)
/home/gl055/Research/Harden/firness/edk2/Build/OvmfX64/DEBUG_GCC5/X64/MdePkg/Library/BaseLib/BaseLib/OUTPUT/BaseLib.lib(MultS64x64.obj)
                              (--whole-archive)
/home/gl055/Research/Harden/firness/edk2/Build/OvmfX64/DEBUG_GCC5/X64/MdePkg/Library/BaseLib/BaseLib/OUTPUT/BaseLib.lib(ModU64x32.obj)
                              (--whole-archive)
/home/gl055/Research/Harden/firness/edk2/Build/OvmfX64/DEBUG_GCC5/X64/MdePkg/Library/BaseLib/BaseLib/OUTPUT/BaseLib.lib(LShiftU64.obj)
                              (--whole-archive)
/home/gl055/Research/Harden/firness/edk2/Build/OvmfX64/DEBUG_GCC5/X64/MdePkg/Library/BaseLib/BaseLib/OUTPUT/BaseLib.lib(LRotU64.obj)
                              (--whole-archive)
[...]
Memory Configuration

Name             Origin             Length             Attributes
*default*        0x0000000000000000 0xffffffffffffffff

Linker script and memory map

START GROUP
LOAD /tmp/ccKkTNcY.ltrans0.ltrans.o
LOAD /tmp/ccwG6kue.debug.temp.o
LOAD /tmp/cctjygCy.debug.temp.o
LOAD /tmp/cccCLSDd.debug.temp.o
LOAD /tmp/ccXqnCa7.debug.temp.o
LOAD /tmp/cc60oeF5.debug.temp.o
LOAD /tmp/ccjKoSlH.debug.temp.o
LOAD /tmp/cc7mmlkc.debug.temp.o
LOAD /tmp/ccyJzlQ9.debug.temp.o
LOAD /tmp/ccaMiMhR.debug.temp.o
LOAD /tmp/ccy7tQ3c.debug.temp.o
LOAD /tmp/ccFBqWhH.debug.temp.o
LOAD /tmp/ccrF3IL3.debug.temp.o
LOAD /tmp/ccPadAIS.debug.temp.o
LOAD /tmp/ccaHD7gu.debug.temp.o
LOAD /tmp/cc8nolcD.debug.temp.o
LOAD /tmp/ccWxnFSO.debug.temp.o
LOAD /tmp/cceReHHI.debug.temp.o
LOAD /tmp/ccSPPxqr.debug.temp.o
LOAD /tmp/cceKONql.debug.temp.o
LOAD /tmp/ccSxOSLi.debug.temp.o
LOAD /tmp/ccWs73OW.debug.temp.o
LOAD /tmp/ccSnb6Ar.debug.temp.o
LOAD /tmp/ccZGYyD7.debug.temp.o
LOAD /tmp/ccttHRW0.debug.temp.o
LOAD /tmp/cc0uDExK.debug.temp.o
LOAD /tmp/ccKU1XZZ.debug.temp.o
LOAD /tmp/ccKANF28.debug.temp.o
LOAD /tmp/cccjtYWH.debug.temp.o
LOAD /tmp/cc76g0Cm.debug.temp.o
LOAD /tmp/ccR1nzTY.debug.temp.o
LOAD /tmp/ccGhMQNS.debug.temp.o
LOAD /tmp/ccpYSg5Y.debug.temp.o
LOAD /tmp/ccOwNLoi.debug.temp.o
LOAD /tmp/cc3uDQDJ.debug.temp.o
LOAD /tmp/ccI3GPf4.debug.temp.o
LOAD /tmp/cc1JzQln.debug.temp.o
LOAD /tmp/ccW3yBp0.debug.temp.o
LOAD /tmp/ccUoXOjf.debug.temp.o
LOAD /tmp/ccMXVP3o.debug.temp.o
LOAD /tmp/ccKuCB8W.debug.temp.o
LOAD /tmp/ccmkshQ8.debug.temp.o
LOAD /tmp/ccfeBMtR.debug.temp.o
LOAD /tmp/ccShwRYQ.debug.temp.o
LOAD /tmp/ccBEYnCh.debug.temp.o
LOAD /tmp/ccxJeFHq.debug.temp.o
LOAD /tmp/cchgZgvN.debug.temp.o
LOAD /tmp/cc16sIqm.debug.temp.o
LOAD /tmp/cc9FZNEm.debug.temp.o
LOAD /tmp/cct4n0Nt.debug.temp.o
LOAD /tmp/ccNZcYtt.debug.temp.o
LOAD /tmp/ccLPdtBt.debug.temp.o
LOAD /tmp/cc6wTNDD.debug.temp.o
LOAD /tmp/ccA3WSyK.debug.temp.o
LOAD /tmp/cctR9qco.debug.temp.o
LOAD /tmp/cci21UxT.debug.temp.o
LOAD /tmp/ccTdli4N.debug.temp.o
LOAD /tmp/cc6ZZEGG.debug.temp.o
LOAD /tmp/ccSOJHm5.debug.temp.o
LOAD /tmp/cc5ahwlG.debug.temp.o
LOAD /tmp/ccGGAAqF.debug.temp.o
LOAD /tmp/ccdadKF1.debug.temp.o
LOAD /tmp/ccBaBdAU.debug.temp.o
LOAD /tmp/ccQ0YzHO.debug.temp.o
LOAD /tmp/ccoXCARc.debug.temp.o
LOAD /tmp/ccZ6DXHr.debug.temp.o
LOAD /tmp/ccTxfjvG.debug.temp.o
LOAD /tmp/ccZ3EguY.debug.temp.o
LOAD /tmp/cc5ZPm0Q.debug.temp.o
LOAD /tmp/cchiABUy.debug.temp.o
LOAD /tmp/ccEn8P11.debug.temp.o
LOAD /tmp/ccOkZpyu.debug.temp.o
LOAD /tmp/ccLHv7GR.debug.temp.o
LOAD /tmp/cc2QN4qJ.debug.temp.o
LOAD /tmp/ccVOc6za.debug.temp.o
LOAD /tmp/ccMFQffT.debug.temp.o
LOAD /tmp/ccGboFXX.debug.temp.o
LOAD /tmp/ccdjgBs8.debug.temp.o
LOAD /tmp/cck1M518.debug.temp.o
LOAD /tmp/ccSdjiU5.debug.temp.o
LOAD /tmp/ccgCr8UR.debug.temp.o
LOAD /tmp/cceZF2vb.debug.temp.o
LOAD /tmp/ccZY3tpE.debug.temp.o
LOAD /tmp/cc4JF9hy.debug.temp.o
LOAD /tmp/ccw2qpKH.debug.temp.o
LOAD /tmp/ccVhL0mo.debug.temp.o
LOAD /tmp/ccxFRluD.debug.temp.o
LOAD /tmp/ccJcTngI.debug.temp.o
LOAD /tmp/cc7IFEPw.debug.temp.o
LOAD /tmp/ccnx1BvW.debug.temp.o
LOAD /tmp/ccfdXApa.debug.temp.o
LOAD /tmp/ccfPHXnY.debug.temp.o
LOAD /tmp/ccF9M9Ou.debug.temp.o
LOAD /tmp/cccg2Nvc.debug.temp.o
LOAD /tmp/ccShO5xm.debug.temp.o
LOAD /tmp/ccYvU0Vi.debug.temp.o
LOAD /tmp/ccJUykME.debug.temp.o
LOAD /tmp/ccsCun7Z.debug.temp.o
LOAD /tmp/ccLOgfFd.debug.temp.o
LOAD /tmp/cc3AnEJP.debug.temp.o
LOAD /tmp/ccW6rHE2.debug.temp.o
LOAD /tmp/ccjdRayZ.debug.temp.o
LOAD /tmp/ccaRiDN3.debug.temp.o
LOAD /tmp/ccAXo0Uf.debug.temp.o
LOAD /tmp/ccXZdesi.debug.temp.o
LOAD /tmp/cc1WiJH9.debug.temp.o
LOAD /tmp/ccNLlsGS.debug.temp.o
LOAD /tmp/ccABm6vA.debug.temp.o
LOAD /tmp/ccfNRq7w.debug.temp.o
LOAD /tmp/ccany2w2.debug.temp.o
LOAD /home/gl055/Research/Harden/firness/edk2/Build/OvmfX64/DEBUG_GCC5/X64/MdeModulePkg/Bus/Usb/UsbBusDxe/UsbBusDxe/OUTPUT/UsbBusDxe.lib
LOAD /home/gl055/Research/Harden/firness/edk2/Build/OvmfX64/DEBUG_GCC5/X64/MdePkg/Library/RegisterFilterLibNull/RegisterFilterLibNull/OUTPUT/FilterLibNull.lib
LOAD /home/gl055/Research/Harden/firness/edk2/Build/OvmfX64/DEBUG_GCC5/X64/MdePkg/Library/DxePcdLib/DxePcdLib/OUTPUT/DxePcdLib.lib
LOAD /home/gl055/Research/Harden/firness/edk2/Build/OvmfX64/DEBUG_GCC5/X64/MdePkg/Library/BaseLib/BaseLib/OUTPUT/BaseLib.lib
LOAD /home/gl055/Research/Harden/firness/edk2/Build/OvmfX64/DEBUG_GCC5/X64/MdePkg/Library/BaseMemoryLibRepStr/BaseMemoryLibRepStr/OUTPUT/BaseMemoryLibRepStr.lib
LOAD /home/gl055/Research/Harden/firness/edk2/Build/OvmfX64/DEBUG_GCC5/X64/MdePkg/Library/TdxLib/TdxLib/OUTPUT/TdxLib.lib
LOAD /home/gl055/Research/Harden/firness/edk2/Build/OvmfX64/DEBUG_GCC5/X64/MdePkg/Library/BaseDebugPrintErrorLevelLib/BaseDebugPrintErrorLevelLib/OUTPUT/BaseDebugPrintErrorLevelLib.lib
LOAD /home/gl055/Research/Harden/firness/edk2/Build/OvmfX64/DEBUG_GCC5/X64/MdePkg/Library/BasePrintLib/BasePrintLib/OUTPUT/BasePrintLib.lib
LOAD /home/gl055/Research/Harden/firness/edk2/Build/OvmfX64/DEBUG_GCC5/X64/MdePkg/Library/BaseIoLibIntrinsic/BaseIoLibIntrinsicSev/OUTPUT/BaseIoLibIntrinsicSev.lib
LOAD /home/gl055/Research/Harden/firness/edk2/Build/OvmfX64/DEBUG_GCC5/X64/OvmfPkg/Library/PlatformDebugLibIoPort/PlatformDebugLibIoPort/OUTPUT/PlatformDebugLibIoPort.lib
LOAD /home/gl055/Research/Harden/firness/edk2/Build/OvmfX64/DEBUG_GCC5/X64/OvmfPkg/Library/CcProbeLib/DxeCcProbeLib/OUTPUT/DxeCcProbeLib.lib
LOAD /home/gl055/Research/Harden/firness/edk2/Build/OvmfX64/DEBUG_GCC5/X64/MdePkg/Library/UefiBootServicesTableLib/UefiBootServicesTableLib/OUTPUT/UefiBootServicesTableLib.lib
LOAD /home/gl055/Research/Harden/firness/edk2/Build/OvmfX64/DEBUG_GCC5/X64/MdePkg/Library/UefiMemoryAllocationLib/UefiMemoryAllocationLib/OUTPUT/UefiMemoryAllocationLib.lib
LOAD /home/gl055/Research/Harden/firness/edk2/Build/OvmfX64/DEBUG_GCC5/X64/MdePkg/Library/UefiRuntimeServicesTableLib/UefiRuntimeServicesTableLib/OUTPUT/UefiRuntimeServicesTableLib.lib
LOAD /home/gl055/Research/Harden/firness/edk2/Build/OvmfX64/DEBUG_GCC5/X64/MdePkg/Library/UefiDevicePathLibDevicePathProtocol/UefiDevicePathLibDevicePathProtocol/OUTPUT/UefiDevicePathLibDevicePathProtocol.lib
LOAD /home/gl055/Research/Harden/firness/edk2/Build/OvmfX64/DEBUG_GCC5/X64/MdePkg/Library/UefiLib/UefiLib/OUTPUT/UefiLib.lib
LOAD /home/gl055/Research/Harden/firness/edk2/Build/OvmfX64/DEBUG_GCC5/X64/MdePkg/Library/UefiDriverEntryPoint/UefiDriverEntryPoint/OUTPUT/UefiDriverEntryPoint.lib
LOAD /home/gl055/Research/Harden/firness/edk2/Build/OvmfX64/DEBUG_GCC5/X64/MdeModulePkg/Library/DxeReportStatusCodeLib/DxeReportStatusCodeLib/OUTPUT/DxeReportStatusCodeLib.lib
END GROUP
                0x0000000000000228                PECOFF_HEADER_SIZE = 0x228
                0x0000000000000228                . = PECOFF_HEADER_SIZE

.text           0x0000000000000240     0x9288
 *(.text .text.* .stub .gnu.linkonce.t.*)
 .text.UsbGetEndpointDesc
                0x0000000000000240       0x27 /tmp/ccKkTNcY.ltrans0.ltrans.o
 .text.UsbFindChild
                0x0000000000000267       0x3d /tmp/ccKkTNcY.ltrans0.ltrans.o
 .text.UsbIoIsochronousTransfer
                0x00000000000002a4        0xf /tmp/ccKkTNcY.ltrans0.ltrans.o
 .text.UsbIoAsyncIsochronousTransfer
                0x00000000000002b3        0xf /tmp/ccKkTNcY.ltrans0.ltrans.o
 .text.UsbBusComponentNameGetControllerName
                0x00000000000002c2        0xf /tmp/ccKkTNcY.ltrans0.ltrans.o
 .text.UsbHcGetRootHubPortStatus
                0x00000000000002d1       0x28 /tmp/ccKkTNcY.ltrans0.ltrans.o
 .text.UsbRootHubGetPortStatus
                0x00000000000002f9       0x14 /tmp/ccKkTNcY.ltrans0.ltrans.o
 .text.UsbHcSetRootHubPortFeature
                0x000000000000030d       0x28 /tmp/ccKkTNcY.ltrans0.ltrans.o
 .text.UsbRootHubSetPortFeature
                0x0000000000000335       0x14 /tmp/ccKkTNcY.ltrans0.ltrans.o
 .text.UsbHcClearRootHubPortFeature
                0x0000000000000349       0x28 /tmp/ccKkTNcY.ltrans0.ltrans.o
 .text.UsbRootHubClearPortChange
                0x0000000000000371       0x69 /tmp/ccKkTNcY.ltrans0.ltrans.o
 .text.UsbRootHubClearPortFeature
                0x00000000000003da       0x14 /tmp/ccKkTNcY.ltrans0.ltrans.o
 .text.UsbHcControlTransfer
                0x00000000000003ee       0x90 /tmp/ccKkTNcY.ltrans0.ltrans.o
 .text.UsbOpenHostProtoByChild
                0x000000000000047e       0x52 /tmp/ccKkTNcY.ltrans0.ltrans.o
 .text.UsbGetCurrentTpl
                0x00000000000004d0       0x2e /tmp/ccKkTNcY.ltrans0.ltrans.o
 .text.AsciiStrnLenS
                0x00000000000004fe       0x26 /tmp/ccKkTNcY.ltrans0.ltrans.o
 .text.BasePrintLibFillBuffer
                0x0000000000000524       0x2d /tmp/ccKkTNcY.ltrans0.ltrans.o
 .text.DebugPrintEnabled
                0x0000000000000551        0x3 /tmp/ccKkTNcY.ltrans0.ltrans.o
 .text.ReadCcGuestType
                0x0000000000000554       0x24 /tmp/ccKkTNcY.ltrans0.ltrans.o
 .text.GetDevicePathSize
                0x0000000000000578        0x9 /tmp/ccKkTNcY.ltrans0.ltrans.o
 .text.InternalReportStatusCode.constprop.0
                0x0000000000000581       0x9e /tmp/ccKkTNcY.ltrans0.ltrans.o
 .text.IoWriteFifo8
                0x000000000000061f       0x96 /tmp/ccKkTNcY.ltrans0.ltrans.o
 .text.PlatformDebugLibIoPortFound
                0x00000000000006b5       0xa3 /tmp/ccKkTNcY.ltrans0.ltrans.o
 .text.BasePrintLibSPrint.constprop.0
                0x0000000000000758       0x28 /tmp/ccKkTNcY.ltrans0.ltrans.o
 .text.BasePrintLibSPrintMarker.constprop.0
                0x0000000000000780      0xad7 /tmp/ccKkTNcY.ltrans0.ltrans.o
 .text.AsciiSPrint.constprop.0
                0x0000000000001257       0x30 /tmp/ccKkTNcY.ltrans0.ltrans.o
 .text.DebugAssert
                0x0000000000001287       0x79 /tmp/ccKkTNcY.ltrans0.ltrans.o
 .text.UsbCtrlRequest
                0x0000000000001300       0xcc /tmp/ccKkTNcY.ltrans0.ltrans.o
 .text.UsbCtrlGetDesc
                0x00000000000013cc       0x29 /tmp/ccKkTNcY.ltrans0.ltrans.o
 .text.UsbHubCtrlGetHubDesc
                0x00000000000013f5       0x33 /tmp/ccKkTNcY.ltrans0.ltrans.o
 .text.UsbHubCtrlSetPortFeature
                0x0000000000001428       0x31 /tmp/ccKkTNcY.ltrans0.ltrans.o
 .text.UsbHubSetPortFeature
                0x0000000000001459       0x14 /tmp/ccKkTNcY.ltrans0.ltrans.o
 .text.UsbHubGetPortStatus
                0x000000000000146d       0x31 /tmp/ccKkTNcY.ltrans0.ltrans.o
 .text.UsbHubClearPortFeature
                0x000000000000149e       0x39 /tmp/ccKkTNcY.ltrans0.ltrans.o
 .text.UsbHubClearPortChange
                0x00000000000014d7       0x8f /tmp/ccKkTNcY.ltrans0.ltrans.o
 .text.UsbHubCtrlClearHubFeature.isra.0
                0x0000000000001566       0x2c /tmp/ccKkTNcY.ltrans0.ltrans.o
 .text.UsbHubAckHubStatus
                0x0000000000001592       0x66 /tmp/ccKkTNcY.ltrans0.ltrans.o
 .text.UsbIoBulkTransfer
                0x00000000000015f8      0x221 /tmp/ccKkTNcY.ltrans0.ltrans.o
 .text.UsbIoSyncInterruptTransfer
                0x0000000000001819      0x196 /tmp/ccKkTNcY.ltrans0.ltrans.o
 .text.UsbIoAsyncInterruptTransfer
                0x00000000000019af      0x197 /tmp/ccKkTNcY.ltrans0.ltrans.o
 .text.UsbIoGetSupportedLanguages
                0x0000000000001b46       0x81 /tmp/ccKkTNcY.ltrans0.ltrans.o
 .text.InternalBaseLibIsListValid
                0x0000000000001bc7       0x52 /tmp/ccKkTNcY.ltrans0.ltrans.o
 .text.InitializeListHead
                0x0000000000001c19        0xb /tmp/ccKkTNcY.ltrans0.ltrans.o
 .text.AsciiStrLen
                0x0000000000001c24       0x6c /tmp/ccKkTNcY.ltrans0.ltrans.o
 .text.AsciiStrnCmp.part.0
                0x0000000000001c90       0xbb /tmp/ccKkTNcY.ltrans0.ltrans.o
 .text.ReadUnaligned16
                0x0000000000001d4b        0x4 /tmp/ccKkTNcY.ltrans0.ltrans.o
 .text.ReadUnaligned24
                0x0000000000001d4f       0x37 /tmp/ccKkTNcY.ltrans0.ltrans.o
 .text.UsbBusComponentNameGetDriverName
                0x0000000000001d86      0x139 /tmp/ccKkTNcY.ltrans0.ltrans.o
 .text.ReadUnaligned64
                0x0000000000001ebf       0x33 /tmp/ccKkTNcY.ltrans0.ltrans.o
 .text.WriteUnaligned64
                0x0000000000001ef2        0x7 /tmp/ccKkTNcY.ltrans0.ltrans.o
 .text.ZeroMem  0x0000000000001ef9       0x7a /tmp/ccKkTNcY.ltrans0.ltrans.o
 .text.UsbHubResetPort
                0x0000000000001f73       0xc4 /tmp/ccKkTNcY.ltrans0.ltrans.o
 .text.AllocateZeroPool
                0x0000000000002037       0x52 /tmp/ccKkTNcY.ltrans0.ltrans.o
 .text.CompareMem
                0x0000000000002089       0xce /tmp/ccKkTNcY.ltrans0.ltrans.o
 .text.SearchUsbDPInList
                0x0000000000002157       0xc2 /tmp/ccKkTNcY.ltrans0.ltrans.o
 .text.CopyMem  0x0000000000002219       0x8a /tmp/ccKkTNcY.ltrans0.ltrans.o
 .text.UsbIoGetDeviceDescriptor
                0x00000000000022a3       0x91 /tmp/ccKkTNcY.ltrans0.ltrans.o
 .text.UsbIoGetActiveConfigDescriptor
                0x0000000000002334       0xa7 /tmp/ccKkTNcY.ltrans0.ltrans.o
 .text.UsbIoGetInterfaceDescriptor
                0x00000000000023db       0x8d /tmp/ccKkTNcY.ltrans0.ltrans.o
 .text.UsbIoGetEndpointDescriptor
                0x0000000000002468       0xcd /tmp/ccKkTNcY.ltrans0.ltrans.o
 .text.DevicePathNodeLength
                0x0000000000002535       0x3c /tmp/ccKkTNcY.ltrans0.ltrans.o
 .text.NextDevicePathNode
                0x0000000000002571       0x3b /tmp/ccKkTNcY.ltrans0.ltrans.o
 .text.IsDevicePathEnd
                0x00000000000025ac       0x6f /tmp/ccKkTNcY.ltrans0.ltrans.o
 .text.UsbBusControllerDriverSupported
                0x000000000000261b      0x178 /tmp/ccKkTNcY.ltrans0.ltrans.o
 .text.GetUsbDPFromFullDP
                0x0000000000002793      0x109 /tmp/ccKkTNcY.ltrans0.ltrans.o
 .text.ReportStatusCodeEx.constprop.0
                0x000000000000289c      0x1bd /tmp/ccKkTNcY.ltrans0.ltrans.o
 .text.ReportStatusCodeWithDevicePath.constprop.0
                0x0000000000002a59       0xa4 /tmp/ccKkTNcY.ltrans0.ltrans.o
 .text.DebugPrintMarker.constprop.0
                0x0000000000002afd       0x69 /tmp/ccKkTNcY.ltrans0.ltrans.o
 .text.DebugPrint
                0x0000000000002b66       0x2b /tmp/ccKkTNcY.ltrans0.ltrans.o
 .text.UsbCreateDesc
                0x0000000000002b91      0x1fe /tmp/ccKkTNcY.ltrans0.ltrans.o
 .text.UsbSelectSetting
                0x0000000000002d8f      0x110 /tmp/ccKkTNcY.ltrans0.ltrans.o
 .text.UsbIoPortReset
                0x0000000000002e9f      0x1f5 /tmp/ccKkTNcY.ltrans0.ltrans.o
 .text.UsbOnHubInterrupt
                0x0000000000003094      0x183 /tmp/ccKkTNcY.ltrans0.ltrans.o
 .text.UsbHubInit
                0x0000000000003217      0x3b0 /tmp/ccKkTNcY.ltrans0.ltrans.o
 .text.UsbHubRelease
                0x00000000000035c7       0xbb /tmp/ccKkTNcY.ltrans0.ltrans.o
 .text.UsbRootHubInit
                0x0000000000003682      0x173 /tmp/ccKkTNcY.ltrans0.ltrans.o
 .text.UsbRootHubResetPort
                0x00000000000037f5      0x24b /tmp/ccKkTNcY.ltrans0.ltrans.o
 .text.UsbRootHubRelease
                0x0000000000003a40       0x6f /tmp/ccKkTNcY.ltrans0.ltrans.o
 .text.FreePool
                0x0000000000003aaf       0x4f /tmp/ccKkTNcY.ltrans0.ltrans.o
 .text.UsbFreeInterfaceDesc
                0x0000000000003afe       0x6d /tmp/ccKkTNcY.ltrans0.ltrans.o
 .text.UsbFreeConfigDesc
                0x0000000000003b6b       0x8f /tmp/ccKkTNcY.ltrans0.ltrans.o
 .text.UsbGetOneString
                0x0000000000003bfa       0xa0 /tmp/ccKkTNcY.ltrans0.ltrans.o
 .text.UsbIoGetStringDescriptor
                0x0000000000003c9a      0x15f /tmp/ccKkTNcY.ltrans0.ltrans.o
 .text.UsbBusIsWantedUsbIO
                0x0000000000003df9      0x3c4 /tmp/ccKkTNcY.ltrans0.ltrans.o
 .text.UsbConnectDriver
                0x00000000000041bd      0x177 /tmp/ccKkTNcY.ltrans0.ltrans.o
 .text.UsbSelectConfig
                0x0000000000004334      0x36d /tmp/ccKkTNcY.ltrans0.ltrans.o
 .text.UsbRemoveConfig
                0x00000000000046a1      0x28a /tmp/ccKkTNcY.ltrans0.ltrans.o
 .text.UsbIoControlTransfer
                0x000000000000492b      0x2b3 /tmp/ccKkTNcY.ltrans0.ltrans.o
 .text.UsbRemoveDevice
                0x0000000000004bde      0x1b5 /tmp/ccKkTNcY.ltrans0.ltrans.o
 .text.UsbEnumerateNewDev
                0x0000000000004d93      0xbe9 /tmp/ccKkTNcY.ltrans0.ltrans.o
 .text.UsbEnumeratePort
                0x000000000000597c      0x218 /tmp/ccKkTNcY.ltrans0.ltrans.o
 .text.UsbHubEnumeration
                0x0000000000005b94      0x129 /tmp/ccKkTNcY.ltrans0.ltrans.o
 .text.UsbRootHubEnumeration
                0x0000000000005cbd       0x8b /tmp/ccKkTNcY.ltrans0.ltrans.o
 .text.UsbBusFreeUsbDPList
                0x0000000000005d48       0xdf /tmp/ccKkTNcY.ltrans0.ltrans.o
 .text.UsbBusControllerDriverStop
                0x0000000000005e27      0x2e0 /tmp/ccKkTNcY.ltrans0.ltrans.o
 .text.UsbBusAddWantedUsbIoDP
                0x0000000000006107      0x1cd /tmp/ccKkTNcY.ltrans0.ltrans.o
 .text.UsbBusControllerDriverStart
                0x00000000000062d4      0x749 /tmp/ccKkTNcY.ltrans0.ltrans.o
 .text._ModuleEntryPoint
                0x0000000000006a1d      0x218 /tmp/ccKkTNcY.ltrans0.ltrans.o
                0x0000000000006a1d                _ModuleEntryPoint
 *fill*         0x0000000000006c35        0xb 
 .text          0x0000000000006c40       0x81 /home/gl055/Research/Harden/firness/edk2/Build/OvmfX64/DEBUG_GCC5/X64/MdePkg/Library/BaseLib/BaseLib/OUTPUT/BaseLib.lib(TdVmcall.obj)
                0x0000000000006c40                TdVmCall
 *fill*         0x0000000000006cc1        0xf 
 .text          0x0000000000006cd0       0x1d /home/gl055/Research/Harden/firness/edk2/Build/OvmfX64/DEBUG_GCC5/X64/MdePkg/Library/BaseMemoryLibRepStr/BaseMemoryLibRepStr/OUTPUT/BaseMemoryLibRepStr.lib(CompareMem.obj)
                0x0000000000006cd0                InternalMemCompareMem
 *fill*         0x0000000000006ced        0x3 
 .text          0x0000000000006cf0       0x1d /home/gl055/Research/Harden/firness/edk2/Build/OvmfX64/DEBUG_GCC5/X64/MdePkg/Library/BaseMemoryLibRepStr/BaseMemoryLibRepStr/OUTPUT/BaseMemoryLibRepStr.lib(ZeroMem.obj)
                0x0000000000006cf0                InternalMemZeroMem
 *fill*         0x0000000000006d0d        0x3 
 .text          0x0000000000006d10       0x3c /home/gl055/Research/Harden/firness/edk2/Build/OvmfX64/DEBUG_GCC5/X64/MdePkg/Library/BaseMemoryLibRepStr/BaseMemoryLibRepStr/OUTPUT/BaseMemoryLibRepStr.lib(CopyMem.obj)
                0x0000000000006d10                InternalMemCopyMem
 *fill*         0x0000000000006d4c        0x4 
 .text          0x0000000000006d50      0x116 /home/gl055/Research/Harden/firness/edk2/Build/OvmfX64/DEBUG_GCC5/X64/MdePkg/Library/BaseIoLibIntrinsic/BaseIoLibIntrinsicSev/OUTPUT/BaseIoLibIntrinsicSev.lib(IoFifoSev.obj)
                0x0000000000006d50                SevNoRepIo
                0x0000000000006d90                SevIoReadFifo8
                0x0000000000006db2                SevIoReadFifo16
                0x0000000000006dd8                SevIoReadFifo32
                0x0000000000006dfb                SevIoWriteFifo8
                0x0000000000006e1d                SevIoWriteFifo16
                0x0000000000006e43                SevIoWriteFifo32
 *(.rodata .rodata.* .gnu.linkonce.r.*)
 .rodata.BasePrintLibSPrintMarker.constprop.0.str1.1
                0x0000000000006e66      0x188 /tmp/ccKkTNcY.ltrans0.ltrans.o
                                        0x19f (size before relaxing)
 *fill*         0x0000000000006fee        0x2 
 .rodata.BasePrintLibSPrintMarker.constprop.0
                0x0000000000006ff0       0xec /tmp/ccKkTNcY.ltrans0.ltrans.o
 .rodata.AsciiSPrint.constprop.0.str1.1
                0x00000000000070dc       0x14 /tmp/ccKkTNcY.ltrans0.ltrans.o
 .rodata.UsbCtrlRequest.str1.1
                0x00000000000070f0       0x8c /tmp/ccKkTNcY.ltrans0.ltrans.o
 .rodata.UsbIoBulkTransfer.str1.1
                0x000000000000717c       0xa2 /tmp/ccKkTNcY.ltrans0.ltrans.o
 .rodata.InternalBaseLibIsListValid.str1.1
                0x000000000000721e       0x8e /tmp/ccKkTNcY.ltrans0.ltrans.o
 .rodata.AsciiStrLen.str1.1
                0x00000000000072ac       0x98 /tmp/ccKkTNcY.ltrans0.ltrans.o
 .rodata.AsciiStrnCmp.part.0.str1.1
                0x0000000000007344       0x70 /tmp/ccKkTNcY.ltrans0.ltrans.o
 .rodata.ReadUnaligned24.str1.1
                0x00000000000073b4       0x4c /tmp/ccKkTNcY.ltrans0.ltrans.o
 .rodata.ZeroMem.str1.1
                0x0000000000007400       0x93 /tmp/ccKkTNcY.ltrans0.ltrans.o
 .rodata.CompareMem.str1.1
                0x0000000000007493      0x120 /tmp/ccKkTNcY.ltrans0.ltrans.o
 .rodata.SearchUsbDPInList.str1.1
                0x00000000000075b3       0x7a /tmp/ccKkTNcY.ltrans0.ltrans.o
 .rodata.CopyMem.str1.1
                0x000000000000762d       0x5d /tmp/ccKkTNcY.ltrans0.ltrans.o
 .rodata.DevicePathNodeLength.str1.1
                0x000000000000768a       0x85 /tmp/ccKkTNcY.ltrans0.ltrans.o
 .rodata.GetUsbDPFromFullDP.str1.1
                0x000000000000770f       0x21 /tmp/ccKkTNcY.ltrans0.ltrans.o
 .rodata.ReportStatusCodeEx.constprop.0.str1.1
                0x0000000000007730       0xe5 /tmp/ccKkTNcY.ltrans0.ltrans.o
 .rodata.ReportStatusCodeWithDevicePath.constprop.0.str1.1
                0x0000000000007815       0x33 /tmp/ccKkTNcY.ltrans0.ltrans.o
                                         0x4e (size before relaxing)
 .rodata.UsbCreateDesc.str1.1
                0x0000000000007848      0x145 /tmp/ccKkTNcY.ltrans0.ltrans.o
 .rodata.UsbSelectSetting.str1.1
                0x000000000000798d       0xa4 /tmp/ccKkTNcY.ltrans0.ltrans.o
                                         0xb0 (size before relaxing)
 .rodata.UsbIoPortReset.str1.1
                0x0000000000007a31       0xdf /tmp/ccKkTNcY.ltrans0.ltrans.o
 .rodata.UsbOnHubInterrupt.str1.1
                0x0000000000007b10       0x76 /tmp/ccKkTNcY.ltrans0.ltrans.o
 .rodata.UsbHubInit.str1.1
                0x0000000000007b86      0x1e2 /tmp/ccKkTNcY.ltrans0.ltrans.o
 .rodata.UsbHubRelease.str1.1
                0x0000000000007d68       0x27 /tmp/ccKkTNcY.ltrans0.ltrans.o
 .rodata.UsbRootHubInit.str1.1
                0x0000000000007d8f       0x36 /tmp/ccKkTNcY.ltrans0.ltrans.o
 .rodata.UsbRootHubResetPort.str1.1
                0x0000000000007dc5      0x123 /tmp/ccKkTNcY.ltrans0.ltrans.o
 .rodata.UsbRootHubRelease.str1.1
                0x0000000000007ee8       0x31 /tmp/ccKkTNcY.ltrans0.ltrans.o
 .rodata.FreePool.str1.1
                0x0000000000007f19       0xae /tmp/ccKkTNcY.ltrans0.ltrans.o
 .rodata.UsbIoGetStringDescriptor.str1.1
                0x0000000000007fc7        0xb /tmp/ccKkTNcY.ltrans0.ltrans.o
 .rodata.UsbBusIsWantedUsbIO.str1.1
                0x0000000000007fd2       0x29 /tmp/ccKkTNcY.ltrans0.ltrans.o
                                         0x63 (size before relaxing)
 .rodata.UsbConnectDriver.str1.1
                0x0000000000007ffb       0x9a /tmp/ccKkTNcY.ltrans0.ltrans.o
 .rodata.UsbSelectConfig.str1.1
                0x0000000000008095      0x11e /tmp/ccKkTNcY.ltrans0.ltrans.o
 .rodata.UsbRemoveConfig.str1.1
                0x00000000000081b3       0x5d /tmp/ccKkTNcY.ltrans0.ltrans.o
 .rodata.UsbIoControlTransfer.str1.1
                0x0000000000008210       0x65 /tmp/ccKkTNcY.ltrans0.ltrans.o
 .rodata.UsbRemoveDevice.str1.1
                0x0000000000008275       0x7f /tmp/ccKkTNcY.ltrans0.ltrans.o
 .rodata.UsbEnumerateNewDev.str1.1
                0x00000000000082f4      0x664 /tmp/ccKkTNcY.ltrans0.ltrans.o
 .rodata.UsbEnumeratePort.str1.1
                0x0000000000008958      0x207 /tmp/ccKkTNcY.ltrans0.ltrans.o
 .rodata.UsbHubEnumeration.str1.1
                0x0000000000008b5f       0x69 /tmp/ccKkTNcY.ltrans0.ltrans.o
 .rodata.UsbRootHubEnumeration.str1.1
                0x0000000000008bc8       0x56 /tmp/ccKkTNcY.ltrans0.ltrans.o
 .rodata.UsbBusFreeUsbDPList.str1.1
                0x0000000000008c1e       0x3b /tmp/ccKkTNcY.ltrans0.ltrans.o
 .rodata.UsbBusControllerDriverStop.str1.1
                0x0000000000008c59       0x23 /tmp/ccKkTNcY.ltrans0.ltrans.o
 .rodata.UsbBusAddWantedUsbIoDP.str1.1
                0x0000000000008c7c       0x19 /tmp/ccKkTNcY.ltrans0.ltrans.o
 .rodata.UsbBusControllerDriverStart.str1.1
                0x0000000000008c95      0x1b7 /tmp/ccKkTNcY.ltrans0.ltrans.o
 .rodata._ModuleEntryPoint.str1.1
                0x0000000000008e4c      0x23a /tmp/ccKkTNcY.ltrans0.ltrans.o
 *fill*         0x0000000000009086        0xa 
 .rodata.mHexStr
                0x0000000000009090       0x10 /tmp/ccKkTNcY.ltrans0.ltrans.o
 .rodata.mWarningString
                0x00000000000090a0       0xc8 /tmp/ccKkTNcY.ltrans0.ltrans.o
 *fill*         0x0000000000009168       0x18 
 .rodata.mErrorString
                0x0000000000009180      0x2df /tmp/ccKkTNcY.ltrans0.ltrans.o
 .rodata.str1.1
                0x000000000000945f        0xb /tmp/ccKkTNcY.ltrans0.ltrans.o
                                          0xe (size before relaxing)
 .rodata.mUefiDevicePathLibEndDevicePath
                0x000000000000946a        0x4 /tmp/ccKkTNcY.ltrans0.ltrans.o
 .rodata.str2.2
                0x000000000000946e       0x1e /tmp/ccKkTNcY.ltrans0.ltrans.o
 *fill*         0x000000000000948c       0x14 
 .rodata.mRootHubFeatureMap
                0x00000000000094a0       0x28 /tmp/ccKkTNcY.ltrans0.ltrans.o
 *(.got .got.*)
 .got           0x00000000000094c8        0x0 UsbDesc.obj (symbol from plugin)
 .got.plt       0x00000000000094c8        0x0 UsbDesc.obj (symbol from plugin)
 *:AutoGen.obj(.data.g*Guid)

.plt            0x00000000000094d0        0x0
 .plt           0x00000000000094d0        0x0 UsbDesc.obj (symbol from plugin)

.plt.got        0x00000000000094c8        0x0
 .plt.got       0x00000000000094c8        0x0 UsbDesc.obj (symbol from plugin)

.data           0x0000000000009500      0x2b0
 *(.data .data.* .gnu.linkonce.d.*)
 .data.gEfiStatusCodeRuntimeProtocolGuid
                0x0000000000009500       0x10 /tmp/ccKkTNcY.ltrans0.ltrans.o
 .data.gEfiStatusCodeSpecificDataGuid
                0x0000000000009510       0x10 /tmp/ccKkTNcY.ltrans0.ltrans.o
 .data.gEfiDevicePathUtilitiesProtocolGuid
                0x0000000000009520       0x10 /tmp/ccKkTNcY.ltrans0.ltrans.o
 .data.gEfiComponentNameProtocolGuid
                0x0000000000009530       0x10 /tmp/ccKkTNcY.ltrans0.ltrans.o
 .data.gEfiComponentName2ProtocolGuid
                0x0000000000009540       0x10 /tmp/ccKkTNcY.ltrans0.ltrans.o
 .data.gEfiDriverBindingProtocolGuid
                0x0000000000009550       0x10 /tmp/ccKkTNcY.ltrans0.ltrans.o
 .data.rel.local.mUsbBusComponentName2
                0x0000000000009560       0x18 /tmp/ccKkTNcY.ltrans0.ltrans.o
 .data.mAllUsbClassDevicePath
                0x0000000000009578        0xf /tmp/ccKkTNcY.ltrans0.ltrans.o
 *fill*         0x0000000000009587       0x19 
 .data.rel.local.mUsbBusDriverNameTable
                0x00000000000095a0       0x20 /tmp/ccKkTNcY.ltrans0.ltrans.o
 .data.rel.local.mUsbBusComponentName
                0x00000000000095c0       0x18 /tmp/ccKkTNcY.ltrans0.ltrans.o
 *fill*         0x00000000000095d8        0x8 
 .data.rel.local.mUsbRootHubApi
                0x00000000000095e0       0x38 /tmp/ccKkTNcY.ltrans0.ltrans.o
 *fill*         0x0000000000009618        0x8 
 .data.gEfiCallerIdGuid
                0x0000000000009620       0x10 /tmp/ccKkTNcY.ltrans0.ltrans.o
 .data.gEfiUsbHcProtocolGuid
                0x0000000000009630       0x10 /tmp/ccKkTNcY.ltrans0.ltrans.o
 .data.gEfiUsb2HcProtocolGuid
                0x0000000000009640       0x10 /tmp/ccKkTNcY.ltrans0.ltrans.o
 *fill*         0x0000000000009650       0x10 
 .data.rel.local.mUsbBusDriverBinding
                0x0000000000009660       0x30 /tmp/ccKkTNcY.ltrans0.ltrans.o
 .data.gEfiUsbIoProtocolGuid
                0x0000000000009690       0x10 /tmp/ccKkTNcY.ltrans0.ltrans.o
 .data.gEfiDevicePathProtocolGuid
                0x00000000000096a0       0x10 /tmp/ccKkTNcY.ltrans0.ltrans.o
 *fill*         0x00000000000096b0       0x10 
 .data.rel.local.mUsbIoProtocol
                0x00000000000096c0       0x68 /tmp/ccKkTNcY.ltrans0.ltrans.o
 *fill*         0x0000000000009728       0x18 
 .data.rel.local.mUsbHubApi
                0x0000000000009740       0x38 /tmp/ccKkTNcY.ltrans0.ltrans.o
 .data.rel.ro   0x0000000000009778        0x0 UsbDesc.obj (symbol from plugin)
 *(.bss .bss.*)
 .bss.mReportStatusCodeLibStatusCodeProtocol
                0x0000000000009778        0x8 /tmp/ccKkTNcY.ltrans0.ltrans.o
 .bss.gImageHandle
                0x0000000000009780        0x8 /tmp/ccKkTNcY.ltrans0.ltrans.o
 .bss.gRT       0x0000000000009788        0x8 /tmp/ccKkTNcY.ltrans0.ltrans.o
 .bss.gST       0x0000000000009790        0x8 /tmp/ccKkTNcY.ltrans0.ltrans.o
 .bss.mCcProbeGuestType
                0x0000000000009798        0x1 /tmp/ccKkTNcY.ltrans0.ltrans.o
 .bss.mCcProbed
                0x0000000000009799        0x1 /tmp/ccKkTNcY.ltrans0.ltrans.o
 .bss.mDebugIoPortFound
                0x000000000000979a        0x1 /tmp/ccKkTNcY.ltrans0.ltrans.o
 .bss.mDebugIoPortChecked
                0x000000000000979b        0x1 /tmp/ccKkTNcY.ltrans0.ltrans.o
 *fill*         0x000000000000979c        0x4 
 .bss.mDevicePathLibDevicePathUtilities
                0x00000000000097a0        0x8 /tmp/ccKkTNcY.ltrans0.ltrans.o
 .bss.gBS       0x00000000000097a8        0x8 /tmp/ccKkTNcY.ltrans0.ltrans.o

.eh_frame       0x00000000000097c0        0x0
 *(.eh_frame)
 .eh_frame      0x00000000000097c0        0x0 UsbDesc.obj (symbol from plugin)
 .eh_frame      0x00000000000097c0        0x0 UsbDesc.obj (symbol from plugin)

.dynbss         0x00000000000097c0        0x0
 .dynbss        0x00000000000097c0        0x0 UsbDesc.obj (symbol from plugin)

.gnu.version_d  0x00000000000097c0        0x0
 .gnu.version_d
                0x00000000000097c0        0x0 UsbDesc.obj (symbol from plugin)

.gnu.version    0x00000000000097c0        0x0
 .gnu.version   0x00000000000097c0        0x0 UsbDesc.obj (symbol from plugin)

.gnu.version_r  0x00000000000097c0        0x0
 .gnu.version_r
                0x00000000000097c0        0x0 UsbDesc.obj (symbol from plugin)

.rela           0x00000000000097c0      0x390
 *(.rela .rela.*)
 .rela.plt      0x00000000000097c0        0x0 UsbDesc.obj (symbol from plugin)
 .rela.got      0x00000000000097c0        0x0 UsbDesc.obj (symbol from plugin)
 .rela.bss      0x00000000000097c0        0x0 UsbDesc.obj (symbol from plugin)
 .rela.data.rel.ro
                0x00000000000097c0        0x0 UsbDesc.obj (symbol from plugin)
 .rela.ifunc    0x00000000000097c0        0x0 UsbDesc.obj (symbol from plugin)
 .rela.data.rel.local.mUsbBusComponentName2
                0x00000000000097c0       0x48 UsbDesc.obj (symbol from plugin)
 .rela.data.rel.local.mUsbBusDriverNameTable
                0x0000000000009808       0x30 UsbDesc.obj (symbol from plugin)
 .rela.data.rel.local.mUsbBusComponentName
                0x0000000000009838       0x48 UsbDesc.obj (symbol from plugin)
 .rela.data.rel.local.mUsbRootHubApi
                0x0000000000009880       0xa8 UsbDesc.obj (symbol from plugin)
 .rela.data.rel.local.mUsbBusDriverBinding
                0x0000000000009928       0x48 UsbDesc.obj (symbol from plugin)
 .rela.data.rel.local.mUsbIoProtocol
                0x0000000000009970      0x138 UsbDesc.obj (symbol from plugin)
 .rela.data.rel.local.mUsbHubApi
                0x0000000000009aa8       0xa8 UsbDesc.obj (symbol from plugin)

.hii
 *(.hii)

.got            0x0000000000009b50        0x0
 *(.got)
                0x0000000000000001                ASSERT ((SIZEOF (.got) == 0x0), Unexpected GOT entries detected!)

.got.plt        0x0000000000009b50        0x0
 *(.got.plt)
                0x0000000000000001                ASSERT ((((SIZEOF (.got.plt) == 0x0) || (SIZEOF (.got.plt) == 0xc)) || (SIZEOF (.got.plt) == 0x18)), Unexpected GOT/PLT entries detected!)

.build-id       0x0000000000009b50       0x24
 *(.note.gnu.build-id)
 .note.gnu.build-id
                0x0000000000009b50       0x24 UsbDesc.obj (symbol from plugin)

/DISCARD/
 *(.note.GNU-stack)
 *(.gnu_debuglink)
 *(.interp)
 *(.dynsym)
 *(.dynstr)
 *(.dynamic)
 *(.hash .gnu.hash)
 *(.comment)
OUTPUT(/home/gl055/Research/Harden/firness/edk2/Build/OvmfX64/DEBUG_GCC5/X64/MdeModulePkg/Bus/Usb/UsbBusDxe/UsbBusDxe/DEBUG/UsbBusDxe.dll elf64-x86-64)

.debug_info     0x0000000000000000    0x2ccf0
 .debug_info    0x0000000000000000     0x917d /tmp/ccKkTNcY.ltrans0.ltrans.o
 .debug_info    0x000000000000917d     0x2a99 /tmp/ccwG6kue.debug.temp.o
                0x000000000000917d                UsbDesc.c.e950c642
 .debug_info    0x000000000000bc16     0x29fd /tmp/cctjygCy.debug.temp.o
                0x000000000000bc16                UsbEnumer.c.ce18c179
 .debug_info    0x000000000000e613     0x4d5a /tmp/cccCLSDd.debug.temp.o
                0x000000000000e613                UsbBus.c.3de73b6f
 .debug_info    0x000000000001336d     0x2d3b /tmp/ccXqnCa7.debug.temp.o
                0x000000000001336d                UsbHub.c.4882c5ed
 .debug_info    0x00000000000160a8      0x337 /tmp/cc60oeF5.debug.temp.o
                0x00000000000160a8                ComponentName.c.d1fb7d86
 .debug_info    0x00000000000163df     0x2e5f /tmp/ccjKoSlH.debug.temp.o
                0x00000000000163df                UsbUtility.c.ce552643
 .debug_info    0x000000000001923e     0x1d01 /tmp/cc7mmlkc.debug.temp.o
                0x000000000001923e                AutoGen.c.86c2c441
 .debug_info    0x000000000001af3f      0x1a7 /tmp/ccWxnFSO.debug.temp.o
                0x000000000001af3f                SetJump.c.a724f785
 .debug_info    0x000000000001b0e6       0x9e /tmp/ccKuCB8W.debug.temp.o
                0x000000000001b0e6                CpuDeadLoop.c.e8ca751f
 .debug_info    0x000000000001b184      0x327 /tmp/ccfeBMtR.debug.temp.o
                0x000000000001b184                LinkedList.c.9cfcfa22
 .debug_info    0x000000000001b4ab     0x10b0 /tmp/ccShwRYQ.debug.temp.o
                0x000000000001b4ab                SafeString.c.6d0a0ab2
 .debug_info    0x000000000001c55b      0x7a9 /tmp/ccBEYnCh.debug.temp.o
                0x000000000001c55b                String.c.403f7299
 .debug_info    0x000000000001cd04      0x228 /tmp/cct4n0Nt.debug.temp.o
                0x000000000001cd04                Unaligned.c.d6bfc38a
 .debug_info    0x000000000001cf2c      0x2e1 /tmp/ccTxfjvG.debug.temp.o
                0x000000000001cf2c                GccInline.c.b6dfd80d
 .debug_info    0x000000000001d20d      0x104 /tmp/cc2QN4qJ.debug.temp.o
                0x000000000001d20d                ZeroMemWrapper.c.b1bbd830
 .debug_info    0x000000000001d311      0x12d /tmp/ccVOc6za.debug.temp.o
                0x000000000001d311                CompareMemWrapper.c.a16ef10a
 .debug_info    0x000000000001d43e      0x119 /tmp/ccSdjiU5.debug.temp.o
                0x000000000001d43e                CopyMemWrapper.c.ccb78456
 .debug_info    0x000000000001d557      0x273 /tmp/cceZF2vb.debug.temp.o
                0x000000000001d557                MemLibGuid.c.e615e9e2
 .debug_info    0x000000000001d7ca      0x764 /tmp/ccxFRluD.debug.temp.o
                0x000000000001d7ca                PrintLibInternal.c.2c2a4429
 .debug_info    0x000000000001df2e      0x588 /tmp/ccJcTngI.debug.temp.o
                0x000000000001df2e                PrintLib.c.55baa820
 .debug_info    0x000000000001e4b6      0x340 /tmp/ccfdXApa.debug.temp.o
                0x000000000001e4b6                IoLibGcc.c.43a1b0da
 .debug_info    0x000000000001e7f6      0x612 /tmp/ccF9M9Ou.debug.temp.o
                0x000000000001e7f6                IoLibInternalTdx.c.c9d706e4
 .debug_info    0x000000000001ee08      0x2d8 /tmp/cccg2Nvc.debug.temp.o
                0x000000000001ee08                IoLibFifo.c.1b654917
 .debug_info    0x000000000001f0e0       0xcf /tmp/ccShO5xm.debug.temp.o
                0x000000000001f0e0                DebugIoPortQemu.c.cb008cb7
 .debug_info    0x000000000001f1af      0x393 /tmp/ccYvU0Vi.debug.temp.o
                0x000000000001f1af                DebugLib.c.705f4d08
 .debug_info    0x000000000001f542       0xc7 /tmp/ccJUykME.debug.temp.o
                0x000000000001f542                DebugLibDetect.c.1786d941
 .debug_info    0x000000000001f609      0x2d7 /tmp/ccsCun7Z.debug.temp.o
                0x000000000001f609                DxeCcProbeLib.c.d83f619a
 .debug_info    0x000000000001f8e0     0x1762 /tmp/ccLOgfFd.debug.temp.o
                0x000000000001f8e0                UefiBootServicesTableLib.c.ce98f12b
 .debug_info    0x0000000000021042     0x1359 /tmp/cc3AnEJP.debug.temp.o
                0x0000000000021042                MemoryAllocationLib.c.4956af3a
 .debug_info    0x000000000002239b     0x1739 /tmp/ccW6rHE2.debug.temp.o
                0x000000000002239b                UefiRuntimeServicesTableLib.c.cd2fa155
 .debug_info    0x0000000000023ad4     0x1eff /tmp/ccjdRayZ.debug.temp.o
                0x0000000000023ad4                UefiDevicePathLib.c.1fac2486
 .debug_info    0x00000000000259d3     0x2035 /tmp/ccXZdesi.debug.temp.o
                0x00000000000259d3                UefiDriverModel.c.ef37c836
 .debug_info    0x0000000000027a08     0x2597 /tmp/ccNLlsGS.debug.temp.o
                0x0000000000027a08                UefiLib.c.b44d0e21
 .debug_info    0x0000000000029f9f     0x1944 /tmp/ccfNRq7w.debug.temp.o
                0x0000000000029f9f                DriverEntryPoint.c.cfdb1fcc
 .debug_info    0x000000000002b8e3     0x140d /tmp/ccany2w2.debug.temp.o
                0x000000000002b8e3                ReportStatusCodeLib.c.fe30e275

.debug_abbrev   0x0000000000000000     0x3e96
 .debug_abbrev  0x0000000000000000      0x26c /tmp/ccKkTNcY.ltrans0.ltrans.o
 .debug_abbrev  0x000000000000026c      0x328 /tmp/ccwG6kue.debug.temp.o
 .debug_abbrev  0x0000000000000594      0x336 /tmp/cctjygCy.debug.temp.o
 .debug_abbrev  0x00000000000008ca      0x39d /tmp/cccCLSDd.debug.temp.o
 .debug_abbrev  0x0000000000000c67      0x31c /tmp/ccXqnCa7.debug.temp.o
 .debug_abbrev  0x0000000000000f83      0x124 /tmp/cc60oeF5.debug.temp.o
 .debug_abbrev  0x00000000000010a7      0x328 /tmp/ccjKoSlH.debug.temp.o
 .debug_abbrev  0x00000000000013cf      0x2bd /tmp/cc7mmlkc.debug.temp.o
 .debug_abbrev  0x000000000000168c       0xe0 /tmp/ccWxnFSO.debug.temp.o
 .debug_abbrev  0x000000000000176c       0x70 /tmp/ccKuCB8W.debug.temp.o
 .debug_abbrev  0x00000000000017dc      0x141 /tmp/ccfeBMtR.debug.temp.o
 .debug_abbrev  0x000000000000191d      0x1c7 /tmp/ccShwRYQ.debug.temp.o
 .debug_abbrev  0x0000000000001ae4      0x157 /tmp/ccBEYnCh.debug.temp.o
 .debug_abbrev  0x0000000000001c3b       0xb6 /tmp/cct4n0Nt.debug.temp.o
 .debug_abbrev  0x0000000000001cf1      0x135 /tmp/ccTxfjvG.debug.temp.o
 .debug_abbrev  0x0000000000001e26       0xb8 /tmp/cc2QN4qJ.debug.temp.o
 .debug_abbrev  0x0000000000001ede       0xb7 /tmp/ccVOc6za.debug.temp.o
 .debug_abbrev  0x0000000000001f95       0xbe /tmp/ccSdjiU5.debug.temp.o
 .debug_abbrev  0x0000000000002053      0x107 /tmp/cceZF2vb.debug.temp.o
 .debug_abbrev  0x000000000000215a      0x19f /tmp/ccxFRluD.debug.temp.o
 .debug_abbrev  0x00000000000022f9      0x15a /tmp/ccJcTngI.debug.temp.o
 .debug_abbrev  0x0000000000002453       0xfe /tmp/ccfdXApa.debug.temp.o
 .debug_abbrev  0x0000000000002551      0x16c /tmp/ccF9M9Ou.debug.temp.o
 .debug_abbrev  0x00000000000026bd       0xbd /tmp/cccg2Nvc.debug.temp.o
 .debug_abbrev  0x000000000000277a       0x81 /tmp/ccShO5xm.debug.temp.o
 .debug_abbrev  0x00000000000027fb      0x1b0 /tmp/ccYvU0Vi.debug.temp.o
 .debug_abbrev  0x00000000000029ab       0x80 /tmp/ccJUykME.debug.temp.o
 .debug_abbrev  0x0000000000002a2b       0xf8 /tmp/ccsCun7Z.debug.temp.o
 .debug_abbrev  0x0000000000002b23      0x201 /tmp/ccLOgfFd.debug.temp.o
 .debug_abbrev  0x0000000000002d24      0x26b /tmp/cc3AnEJP.debug.temp.o
 .debug_abbrev  0x0000000000002f8f      0x1d1 /tmp/ccW6rHE2.debug.temp.o
 .debug_abbrev  0x0000000000003160      0x2d9 /tmp/ccjdRayZ.debug.temp.o
 .debug_abbrev  0x0000000000003439      0x276 /tmp/ccXZdesi.debug.temp.o
 .debug_abbrev  0x00000000000036af      0x2e0 /tmp/ccNLlsGS.debug.temp.o
 .debug_abbrev  0x000000000000398f      0x254 /tmp/ccfNRq7w.debug.temp.o
 .debug_abbrev  0x0000000000003be3      0x2b3 /tmp/ccany2w2.debug.temp.o

.debug_loclists
                0x0000000000000000     0x6579
 .debug_loclists
                0x0000000000000000     0x6579 /tmp/ccKkTNcY.ltrans0.ltrans.o

.debug_aranges  0x0000000000000000      0x680
 .debug_aranges
                0x0000000000000000      0x680 /tmp/ccKkTNcY.ltrans0.ltrans.o

.debug_rnglists
                0x0000000000000000      0x8aa
 .debug_rnglists
                0x0000000000000000      0x8aa /tmp/ccKkTNcY.ltrans0.ltrans.o

.debug_line     0x0000000000000000     0x6d82
 .debug_line    0x0000000000000000     0x5cf5 /tmp/ccKkTNcY.ltrans0.ltrans.o
 .debug_line    0x0000000000005cf5       0xac /tmp/ccwG6kue.debug.temp.o
 .debug_line    0x0000000000005da1       0xcd /tmp/cctjygCy.debug.temp.o
 .debug_line    0x0000000000005e6e       0xf5 /tmp/cccCLSDd.debug.temp.o
 .debug_line    0x0000000000005f63       0xb1 /tmp/ccXqnCa7.debug.temp.o
 .debug_line    0x0000000000006014       0x6c /tmp/cc60oeF5.debug.temp.o
 .debug_line    0x0000000000006080       0xbf /tmp/ccjKoSlH.debug.temp.o
 .debug_line    0x000000000000613f       0x8a /tmp/cc7mmlkc.debug.temp.o
 .debug_line    0x00000000000061c9       0x51 /tmp/ccWxnFSO.debug.temp.o
 .debug_line    0x000000000000621a       0x4c /tmp/ccKuCB8W.debug.temp.o
 .debug_line    0x0000000000006266       0x5e /tmp/ccfeBMtR.debug.temp.o
 .debug_line    0x00000000000062c4       0x6d /tmp/ccShwRYQ.debug.temp.o
 .debug_line    0x0000000000006331       0x63 /tmp/ccBEYnCh.debug.temp.o
 .debug_line    0x0000000000006394       0x51 /tmp/cct4n0Nt.debug.temp.o
 .debug_line    0x00000000000063e5       0x4c /tmp/ccTxfjvG.debug.temp.o
 .debug_line    0x0000000000006431       0x51 /tmp/cc2QN4qJ.debug.temp.o
 .debug_line    0x0000000000006482       0x51 /tmp/ccVOc6za.debug.temp.o
 .debug_line    0x00000000000064d3       0x51 /tmp/ccSdjiU5.debug.temp.o
 .debug_line    0x0000000000006524       0x5a /tmp/cceZF2vb.debug.temp.o
 .debug_line    0x000000000000657e       0x68 /tmp/ccxFRluD.debug.temp.o
 .debug_line    0x00000000000065e6       0x5a /tmp/ccJcTngI.debug.temp.o
 .debug_line    0x0000000000006640       0x56 /tmp/ccfdXApa.debug.temp.o
 .debug_line    0x0000000000006696       0x64 /tmp/ccF9M9Ou.debug.temp.o
 .debug_line    0x00000000000066fa       0x4d /tmp/cccg2Nvc.debug.temp.o
 .debug_line    0x0000000000006747       0x55 /tmp/ccShO5xm.debug.temp.o
 .debug_line    0x000000000000679c       0x77 /tmp/ccYvU0Vi.debug.temp.o
 .debug_line    0x0000000000006813       0x51 /tmp/ccJUykME.debug.temp.o
 .debug_line    0x0000000000006864       0x63 /tmp/ccsCun7Z.debug.temp.o
 .debug_line    0x00000000000068c7       0x80 /tmp/ccLOgfFd.debug.temp.o
 .debug_line    0x0000000000006947       0x7b /tmp/cc3AnEJP.debug.temp.o
 .debug_line    0x00000000000069c2       0x7b /tmp/ccW6rHE2.debug.temp.o
 .debug_line    0x0000000000006a3d       0xa7 /tmp/ccjdRayZ.debug.temp.o
 .debug_line    0x0000000000006ae4       0xac /tmp/ccXZdesi.debug.temp.o
 .debug_line    0x0000000000006b90       0xac /tmp/ccNLlsGS.debug.temp.o
 .debug_line    0x0000000000006c3c       0x93 /tmp/ccfNRq7w.debug.temp.o
 .debug_line    0x0000000000006ccf       0xb3 /tmp/ccany2w2.debug.temp.o

.debug_str      0x0000000000000000     0x6c3b
 .debug_str     0x0000000000000000      0x18a /tmp/ccKkTNcY.ltrans0.ltrans.o
                                        0x19c (size before relaxing)
 .debug_str     0x000000000000018a     0x1e4b /tmp/ccwG6kue.debug.temp.o
                                       0x2251 (size before relaxing)
 .debug_str     0x0000000000001fd5      0x332 /tmp/cctjygCy.debug.temp.o
                                       0x212c (size before relaxing)
 .debug_str     0x0000000000002307     0x1401 /tmp/cccCLSDd.debug.temp.o
                                       0x382d (size before relaxing)
 .debug_str     0x0000000000003708      0x31b /tmp/ccXqnCa7.debug.temp.o
                                       0x244d (size before relaxing)
 .debug_str     0x0000000000003a23       0x8b /tmp/cc60oeF5.debug.temp.o
                                        0x470 (size before relaxing)
 .debug_str     0x0000000000003aae      0x28c /tmp/ccjKoSlH.debug.temp.o
                                       0x2438 (size before relaxing)
 .debug_str     0x0000000000003d3a      0x8ab /tmp/cc7mmlkc.debug.temp.o
                                       0x1c69 (size before relaxing)
 .debug_str     0x00000000000045e5       0x42 /tmp/ccWxnFSO.debug.temp.o
                                        0x271 (size before relaxing)
 .debug_str     0x0000000000004627       0x15 /tmp/ccKuCB8W.debug.temp.o
                                        0x20c (size before relaxing)
 .debug_str     0x000000000000463c       0xa6 /tmp/ccfeBMtR.debug.temp.o
                                        0x39d (size before relaxing)
 .debug_str     0x00000000000046e2      0x3c9 /tmp/ccShwRYQ.debug.temp.o
                                        0x80b (size before relaxing)
 .debug_str     0x0000000000004aab      0x1d3 /tmp/ccBEYnCh.debug.temp.o
                                        0x6c3 (size before relaxing)
 .debug_str     0x0000000000004c7e       0x94 /tmp/cct4n0Nt.debug.temp.o
                                        0x2cd (size before relaxing)
 .debug_str     0x0000000000004d12      0x130 /tmp/ccTxfjvG.debug.temp.o
                                        0x350 (size before relaxing)
 .debug_str     0x0000000000004e42       0x13 /tmp/cc2QN4qJ.debug.temp.o
                                        0x247 (size before relaxing)
 .debug_str     0x0000000000004e55       0x35 /tmp/ccVOc6za.debug.temp.o
                                        0x270 (size before relaxing)
 .debug_str     0x0000000000004e8a       0x13 /tmp/ccSdjiU5.debug.temp.o
                                        0x25f (size before relaxing)
 .debug_str     0x0000000000004e9d       0x9e /tmp/cceZF2vb.debug.temp.o
                                        0x336 (size before relaxing)
 .debug_str     0x0000000000004f3b      0x261 /tmp/ccxFRluD.debug.temp.o
                                        0x63a (size before relaxing)
 .debug_str     0x000000000000519c      0x147 /tmp/ccJcTngI.debug.temp.o
                                        0x438 (size before relaxing)
 .debug_str     0x00000000000052e3       0xe1 /tmp/ccfdXApa.debug.temp.o
                                        0x35f (size before relaxing)
 .debug_str     0x00000000000053c4      0x136 /tmp/ccF9M9Ou.debug.temp.o
                                        0x3e3 (size before relaxing)
 .debug_str     0x00000000000054fa       0x61 /tmp/cccg2Nvc.debug.temp.o
                                        0x321 (size before relaxing)
 .debug_str     0x000000000000555b       0x1d /tmp/ccShO5xm.debug.temp.o
                                        0x24d (size before relaxing)
 .debug_str     0x0000000000005578       0xa9 /tmp/ccYvU0Vi.debug.temp.o
                                        0x48d (size before relaxing)
 .debug_str     0x0000000000005621       0x26 /tmp/ccJUykME.debug.temp.o
                                        0x288 (size before relaxing)
 .debug_str     0x0000000000005647      0x17f /tmp/ccsCun7Z.debug.temp.o
                                        0x4b3 (size before relaxing)
 .debug_str     0x00000000000057c6     0x1323 /tmp/ccLOgfFd.debug.temp.o
 .debug_str     0x00000000000057c6      0x239 /tmp/cc3AnEJP.debug.temp.o
                                        0xf59 (size before relaxing)
 .debug_str     0x00000000000059ff     0x1319 /tmp/ccW6rHE2.debug.temp.o
 .debug_str     0x00000000000059ff      0x480 /tmp/ccjdRayZ.debug.temp.o
                                       0x1a04 (size before relaxing)
 .debug_str     0x0000000000005e7f      0x4e0 /tmp/ccXZdesi.debug.temp.o
                                       0x1c86 (size before relaxing)
 .debug_str     0x000000000000635f      0x5b6 /tmp/ccNLlsGS.debug.temp.o
                                       0x1be5 (size before relaxing)
 .debug_str     0x0000000000006915       0xb8 /tmp/ccfNRq7w.debug.temp.o
                                       0x14bc (size before relaxing)
 .debug_str     0x00000000000069cd      0x26e /tmp/ccany2w2.debug.temp.o
                                       0x113a (size before relaxing)

.debug_line_str
                0x0000000000000000     0x21d2
 .debug_line_str
                0x0000000000000000      0x560 /tmp/ccKkTNcY.ltrans0.ltrans.o
                                        0x7ef (size before relaxing)
 .debug_line_str
                0x0000000000000560      0x2cb /tmp/ccwG6kue.debug.temp.o
                                        0x38c (size before relaxing)
 .debug_line_str
                0x000000000000082b       0xd7 /tmp/cctjygCy.debug.temp.o
                                        0x488 (size before relaxing)
 .debug_line_str
                0x0000000000000902       0xc1 /tmp/cccCLSDd.debug.temp.o
                                        0x4f2 (size before relaxing)
 .debug_line_str
                0x00000000000009c3       0x51 /tmp/ccXqnCa7.debug.temp.o
                                        0x393 (size before relaxing)
 .debug_line_str
                0x0000000000000a14       0x58 /tmp/cc60oeF5.debug.temp.o
                                        0x2a2 (size before relaxing)
 .debug_line_str
                0x0000000000000a6c       0x55 /tmp/ccjKoSlH.debug.temp.o
                                        0x42e (size before relaxing)
 .debug_line_str
                0x0000000000000ac1       0x96 /tmp/cc7mmlkc.debug.temp.o
                                        0x354 (size before relaxing)
 .debug_line_str
                0x0000000000000b57       0xaf /tmp/ccWxnFSO.debug.temp.o
                                        0x19a (size before relaxing)
 .debug_line_str
                0x0000000000000c06       0x4e /tmp/ccKuCB8W.debug.temp.o
                                        0x197 (size before relaxing)
 .debug_line_str
                0x0000000000000c54       0xb8 /tmp/ccfeBMtR.debug.temp.o
                                        0x24a (size before relaxing)
 .debug_line_str
                0x0000000000000d0c       0x60 /tmp/ccShwRYQ.debug.temp.o
                                        0x277 (size before relaxing)
 .debug_line_str
                0x0000000000000d6c       0x49 /tmp/ccBEYnCh.debug.temp.o
                                        0x24c (size before relaxing)
 .debug_line_str
                0x0000000000000db5       0x4c /tmp/cct4n0Nt.debug.temp.o
                                        0x19e (size before relaxing)
 .debug_line_str
                0x0000000000000e01       0x50 /tmp/ccTxfjvG.debug.temp.o
                                        0x19b (size before relaxing)
 .debug_line_str
                0x0000000000000e51       0xec /tmp/cc2QN4qJ.debug.temp.o
                                        0x1e0 (size before relaxing)
 .debug_line_str
                0x0000000000000f3d       0x60 /tmp/ccVOc6za.debug.temp.o
                                        0x1e6 (size before relaxing)
 .debug_line_str
                0x0000000000000f9d       0x5d /tmp/ccSdjiU5.debug.temp.o
                                        0x1e0 (size before relaxing)
 .debug_line_str
                0x0000000000000ffa       0x59 /tmp/cceZF2vb.debug.temp.o
                                        0x20f (size before relaxing)
 .debug_line_str
                0x0000000000001053      0x14f /tmp/ccxFRluD.debug.temp.o
                                        0x291 (size before relaxing)
 .debug_line_str
                0x00000000000011a2       0x50 /tmp/ccJcTngI.debug.temp.o
                                        0x1f8 (size before relaxing)
 .debug_line_str
                0x00000000000011f2       0xf3 /tmp/ccfdXApa.debug.temp.o
                                        0x1e0 (size before relaxing)
 .debug_line_str
                0x00000000000012e5       0x95 /tmp/ccF9M9Ou.debug.temp.o
                                        0x24a (size before relaxing)
 .debug_line_str
                0x000000000000137a       0x62 /tmp/cccg2Nvc.debug.temp.o
                                        0x18e (size before relaxing)
 .debug_line_str
                0x00000000000013dc      0x178 /tmp/ccShO5xm.debug.temp.o
                                        0x270 (size before relaxing)
 .debug_line_str
                0x0000000000001554       0x91 /tmp/ccYvU0Vi.debug.temp.o
                                        0x2f1 (size before relaxing)
 .debug_line_str
                0x00000000000015e5       0x61 /tmp/ccJUykME.debug.temp.o
                                        0x1e2 (size before relaxing)
 .debug_line_str
                0x0000000000001646      0x107 /tmp/ccsCun7Z.debug.temp.o
                                        0x253 (size before relaxing)
 .debug_line_str
                0x000000000000174d       0xf3 /tmp/ccLOgfFd.debug.temp.o
                                        0x325 (size before relaxing)
 .debug_line_str
                0x0000000000001840       0xeb /tmp/cc3AnEJP.debug.temp.o
                                        0x308 (size before relaxing)
 .debug_line_str
                0x000000000000192b       0xff /tmp/ccW6rHE2.debug.temp.o
                                        0x31c (size before relaxing)
 .debug_line_str
                0x0000000000001a2a      0x1ee /tmp/ccjdRayZ.debug.temp.o
                                        0x45e (size before relaxing)
 .debug_line_str
                0x0000000000001c18      0x178 /tmp/ccXZdesi.debug.temp.o
                                        0x3cb (size before relaxing)
 .debug_line_str
                0x0000000000001d90       0x7b /tmp/ccNLlsGS.debug.temp.o
                                        0x3af (size before relaxing)
 .debug_line_str
                0x0000000000001e0b      0x172 /tmp/ccfNRq7w.debug.temp.o
                                        0x3b9 (size before relaxing)
 .debug_line_str
                0x0000000000001f7d      0x255 /tmp/ccany2w2.debug.temp.o
                                        0x4f2 (size before relaxing)

.debug_frame    0x0000000000000000     0x1468
 .debug_frame   0x0000000000000000     0x1468 /tmp/ccKkTNcY.ltrans0.ltrans.o
