Address  Size     Align Out     In      Symbol
00000220 00001797  4096 .text
00000220 00000116    16         /home/gl055/Research/Bootloaders/auto-harness-generation/edk2/Build/OvmfX64/DEBUG_CLANGPDB/X64/MdePkg/Library/BaseIoLibIntrinsic/BaseIoLibIntrinsicSev/OUTPUT/X64/IoFifoSev.obj:(.text)
00000220 00000000     0                 SevNoRepIo
0000025a 00000000     0                 @UseRepIo
0000025c 00000000     0                 @SevNoRepIo_Done
00000260 00000000     0                 SevIoReadFifo8
00000274 00000000     0                 @IoReadFifo8_NoRep
00000276 00000000     0                 @IoReadFifo8_Loop
0000027e 00000000     0                 @IoReadFifo8_Done
00000282 00000000     0                 SevIoReadFifo16
00000297 00000000     0                 @IoReadFifo16_NoRep
00000299 00000000     0                 @IoReadFifo16_Loop
000002a4 00000000     0                 @IoReadFifo16_Done
000002a8 00000000     0                 SevIoReadFifo32
000002bc 00000000     0                 @IoReadFifo32_NoRep
000002be 00000000     0                 @IoReadFifo32_Loop
000002c7 00000000     0                 @IoReadFifo32_Done
000002cb 00000000     0                 SevIoWriteFifo8
000002cb 00000000     0                 SevIoWriteFifo8
000002df 00000000     0                 @IoWriteFifo8_NoRep
000002e1 00000000     0                 @IoWriteFifo8_Loop
000002e9 00000000     0                 @IoWriteFifo8_Done
000002ed 00000000     0                 SevIoWriteFifo16
00000302 00000000     0                 @IoWriteFifo16_NoRep
00000304 00000000     0                 @IoWriteFifo16_Loop
0000030f 00000000     0                 @IoWriteFifo16_Done
00000313 00000000     0                 SevIoWriteFifo32
00000327 00000000     0                 @IoWriteFifo32_NoRep
00000329 00000000     0                 @IoWriteFifo32_Loop
00000332 00000000     0                 @IoWriteFifo32_Done
00000340 00000011    16         /home/gl055/Research/Bootloaders/auto-harness-generation/edk2/Build/OvmfX64/DEBUG_CLANGPDB/X64/MdePkg/Library/BaseMemoryLibRepStr/BaseMemoryLibRepStr/OUTPUT/X64/SetMem.obj:(.text)
00000340 00000000     0                 InternalMemSetMem
00000360 00000081    16         /home/gl055/Research/Bootloaders/auto-harness-generation/edk2/Build/OvmfX64/DEBUG_CLANGPDB/X64/MdePkg/Library/BaseLib/BaseLib/OUTPUT/X64/TdVmcall.obj:(.text)
00000360 00000000     0                 TdVmCall
00000360 00000000     0                 TdVmCall
000003be 00000000     0                 TdVmCall.no_return_data
000003f0 00000012    16         /home/gl055/Research/Bootloaders/auto-harness-generation/edk2/Build/OvmfX64/DEBUG_CLANGPDB/X64/MdePkg/Library/BaseMemoryLibRepStr/BaseMemoryLibRepStr/OUTPUT/X64/SetMem64.obj:(.text)
000003f0 00000000     0                 InternalMemSetMem64
00000410 00000058    16         /home/gl055/Research/Bootloaders/auto-harness-generation/edk2/Build/OvmfX64/DEBUG_CLANGPDB/X64/MdePkg/Library/BaseLib/BaseLib/OUTPUT/X64/TdCall.obj:(.text)
00000410 00000000     0                 TdCall
0000045b 00000000     0                 TdCall.exit
00000470 0000003c    16         /home/gl055/Research/Bootloaders/auto-harness-generation/edk2/Build/OvmfX64/DEBUG_CLANGPDB/X64/MdePkg/Library/BaseMemoryLibRepStr/BaseMemoryLibRepStr/OUTPUT/X64/CopyMem.obj:(.text)
00000470 00000000     0                 InternalMemCopyMem
0000048a 00000000     0                 InternalMemCopyMem.0
0000049a 00000000     0                 @CopyBackward
000004a3 00000000     0                 @CopyBytes
000004b0 0000001d    16         /home/gl055/Research/Bootloaders/auto-harness-generation/edk2/Build/OvmfX64/DEBUG_CLANGPDB/X64/MdePkg/Library/BaseMemoryLibRepStr/BaseMemoryLibRepStr/OUTPUT/X64/ZeroMem.obj:(.text)
000004b0 00000000     0                 InternalMemZeroMem
000004d0 00000000     4         /home/gl055/Research/Bootloaders/auto-harness-generation/edk2/Build/OvmfX64/DEBUG_CLANGPDB/X64/MdeModulePkg/Universal/Disk/UnicodeCollation/EnglishDxe/EnglishDxe/DEBUG/EnglishDxe.dll.lto.obj:(.text)
000004d0 00000023     1         /home/gl055/Research/Bootloaders/auto-harness-generation/edk2/Build/OvmfX64/DEBUG_CLANGPDB/X64/MdeModulePkg/Universal/Disk/UnicodeCollation/EnglishDxe/EnglishDxe/DEBUG/EnglishDxe.dll.lto.obj:(.text$AsciiSPrint)
000004d0 00000000     0                 AsciiSPrint
000004f3 00000020     1         /home/gl055/Research/Bootloaders/auto-harness-generation/edk2/Build/OvmfX64/DEBUG_CLANGPDB/X64/MdeModulePkg/Universal/Disk/UnicodeCollation/EnglishDxe/EnglishDxe/DEBUG/EnglishDxe.dll.lto.obj:(.text$AsciiStrnLenS)
000004f3 00000000     0                 AsciiStrnLenS
00000513 00000010     1         /home/gl055/Research/Bootloaders/auto-harness-generation/edk2/Build/OvmfX64/DEBUG_CLANGPDB/X64/MdeModulePkg/Universal/Disk/UnicodeCollation/EnglishDxe/EnglishDxe/DEBUG/EnglishDxe.dll.lto.obj:(.text$AsciiVSPrint)
00000513 00000000     0                 AsciiVSPrint
00000523 0000001a     1         /home/gl055/Research/Bootloaders/auto-harness-generation/edk2/Build/OvmfX64/DEBUG_CLANGPDB/X64/MdeModulePkg/Universal/Disk/UnicodeCollation/EnglishDxe/EnglishDxe/DEBUG/EnglishDxe.dll.lto.obj:(.text$BasePrintLibFillBuffer)
00000523 00000000     0                 BasePrintLibFillBuffer
0000053d 00000021     1         /home/gl055/Research/Bootloaders/auto-harness-generation/edk2/Build/OvmfX64/DEBUG_CLANGPDB/X64/MdeModulePkg/Universal/Disk/UnicodeCollation/EnglishDxe/EnglishDxe/DEBUG/EnglishDxe.dll.lto.obj:(.text$BasePrintLibSPrint)
0000053d 00000000     0                 BasePrintLibSPrint
00000560 00000e14     4         /home/gl055/Research/Bootloaders/auto-harness-generation/edk2/Build/OvmfX64/DEBUG_CLANGPDB/X64/MdeModulePkg/Universal/Disk/UnicodeCollation/EnglishDxe/EnglishDxe/DEBUG/EnglishDxe.dll.lto.obj:(.text$BasePrintLibSPrintMarker)
00000560 00000000     0                 BasePrintLibSPrintMarker
00001374 00000056     1         /home/gl055/Research/Bootloaders/auto-harness-generation/edk2/Build/OvmfX64/DEBUG_CLANGPDB/X64/MdeModulePkg/Universal/Disk/UnicodeCollation/EnglishDxe/EnglishDxe/DEBUG/EnglishDxe.dll.lto.obj:(.text$DebugAssert)
00001374 00000000     0                 DebugAssert
000013ca 00000053     1         /home/gl055/Research/Bootloaders/auto-harness-generation/edk2/Build/OvmfX64/DEBUG_CLANGPDB/X64/MdeModulePkg/Universal/Disk/UnicodeCollation/EnglishDxe/EnglishDxe/DEBUG/EnglishDxe.dll.lto.obj:(.text$DebugPrint)
000013ca 00000000     0                 DebugPrint
0000141d 00000022     1         /home/gl055/Research/Bootloaders/auto-harness-generation/edk2/Build/OvmfX64/DEBUG_CLANGPDB/X64/MdeModulePkg/Universal/Disk/UnicodeCollation/EnglishDxe/EnglishDxe/DEBUG/EnglishDxe.dll.lto.obj:(.text$EngFatToStr)
0000141d 00000000     0                 EngFatToStr
0000143f 0000018d     1         /home/gl055/Research/Bootloaders/auto-harness-generation/edk2/Build/OvmfX64/DEBUG_CLANGPDB/X64/MdeModulePkg/Universal/Disk/UnicodeCollation/EnglishDxe/EnglishDxe/DEBUG/EnglishDxe.dll.lto.obj:(.text$EngMetaiMatch)
0000143f 00000000     0                 EngMetaiMatch
000015cc 00000024     1         /home/gl055/Research/Bootloaders/auto-harness-generation/edk2/Build/OvmfX64/DEBUG_CLANGPDB/X64/MdeModulePkg/Universal/Disk/UnicodeCollation/EnglishDxe/EnglishDxe/DEBUG/EnglishDxe.dll.lto.obj:(.text$EngStrLwr)
000015cc 00000000     0                 EngStrLwr
000015f0 00000057     1         /home/gl055/Research/Bootloaders/auto-harness-generation/edk2/Build/OvmfX64/DEBUG_CLANGPDB/X64/MdeModulePkg/Universal/Disk/UnicodeCollation/EnglishDxe/EnglishDxe/DEBUG/EnglishDxe.dll.lto.obj:(.text$EngStrToFat)
000015f0 00000000     0                 EngStrToFat
00001647 00000024     1         /home/gl055/Research/Bootloaders/auto-harness-generation/edk2/Build/OvmfX64/DEBUG_CLANGPDB/X64/MdeModulePkg/Universal/Disk/UnicodeCollation/EnglishDxe/EnglishDxe/DEBUG/EnglishDxe.dll.lto.obj:(.text$EngStrUpr)
00001647 00000000     0                 EngStrUpr
0000166b 00000079     1         /home/gl055/Research/Bootloaders/auto-harness-generation/edk2/Build/OvmfX64/DEBUG_CLANGPDB/X64/MdeModulePkg/Universal/Disk/UnicodeCollation/EnglishDxe/EnglishDxe/DEBUG/EnglishDxe.dll.lto.obj:(.text$EngStriColl)
0000166b 00000000     0                 EngStriColl
000016e4 0000008e     1         /home/gl055/Research/Bootloaders/auto-harness-generation/edk2/Build/OvmfX64/DEBUG_CLANGPDB/X64/MdeModulePkg/Universal/Disk/UnicodeCollation/EnglishDxe/EnglishDxe/DEBUG/EnglishDxe.dll.lto.obj:(.text$IoWriteFifo8)
000016e4 00000000     0                 IoWriteFifo8
00001772 0000002b     1         /home/gl055/Research/Bootloaders/auto-harness-generation/edk2/Build/OvmfX64/DEBUG_CLANGPDB/X64/MdeModulePkg/Universal/Disk/UnicodeCollation/EnglishDxe/EnglishDxe/DEBUG/EnglishDxe.dll.lto.obj:(.text$IsTdxGuest)
00001772 00000000     0                 IsTdxGuest
0000179d 0000008c     1         /home/gl055/Research/Bootloaders/auto-harness-generation/edk2/Build/OvmfX64/DEBUG_CLANGPDB/X64/MdeModulePkg/Universal/Disk/UnicodeCollation/EnglishDxe/EnglishDxe/DEBUG/EnglishDxe.dll.lto.obj:(.text$PlatformDebugLibIoPortFound)
0000179d 00000000     0                 PlatformDebugLibIoPortFound
00001829 0000018e     1         /home/gl055/Research/Bootloaders/auto-harness-generation/edk2/Build/OvmfX64/DEBUG_CLANGPDB/X64/MdeModulePkg/Universal/Disk/UnicodeCollation/EnglishDxe/EnglishDxe/DEBUG/EnglishDxe.dll.lto.obj:(.text$_ModuleEntryPoint)
00001829 00000000     0                 _ModuleEntryPoint
000019c0 00000703  4096 .rdata
000019c0 00000014     1         /home/gl055/Research/Bootloaders/auto-harness-generation/edk2/Build/OvmfX64/DEBUG_CLANGPDB/X64/MdeModulePkg/Universal/Disk/UnicodeCollation/EnglishDxe/EnglishDxe/DEBUG/EnglishDxe.dll.lto.obj:(.rdata)
000019c0 00000000     0                 .str.2.23
000019d4 0000001b     1         /home/gl055/Research/Bootloaders/auto-harness-generation/edk2/Build/OvmfX64/DEBUG_CLANGPDB/X64/MdeModulePkg/Universal/Disk/UnicodeCollation/EnglishDxe/EnglishDxe/DEBUG/EnglishDxe.dll.lto.obj:(.rdata)
000019d4 00000000     0                 .str.32
000019ef 0000001d     1         /home/gl055/Research/Bootloaders/auto-harness-generation/edk2/Build/OvmfX64/DEBUG_CLANGPDB/X64/MdeModulePkg/Universal/Disk/UnicodeCollation/EnglishDxe/EnglishDxe/DEBUG/EnglishDxe.dll.lto.obj:(.rdata)
000019ef 00000000     0                 .str.1.33
00001a0c 00000014     1         /home/gl055/Research/Bootloaders/auto-harness-generation/edk2/Build/OvmfX64/DEBUG_CLANGPDB/X64/MdeModulePkg/Universal/Disk/UnicodeCollation/EnglishDxe/EnglishDxe/DEBUG/EnglishDxe.dll.lto.obj:(.rdata)
00001a0c 00000000     0                 .str.2.36
00001a20 00000014     1         /home/gl055/Research/Bootloaders/auto-harness-generation/edk2/Build/OvmfX64/DEBUG_CLANGPDB/X64/MdeModulePkg/Universal/Disk/UnicodeCollation/EnglishDxe/EnglishDxe/DEBUG/EnglishDxe.dll.lto.obj:(.rdata)
00001a20 00000000     0                 .str.3.39
00001a34 00000004     1         /home/gl055/Research/Bootloaders/auto-harness-generation/edk2/Build/OvmfX64/DEBUG_CLANGPDB/X64/MdeModulePkg/Universal/Disk/UnicodeCollation/EnglishDxe/EnglishDxe/DEBUG/EnglishDxe.dll.lto.obj:(.rdata)
00001a34 00000000     0                 .str.52
00001a38 00000003     1         /home/gl055/Research/Bootloaders/auto-harness-generation/edk2/Build/OvmfX64/DEBUG_CLANGPDB/X64/MdeModulePkg/Universal/Disk/UnicodeCollation/EnglishDxe/EnglishDxe/DEBUG/EnglishDxe.dll.lto.obj:(.rdata)
00001a38 00000000     0                 .str.1.51
00001a3b 00000021     1         /home/gl055/Research/Bootloaders/auto-harness-generation/edk2/Build/OvmfX64/DEBUG_CLANGPDB/X64/MdeModulePkg/Universal/Disk/UnicodeCollation/EnglishDxe/EnglishDxe/DEBUG/EnglishDxe.dll.lto.obj:(.rdata)
00001a3b 00000000     0                 .str.2.48
00001a5c 00000016     1         /home/gl055/Research/Bootloaders/auto-harness-generation/edk2/Build/OvmfX64/DEBUG_CLANGPDB/X64/MdeModulePkg/Universal/Disk/UnicodeCollation/EnglishDxe/EnglishDxe/DEBUG/EnglishDxe.dll.lto.obj:(.rdata)
00001a5c 00000000     0                 .str.3.49
00001a72 00000027     1         /home/gl055/Research/Bootloaders/auto-harness-generation/edk2/Build/OvmfX64/DEBUG_CLANGPDB/X64/MdeModulePkg/Universal/Disk/UnicodeCollation/EnglishDxe/EnglishDxe/DEBUG/EnglishDxe.dll.lto.obj:(.rdata)
00001a72 00000000     0                 .str.4.50
00001a99 00000013     1         /home/gl055/Research/Bootloaders/auto-harness-generation/edk2/Build/OvmfX64/DEBUG_CLANGPDB/X64/MdeModulePkg/Universal/Disk/UnicodeCollation/EnglishDxe/EnglishDxe/DEBUG/EnglishDxe.dll.lto.obj:(.rdata)
00001a99 00000000     0                 .str.71
00001aac 00000019     1         /home/gl055/Research/Bootloaders/auto-harness-generation/edk2/Build/OvmfX64/DEBUG_CLANGPDB/X64/MdeModulePkg/Universal/Disk/UnicodeCollation/EnglishDxe/EnglishDxe/DEBUG/EnglishDxe.dll.lto.obj:(.rdata)
00001aac 00000000     0                 .str.5.72
00001ac5 00000019     1         /home/gl055/Research/Bootloaders/auto-harness-generation/edk2/Build/OvmfX64/DEBUG_CLANGPDB/X64/MdeModulePkg/Universal/Disk/UnicodeCollation/EnglishDxe/EnglishDxe/DEBUG/EnglishDxe.dll.lto.obj:(.rdata)
00001ac5 00000000     0                 .str.12
00001ade 00000083     1         /home/gl055/Research/Bootloaders/auto-harness-generation/edk2/Build/OvmfX64/DEBUG_CLANGPDB/X64/MdeModulePkg/Universal/Disk/UnicodeCollation/EnglishDxe/EnglishDxe/DEBUG/EnglishDxe.dll.lto.obj:(.rdata)
00001ade 00000000     0                 .str.15
00001b61 0000000e     1         /home/gl055/Research/Bootloaders/auto-harness-generation/edk2/Build/OvmfX64/DEBUG_CLANGPDB/X64/MdeModulePkg/Universal/Disk/UnicodeCollation/EnglishDxe/EnglishDxe/DEBUG/EnglishDxe.dll.lto.obj:(.rdata)
00001b61 00000000     0                 .str.16
00001b6f 0000000c     1         /home/gl055/Research/Bootloaders/auto-harness-generation/edk2/Build/OvmfX64/DEBUG_CLANGPDB/X64/MdeModulePkg/Universal/Disk/UnicodeCollation/EnglishDxe/EnglishDxe/DEBUG/EnglishDxe.dll.lto.obj:(.rdata)
00001b6f 00000000     0                 .str.17
00001b7b 00000031     1         /home/gl055/Research/Bootloaders/auto-harness-generation/edk2/Build/OvmfX64/DEBUG_CLANGPDB/X64/MdeModulePkg/Universal/Disk/UnicodeCollation/EnglishDxe/EnglishDxe/DEBUG/EnglishDxe.dll.lto.obj:(.rdata)
00001b7b 00000000     0                 .str.18
00001bac 0000000c     1         /home/gl055/Research/Bootloaders/auto-harness-generation/edk2/Build/OvmfX64/DEBUG_CLANGPDB/X64/MdeModulePkg/Universal/Disk/UnicodeCollation/EnglishDxe/EnglishDxe/DEBUG/EnglishDxe.dll.lto.obj:(.rdata)
00001bac 00000000     0                 .str.19.73
00001bb8 0000001a     1         /home/gl055/Research/Bootloaders/auto-harness-generation/edk2/Build/OvmfX64/DEBUG_CLANGPDB/X64/MdeModulePkg/Universal/Disk/UnicodeCollation/EnglishDxe/EnglishDxe/DEBUG/EnglishDxe.dll.lto.obj:(.rdata)
00001bb8 00000000     0                 .str.20
00001bd2 00000005     1         /home/gl055/Research/Bootloaders/auto-harness-generation/edk2/Build/OvmfX64/DEBUG_CLANGPDB/X64/MdeModulePkg/Universal/Disk/UnicodeCollation/EnglishDxe/EnglishDxe/DEBUG/EnglishDxe.dll.lto.obj:(.rdata)
00001bd2 00000000     0                 .str.21
00001bd7 00000003     1         /home/gl055/Research/Bootloaders/auto-harness-generation/edk2/Build/OvmfX64/DEBUG_CLANGPDB/X64/MdeModulePkg/Universal/Disk/UnicodeCollation/EnglishDxe/EnglishDxe/DEBUG/EnglishDxe.dll.lto.obj:(.rdata)
00001bd7 00000000     0                 .str.22
00001bda 00000002     1         /home/gl055/Research/Bootloaders/auto-harness-generation/edk2/Build/OvmfX64/DEBUG_CLANGPDB/X64/MdeModulePkg/Universal/Disk/UnicodeCollation/EnglishDxe/EnglishDxe/DEBUG/EnglishDxe.dll.lto.obj:(.rdata)
00001bda 00000000     0                 .str.23
00001bdc 00000017     1         /home/gl055/Research/Bootloaders/auto-harness-generation/edk2/Build/OvmfX64/DEBUG_CLANGPDB/X64/MdeModulePkg/Universal/Disk/UnicodeCollation/EnglishDxe/EnglishDxe/DEBUG/EnglishDxe.dll.lto.obj:(.rdata)
00001bdc 00000000     0                 .str.1.94
00001c00 000002df    16         /home/gl055/Research/Bootloaders/auto-harness-generation/edk2/Build/OvmfX64/DEBUG_CLANGPDB/X64/MdeModulePkg/Universal/Disk/UnicodeCollation/EnglishDxe/EnglishDxe/DEBUG/EnglishDxe.dll.lto.obj:(.rdata$mErrorString)
00001c00 00000000     0                 mErrorString
00001ee0 00000010    16         /home/gl055/Research/Bootloaders/auto-harness-generation/edk2/Build/OvmfX64/DEBUG_CLANGPDB/X64/MdeModulePkg/Universal/Disk/UnicodeCollation/EnglishDxe/EnglishDxe/DEBUG/EnglishDxe.dll.lto.obj:(.rdata$mHexStr)
00001ee0 00000000     0                 mHexStr
00001ef0 0000001d    16         /home/gl055/Research/Bootloaders/auto-harness-generation/edk2/Build/OvmfX64/DEBUG_CLANGPDB/X64/MdeModulePkg/Universal/Disk/UnicodeCollation/EnglishDxe/EnglishDxe/DEBUG/EnglishDxe.dll.lto.obj:(.rdata$mOtherChars)
00001ef0 00000000     0                 mOtherChars
00001f10 000000c8    16         /home/gl055/Research/Bootloaders/auto-harness-generation/edk2/Build/OvmfX64/DEBUG_CLANGPDB/X64/MdeModulePkg/Universal/Disk/UnicodeCollation/EnglishDxe/EnglishDxe/DEBUG/EnglishDxe.dll.lto.obj:(.rdata$mWarningString)
00001f10 00000000     0                 mWarningString
000020e0 000003b8  4096 .data
000020e0 00000000     4         /home/gl055/Research/Bootloaders/auto-harness-generation/edk2/Build/OvmfX64/DEBUG_CLANGPDB/X64/MdeModulePkg/Universal/Disk/UnicodeCollation/EnglishDxe/EnglishDxe/DEBUG/EnglishDxe.dll.lto.obj:(.data)
000020e0 00000038     8         /home/gl055/Research/Bootloaders/auto-harness-generation/edk2/Build/OvmfX64/DEBUG_CLANGPDB/X64/MdeModulePkg/Universal/Disk/UnicodeCollation/EnglishDxe/EnglishDxe/DEBUG/EnglishDxe.dll.lto.obj:(.data$Unicode2Eng)
000020e0 00000000     0                 Unicode2Eng
00002118 00000038     8         /home/gl055/Research/Bootloaders/auto-harness-generation/edk2/Build/OvmfX64/DEBUG_CLANGPDB/X64/MdeModulePkg/Universal/Disk/UnicodeCollation/EnglishDxe/EnglishDxe/DEBUG/EnglishDxe.dll.lto.obj:(.data$UnicodeEng)
00002118 00000000     0                 UnicodeEng
00002150 00000010     4         /home/gl055/Research/Bootloaders/auto-harness-generation/edk2/Build/OvmfX64/DEBUG_CLANGPDB/X64/MdeModulePkg/Universal/Disk/UnicodeCollation/EnglishDxe/EnglishDxe/DEBUG/EnglishDxe.dll.lto.obj:(.data$gEfiUnicodeCollation2ProtocolGuid)
00002150 00000000     0                 gEfiUnicodeCollation2ProtocolGuid
00002160 00000010     4         /home/gl055/Research/Bootloaders/auto-harness-generation/edk2/Build/OvmfX64/DEBUG_CLANGPDB/X64/MdeModulePkg/Universal/Disk/UnicodeCollation/EnglishDxe/EnglishDxe/DEBUG/EnglishDxe.dll.lto.obj:(.data$gEfiUnicodeCollationProtocolGuid)
00002160 00000000     0                 gEfiUnicodeCollationProtocolGuid
00002170 00000000     4         /home/gl055/Research/Bootloaders/auto-harness-generation/edk2/Build/OvmfX64/DEBUG_CLANGPDB/X64/MdeModulePkg/Universal/Disk/UnicodeCollation/EnglishDxe/EnglishDxe/DEBUG/EnglishDxe.dll.lto.obj:(.bss)
00002170 00000008     8         /home/gl055/Research/Bootloaders/auto-harness-generation/edk2/Build/OvmfX64/DEBUG_CLANGPDB/X64/MdeModulePkg/Universal/Disk/UnicodeCollation/EnglishDxe/EnglishDxe/DEBUG/EnglishDxe.dll.lto.obj:(.bss$gBS)
00002170 00000000     0                 gBS
00002178 00000008     8         /home/gl055/Research/Bootloaders/auto-harness-generation/edk2/Build/OvmfX64/DEBUG_CLANGPDB/X64/MdeModulePkg/Universal/Disk/UnicodeCollation/EnglishDxe/EnglishDxe/DEBUG/EnglishDxe.dll.lto.obj:(.bss$gImageHandle)
00002178 00000000     0                 gImageHandle
00002180 00000008     8         /home/gl055/Research/Bootloaders/auto-harness-generation/edk2/Build/OvmfX64/DEBUG_CLANGPDB/X64/MdeModulePkg/Universal/Disk/UnicodeCollation/EnglishDxe/EnglishDxe/DEBUG/EnglishDxe.dll.lto.obj:(.bss$gST)
00002180 00000000     0                 gST
00002188 00000001     1         /home/gl055/Research/Bootloaders/auto-harness-generation/edk2/Build/OvmfX64/DEBUG_CLANGPDB/X64/MdeModulePkg/Universal/Disk/UnicodeCollation/EnglishDxe/EnglishDxe/DEBUG/EnglishDxe.dll.lto.obj:(.bss$mCcProbeGuestType)
00002188 00000000     0                 mCcProbeGuestType
00002189 00000001     1         /home/gl055/Research/Bootloaders/auto-harness-generation/edk2/Build/OvmfX64/DEBUG_CLANGPDB/X64/MdeModulePkg/Universal/Disk/UnicodeCollation/EnglishDxe/EnglishDxe/DEBUG/EnglishDxe.dll.lto.obj:(.bss$mCcProbed)
00002189 00000000     0                 mCcProbed
0000218a 00000001     1         /home/gl055/Research/Bootloaders/auto-harness-generation/edk2/Build/OvmfX64/DEBUG_CLANGPDB/X64/MdeModulePkg/Universal/Disk/UnicodeCollation/EnglishDxe/EnglishDxe/DEBUG/EnglishDxe.dll.lto.obj:(.bss$mDebugIoPortChecked)
0000218a 00000000     0                 mDebugIoPortChecked
0000218b 00000001     1         /home/gl055/Research/Bootloaders/auto-harness-generation/edk2/Build/OvmfX64/DEBUG_CLANGPDB/X64/MdeModulePkg/Universal/Disk/UnicodeCollation/EnglishDxe/EnglishDxe/DEBUG/EnglishDxe.dll.lto.obj:(.bss$mDebugIoPortFound)
0000218b 00000000     0                 mDebugIoPortFound
00002190 00000100    16         /home/gl055/Research/Bootloaders/auto-harness-generation/edk2/Build/OvmfX64/DEBUG_CLANGPDB/X64/MdeModulePkg/Universal/Disk/UnicodeCollation/EnglishDxe/EnglishDxe/DEBUG/EnglishDxe.dll.lto.obj:(.bss$mEngInfoMap)
00002190 00000000     0                 mEngInfoMap
00002290 00000100    16         /home/gl055/Research/Bootloaders/auto-harness-generation/edk2/Build/OvmfX64/DEBUG_CLANGPDB/X64/MdeModulePkg/Universal/Disk/UnicodeCollation/EnglishDxe/EnglishDxe/DEBUG/EnglishDxe.dll.lto.obj:(.bss$mEngLowerMap)
00002290 00000000     0                 mEngLowerMap
00002390 00000100    16         /home/gl055/Research/Bootloaders/auto-harness-generation/edk2/Build/OvmfX64/DEBUG_CLANGPDB/X64/MdeModulePkg/Universal/Disk/UnicodeCollation/EnglishDxe/EnglishDxe/DEBUG/EnglishDxe.dll.lto.obj:(.bss$mEngUpperMap)
00002390 00000000     0                 mEngUpperMap
00002490 00000008     8         /home/gl055/Research/Bootloaders/auto-harness-generation/edk2/Build/OvmfX64/DEBUG_CLANGPDB/X64/MdeModulePkg/Universal/Disk/UnicodeCollation/EnglishDxe/EnglishDxe/DEBUG/EnglishDxe.dll.lto.obj:(.bss$mHandle)
00002490 00000000     0                 mHandle
000024a0 00000024  4096 .reloc
